Processing esp32-s3-zero (platform: espressif32@6.7.0; board: waveshare_esp32_s3_zero; framework: arduino)
--------------------------------------------------------------------------------
Verbose mode can be enabled via `-v, --verbose` option
CONFIGURATION: https://docs.platformio.org/page/boards/espressif32/waveshare_esp32_s3_zero.html
PLATFORM: Espressif 32 (6.7.0) > Waveshare ESP32-S3-Zero 4MB Flash 2MB PSRAM
HARDWARE: ESP32S3 240MHz, 320KB RAM, 4MB Flash
DEBUG: Current (esp-builtin) External (cmsis-dap, esp-bridge, esp-builtin, esp-prog, iot-bus-jtag, jlink, minimodule, olimex-arm-usb-ocd, olimex-arm-usb-ocd-h, olimex-arm-usb-tiny-h, olimex-jtag-tiny, tumpa)
PACKAGES: 
 - framework-arduinoespressif32 @ 3.20016.0 (2.0.16) 
 - tool-esptoolpy @ 1.40501.0 (4.5.1) 
 - toolchain-riscv32-esp @ 8.4.0+2021r2-patch5 
 - toolchain-xtensa-esp32s3 @ 8.4.0+2021r2-patch5
LDF: Library Dependency Finder -> https://bit.ly/configure-pio-ldf
LDF Modes: Finder ~ chain, Compatibility ~ soft
Found 37 compatible libraries
Scanning dependencies...
Dependency Graph
|-- Adafruit GFX Library @ 1.11.11
|-- Adafruit ST7735 and ST7789 Library @ 1.10.4
|-- SPI @ 2.0.0
Building in release mode
Compiling .pio\build\esp32-s3-zero\src\main.cpp.o
Compiling .pio\build\esp32-s3-zero\src\math\cube_math.cpp.o
Building .pio\build\esp32-s3-zero\bootloader.bin
Generating partitions .pio\build\esp32-s3-zero\partitions.bin
esptool.py v4.5.1
Creating esp32s3 image...
Merged 1 ELF section
Successfully created esp32s3 image.
Compiling .pio\build\esp32-s3-zero\libec1\Wire\Wire.cpp.o
Compiling .pio\build\esp32-s3-zero\lib8ed\SPI\SPI.cpp.o
Compiling .pio\build\esp32-s3-zero\lib15f\Adafruit BusIO\Adafruit_BusIO_Register.cpp.o
Compiling .pio\build\esp32-s3-zero\lib15f\Adafruit BusIO\Adafruit_GenericDevice.cpp.o
Compiling .pio\build\esp32-s3-zero\lib15f\Adafruit BusIO\Adafruit_I2CDevice.cpp.o
Compiling .pio\build\esp32-s3-zero\lib15f\Adafruit BusIO\Adafruit_SPIDevice.cpp.o
Compiling .pio\build\esp32-s3-zero\lib8a6\Adafruit GFX Library\Adafruit_GFX.cpp.o
Compiling .pio\build\esp32-s3-zero\lib8a6\Adafruit GFX Library\Adafruit_GrayOLED.cpp.o
Compiling .pio\build\esp32-s3-zero\lib8a6\Adafruit GFX Library\Adafruit_SPITFT.cpp.o
Compiling .pio\build\esp32-s3-zero\lib8a6\Adafruit GFX Library\glcdfont.c.o
Compiling .pio\build\esp32-s3-zero\lib15f\Adafruit ST7735 and ST7789 Library\Adafruit_ST7735.cpp.o
Compiling .pio\build\esp32-s3-zero\lib15f\Adafruit ST7735 and ST7789 Library\Adafruit_ST7789.cpp.o
Compiling .pio\build\esp32-s3-zero\lib15f\Adafruit ST7735 and ST7789 Library\Adafruit_ST77xx.cpp.o
Compiling .pio\build\esp32-s3-zero\FrameworkArduino\Esp.cpp.o
Archiving .pio\build\esp32-s3-zero\lib8ed\libSPI.a
Archiving .pio\build\esp32-s3-zero\libec1\libWire.a
Archiving .pio\build\esp32-s3-zero\lib15f\libAdafruit BusIO.a
Compiling .pio\build\esp32-s3-zero\FrameworkArduino\FirmwareMSC.cpp.o
Compiling .pio\build\esp32-s3-zero\FrameworkArduino\FunctionalInterrupt.cpp.o
Compiling .pio\build\esp32-s3-zero\FrameworkArduino\HWCDC.cpp.o
Compiling .pio\build\esp32-s3-zero\FrameworkArduino\HardwareSerial.cpp.o
Compiling .pio\build\esp32-s3-zero\FrameworkArduino\IPAddress.cpp.o
Compiling .pio\build\esp32-s3-zero\FrameworkArduino\IPv6Address.cpp.o
Compiling .pio\build\esp32-s3-zero\FrameworkArduino\MD5Builder.cpp.o
Archiving .pio\build\esp32-s3-zero\lib8a6\libAdafruit GFX Library.a
Compiling .pio\build\esp32-s3-zero\FrameworkArduino\Print.cpp.o
Compiling .pio\build\esp32-s3-zero\FrameworkArduino\Stream.cpp.o
Compiling .pio\build\esp32-s3-zero\FrameworkArduino\StreamString.cpp.o
Compiling .pio\build\esp32-s3-zero\FrameworkArduino\Tone.cpp.o
Compiling .pio\build\esp32-s3-zero\FrameworkArduino\USB.cpp.o
Archiving .pio\build\esp32-s3-zero\lib15f\libAdafruit ST7735 and ST7789 Library.a
Compiling .pio\build\esp32-s3-zero\FrameworkArduino\USBCDC.cpp.o
Compiling .pio\build\esp32-s3-zero\FrameworkArduino\USBMSC.cpp.o
Compiling .pio\build\esp32-s3-zero\FrameworkArduino\WMath.cpp.o
Compiling .pio\build\esp32-s3-zero\FrameworkArduino\WString.cpp.o
Compiling .pio\build\esp32-s3-zero\FrameworkArduino\base64.cpp.o
Compiling .pio\build\esp32-s3-zero\FrameworkArduino\cbuf.cpp.o
Compiling .pio\build\esp32-s3-zero\FrameworkArduino\esp32-hal-adc.c.o
Compiling .pio\build\esp32-s3-zero\FrameworkArduino\esp32-hal-bt.c.o
Compiling .pio\build\esp32-s3-zero\FrameworkArduino\esp32-hal-cpu.c.o
Compiling .pio\build\esp32-s3-zero\FrameworkArduino\esp32-hal-dac.c.o
Compiling .pio\build\esp32-s3-zero\FrameworkArduino\esp32-hal-gpio.c.o
Compiling .pio\build\esp32-s3-zero\FrameworkArduino\esp32-hal-i2c-slave.c.o
Compiling .pio\build\esp32-s3-zero\FrameworkArduino\esp32-hal-i2c.c.o
Compiling .pio\build\esp32-s3-zero\FrameworkArduino\esp32-hal-ledc.c.o
Compiling .pio\build\esp32-s3-zero\FrameworkArduino\esp32-hal-matrix.c.o
Compiling .pio\build\esp32-s3-zero\FrameworkArduino\esp32-hal-misc.c.o
Compiling .pio\build\esp32-s3-zero\FrameworkArduino\esp32-hal-psram.c.o
Compiling .pio\build\esp32-s3-zero\FrameworkArduino\esp32-hal-rgb-led.c.o
Compiling .pio\build\esp32-s3-zero\FrameworkArduino\esp32-hal-rmt.c.o
Compiling .pio\build\esp32-s3-zero\FrameworkArduino\esp32-hal-sigmadelta.c.o
Compiling .pio\build\esp32-s3-zero\FrameworkArduino\esp32-hal-spi.c.o
Compiling .pio\build\esp32-s3-zero\FrameworkArduino\esp32-hal-time.c.o
Compiling .pio\build\esp32-s3-zero\FrameworkArduino\esp32-hal-timer.c.o
Compiling .pio\build\esp32-s3-zero\FrameworkArduino\esp32-hal-tinyusb.c.o
Compiling .pio\build\esp32-s3-zero\FrameworkArduino\esp32-hal-touch.c.o
Compiling .pio\build\esp32-s3-zero\FrameworkArduino\esp32-hal-uart.c.o
Compiling .pio\build\esp32-s3-zero\FrameworkArduino\firmware_msc_fat.c.o
Compiling .pio\build\esp32-s3-zero\FrameworkArduino\libb64\cdecode.c.o
Compiling .pio\build\esp32-s3-zero\FrameworkArduino\libb64\cencode.c.o
Compiling .pio\build\esp32-s3-zero\FrameworkArduino\main.cpp.o
Compiling .pio\build\esp32-s3-zero\FrameworkArduino\stdlib_noniso.c.o
Compiling .pio\build\esp32-s3-zero\FrameworkArduino\wiring_pulse.c.o
Compiling .pio\build\esp32-s3-zero\FrameworkArduino\wiring_shift.c.o
Archiving .pio\build\esp32-s3-zero\libFrameworkArduino.a
Linking .pio\build\esp32-s3-zero\firmware.elf
Retrieving maximum program size .pio\build\esp32-s3-zero\firmware.elf
Checking size .pio\build\esp32-s3-zero\firmware.elf
Advanced Memory Usage is available via "PlatformIO Home > Project Inspect"
RAM:   [=         ]   5.9% (used 19384 bytes from 327680 bytes)
Flash: [==        ]  24.1% (used 315365 bytes from 1310720 bytes)
Building .pio\build\esp32-s3-zero\firmware.bin with action:
  "$PYTHONEXE" "$OBJCOPY" --chip esp32s3 elf2image --flash_mode ${__get_board_flash_mode(__env__)} --flash_freq ${__get_board_f_image(__env__)} --flash_size 4MB --elf-sha256-offset 0xb0 -o $TARGET $SOURCES
Building .pio\build\esp32-s3-zero\firmware.bin
esptool.py v4.5.1
Creating esp32s3 image...
Merged 2 ELF sections
Successfully created esp32s3 image.
========================= [SUCCESS] Took 37.96 seconds =========================

Environment    Status    Duration
-------------  --------  ------------
esp32-s3-zero  SUCCESS   00:00:37.957
========================= 1 succeeded in 00:00:37.957 =========================
Failed to check for PlatformIO upgrades. Please check your Internet connection.
