2026-09-17T16:40:30.696+00:00	ed inactive before shared reset"}
2026-09-17T16:40:30.697+00:00	{"v":1,"type":"log","session":"s3-af6e27ac-340-1845ca18","seq":3,"message":"shared display reset pulsed once"}
2026-09-17T16:40:30.698+00:00	{"v":1,"type":"log","session":"s3-af6e27ac-340-1845ca18","seq":4,"message":"sweep initialized face px on CS8"}
2026-09-17T16:40:31.195+00:00	{"v":1,"type":"log","session":"s3-af6e27ac-340-1845ca18","seq":5,"message":"sweep initialized face nx on CS13"}
2026-09-17T16:40:31.695+00:00	{"v":1,"type":"log","session":"s3-af6e27ac-340-1845ca18","seq":6,"message":"sweep initialized face py on CS4"}
2026-09-17T16:40:32.195+00:00	{"v":1,"type":"log","session":"s3-af6e27ac-340-1845ca18","seq":7,"message":"sweep initialized face ny on CS5"}
2026-09-17T16:40:32.695+00:00	{"v":1,"type":"log","session":"s3-af6e27ac-340-1845ca18","seq":8,"message":"sweep initialized face pz on CS6"}
2026-09-17T16:40:33.196+00:00	{"v":1,"type":"log","session":"s3-af6e27ac-340-1845ca18","seq":9,"message":"sweep initialized face nz on CS7"}
2026-09-17T16:40:34.929+00:00	{"v":1,"type":"log","session":"s3-af6e27ac-340-1845ca18","seq":10,"message":"sweep painted px,nx,py,ny,pz,nz","phase":1}
2026-09-17T16:40:34.931+00:00	{"v":1,"type":"hello","session":"s3-af6e27ac-340-1845ca18","seq":11,"device":"deep-sphere-v1","inputs":"keyboard","yaw_source":"none","asset_pack":"luna-04-ocean-atlas","renderer":"procedural-live-ocean","scene_version":2,"panels":"px,nx,py,ny,pz,nz","firmware_env":"esp32-s3-zero","firmware_build":"Sep 17 2026 21:19:11","reset_reason":0,"reset_reason_name":"unknown","uptime_ms":5220,"truncated_lines":0,"stage":"serial_ready"}
2026-09-17T16:40:34.932+00:00	{"v":1,"type":"heartbeat","session":"s3-af6e27ac-340-1845ca18","seq":12,"firmware_env":"esp32-s3-zero","firmware_build":"Sep 17 2026 21:19:11","reset_reason":0,"reset_reason_name":"unknown","uptime_ms":5221,"truncated_lines":0,"stage":"loop_running","heartbeat":1}
2026-09-17T16:40:36.666+00:00	{"v":1,"type":"log","session":"s3-af6e27ac-340-1845ca18","seq":13,"message":"sweep painted px,nx,py,ny,pz,nz","phase":2}
2026-09-17T16:40:36.669+00:00	{"v":1,"type":"heartbeat","session":"s3-af6e27ac-340-1845ca18","seq":14,"firmware_env":"esp32-s3-zero","firmware_build":"Sep 17 2026 21:19:11","reset_reason":0,"reset_reason_name":"unknown","uptime_ms":6956,"truncated_lines":0,"stage":"loop_running","heartbeat":2}
2026-09-17T16:40:38.667+00:00	{"v":1,"type":"log","session":"s3-af6e27ac-340-1845ca18","seq":15,"message":"sweep painted px,nx,py,ny,pz,nz","phase":3}
2026-09-17T16:40:38.668+00:00	{"v":1,"type":"heartbeat","session":"s3-af6e27ac-340-1845ca18","seq":16,"firmware_env":"esp32-s3-zero","firmware_build":"Sep 17 2026 21:19:11","reset_reason":0,"reset_reason_name":"unknown","uptime_ms":8957,"truncated_lines":0,"stage":"loop_running","heartbeat":3}
2026-09-17T16:40:40.667+00:00	{"v":1,"type":"log","session":"s3-af6e27ac-340-1845ca18","seq":17,"message":"sweep painted px,nx,py,ny,pz,nz","phase":4}
2026-09-17T16:40:40.670+00:00	{"v":1,"type":"heartbeat","session":"s3-af6e27ac-340-1845ca18","seq":18,"firmware_env":"esp32-s3-zero","firmware_build":"Sep 17 2026 21:19:11","reset_reason":0,"reset_reason_name":"unknown","uptime_ms":10958,"truncated_lines":0,"stage":"loop_running","heartbeat":4}
2026-09-17T16:40:42.669+00:00	{"v":1,"type":"log","session":"s3-af6e27ac-340-1845ca18","seq":19,"message":"sweep painted px,nx,py,ny,pz,nz","phase":5}
2026-09-17T16:40:42.670+00:00	{"v":1,"type":"heartbeat","session":"s3-af6e27ac-340-1845ca18","seq":20,"firmware_env":"esp32-s3-zero","firmware_build":"Sep 17 2026 21:19:11","reset_reason":0,"reset_reason_name":"unknown","uptime_ms":12959,"truncated_lines":0,"stage":"loop_running","heartbeat":5}
2026-09-17T16:40:44.669+00:00	{"v":1,"type":"log","session":"s3-af6e27ac-340-1845ca18","seq":21,"message":"sweep painted px,nx,py,ny,pz,nz","phase":6}
2026-09-17T16:40:44.671+00:00	{"v":1,"type":"heartbeat","session":"s3-af6e27ac-340-1845ca18","seq":22,"firmware_env":"esp32-s3-zero","firmware_build":"Sep 17 2026 21:19:11","reset_reason":0,"reset_reason_name":"unknown","uptime_ms":14960,"truncated_lines":0,"stage":"loop_running","heartbeat":6}
2026-09-17T16:40:46.670+00:00	{"v":1,"type":"log","session":"s3-af6e27ac-340-1845ca18","seq":23,"message":"sweep painted px,nx,py,ny,pz,nz","phase":7}
2026-09-17T16:40:46.673+00:00	{"v":1,"type":"heartbeat","session":"s3-af6e27ac-340-1845ca18","seq":24,"firmware_env":"esp32-s3-zero","firmware_build":"Sep 17 2026 21:19:11","reset_reason":0,"reset_reason_name":"unknown","uptime_ms":16961,"truncated_lines":0,"stage":"loop_running","heartbeat":7}
2026-09-17T16:40:48.672+00:00	{"v":1,"type":"log","session":"s3-af6e27ac-340-1845ca18","seq":25,"message":"sweep painted px,nx,py,ny,pz,nz","phase":8}
2026-09-17T16:40:48.673+00:00	{"v":1,"type":"heartbeat","session":"s3-af6e27ac-340-1845ca18","seq":26,"firmware_env":"esp32-s3-zero","firmware_build":"Sep 17 2026 21:19:11","reset_reason":0,"reset_reason_name":"unknown","uptime_ms":18962,"truncated_lines":0,"stage":"loop_running","heartbeat":8}
2026-09-17T16:40:50.673+00:00	{"v":1,"type":"log","session":"s3-af6e27ac-340-1845ca18","seq":27,"message":"sweep painted px,nx,py,ny,pz,nz","phase":9}
2026-09-17T16:40:50.674+00:00	{"v":1,"type":"heartbeat","session":"s3-af6e27ac-340-1845ca18","seq":28,"firmware_env":"esp32-s3-zero","firmware_build":"Sep 17 2026 21:19:11","reset_reason":0,"reset_reason_name":"unknown","uptime_ms":20963,"truncated_lines":0,"stage":"loop_running","heartbeat":9}
2026-09-17T16:40:52.674+00:00	{"v":1,"type":"log","session":"s3-af6e27ac-340-1845ca18","seq":29,"message":"sweep painted px,nx,py,ny,pz,nz","phase":10}
2026-09-17T16:40:52.681+00:00	{"v":1,"type":"heartbeat","session":"s3-af6e27ac-340-1845ca18","seq":30,"firmware_env":"esp32-s3-zero","firmware_build":"Sep 17 2026 21:19:11","reset_reason":0,"reset_reason_name":"unknown","uptime_ms":22964,"truncated_lines":0,"stage":"loop_running","heartbeat":10}
2026-09-17T16:40:54.674+00:00	{"v":1,"type":"log","session":"s3-af6e27ac-340-1845ca18","seq":31,"message":"sweep painted px,nx,py,ny,pz,nz","phase":11}
2026-09-17T16:40:54.675+00:00	{"v":1,"type":"heartbeat","session":"s3-af6e27ac-340-1845ca18","seq":32,"firmware_env":"esp32-s3-zero","firmware_build":"Sep 17 2026 21:19:11","reset_reason":0,"reset_reason_name":"unknown","uptime_ms":24965,"truncated_lines":0,"stage":"loop_running","heartbeat":11}
2026-09-17T16:40:56.676+00:00	{"v":1,"type":"log","session":"s3-af6e27ac-340-1845ca18","seq":33,"message":"sweep painted px,nx,py,ny,pz,nz","phase":12}
2026-09-17T16:40:56.681+00:00	{"v":1,"type":"heartbeat","session":"s3-af6e27ac-340-1845ca18","seq":34,"firmware_env":"esp32-s3-zero","firmware_build":"Sep 17 2026 21:19:11","reset_reason":0,"reset_reason_name":"unknown","uptime_ms":26966,"truncated_lines":0,"stage":"loop_running","heartbeat":12}
2026-09-17T16:40:58.677+00:00	{"v":1,"type":"log","session":"s3-af6e27ac-340-1845ca18","seq":35,"message":"sweep painted px,nx,py,ny,pz,nz","phase":13}
2026-09-17T16:40:58.679+00:00	{"v":1,"type":"heartbeat","session":"s3-af6e27ac-340-1845ca18","seq":36,"firmware_env":"esp32-s3-zero","firmware_build":"Sep 17 2026 21:19:11","reset_reason":0,"reset_reason_name":"unknown","uptime_ms":28967,"truncated_lines":0,"stage":"loop_running","heartbeat":13}
2026-09-17T16:41:00.677+00:00	{"v":1,"type":"log","session":"s3-af6e27ac-340-1845ca18","seq":37,"message":"sweep painted px,nx,py,ny,pz,nz","phase":14}
2026-09-17T16:41:00.680+00:00	{"v":1,"type":"heartbeat","session":"s3-af6e27ac-340-1845ca18","seq":38,"firmware_env":"esp32-s3-zero","firmware_build":"Sep 17 2026 21:19:11","reset_reason":0,"reset_reason_name":"unknown","uptime_ms":30968,"truncated_lines":0,"stage":"loop_running","heartbeat":14}
2026-09-17T16:41:02.678+00:00	{"v":1,"type":"log","session":"s3-af6e27ac-340-1845ca18","seq":39,"message":"sweep painted px,nx,py,ny,pz,nz","phase":15}
2026-09-17T16:41:02.680+00:00	{"v":1,"type":"heartbeat","session":"s3-af6e27ac-340-1845ca18","seq":40,"firmware_env":"esp32-s3-zero","firmware_build":"Sep 17 2026 21:19:11","reset_reason":0,"reset_reason_name":"unknown","uptime_ms":32969,"truncated_lines":0,"stage":"loop_running","heartbeat":15}
2026-09-17T16:41:04.679+00:00	{"v":1,"type":"log","session":"s3-af6e27ac-340-1845ca18","seq":41,"message":"sweep painted px,nx,py,ny,pz,nz","phase":16}
2026-09-17T16:41:04.682+00:00	{"v":1,"type":"heartbeat","session":"s3-af6e27ac-340-1845ca18","seq":42,"firmware_env":"esp32-s3-zero","firmware_build":"Sep 17 2026 21:19:11","reset_reason":0,"reset_reason_name":"unknown","uptime_ms":34970,"truncated_lines":0,"stage":"loop_running","heartbeat":16}
2026-09-17T16:41:06.681+00:00	{"v":1,"type":"log","session":"s3-af6e27ac-340-1845ca18","seq":43,"message":"sweep painted px,nx,py,ny,pz,nz","phase":17}
2026-09-17T16:41:06.685+00:00	{"v":1,"type":"heartbeat","session":"s3-af6e27ac-340-1845ca18","seq":44,"firmware_env":"esp32-s3-zero","firmware_build":"Sep 17 2026 21:19:11","reset_reason":0,"reset_reason_name":"unknown","uptime_ms":36971,"truncated_lines":0,"stage":"loop_running","heartbeat":17}
2026-09-17T16:41:08.681+00:00	{"v":1,"type":"log","session":"s3-af6e27ac-340-1845ca18","seq":45,"message":"sweep painted px,nx,py,ny,pz,nz","phase":18}
2026-09-17T16:41:08.683+00:00	{"v":1,"type":"heartbeat","session":"s3-af6e27ac-340-1845ca18","seq":46,"firmware_env":"esp32-s3-zero","firmware_build":"Sep 17 2026 21:19:11","reset_reason":0,"reset_reason_name":"unknown","uptime_ms":38972,"truncated_lines":0,"stage":"loop_running","heartbeat":18}
2026-09-17T16:41:10.682+00:00	{"v":1,"type":"log","session":"s3-af6e27ac-340-1845ca18","seq":47,"message":"sweep painted px,nx,py,ny,pz,nz","phase":19}
2026-09-17T16:41:10.684+00:00	{"v":1,"type":"heartbeat","session":"s3-af6e27ac-340-1845ca18","seq":48,"firmware_env":"esp32-s3-zero","firmware_build":"Sep 17 2026 21:19:11","reset_reason":0,"reset_reason_name":"unknown","uptime_ms":40973,"truncated_lines":0,"stage":"loop_running","heartbeat":19}
2026-09-17T16:41:12.684+00:00	{"v":1,"type":"log","session":"s3-af6e27ac-340-1845ca18","seq":49,"message":"sweep painted px,nx,py,ny,pz,nz","phase":20}
2026-09-17T16:41:12.687+00:00	{"v":1,"type":"heartbeat","session":"s3-af6e27ac-340-1845ca18","seq":50,"firmware_env":"esp32-s3-zero","firmware_build":"Sep 17 2026 21:19:11","reset_reason":0,"reset_reason_name":"unknown","uptime_ms":42974,"truncated_lines":0,"stage":"loop_running","heartbeat":20}
2026-09-17T16:41:14.684+00:00	{"v":1,"type":"log","session":"s3-af6e27ac-340-1845ca18","seq":51,"message":"sweep painted px,nx,py,ny,pz,nz","phase":21}
2026-09-17T16:41:14.686+00:00	{"v":1,"type":"heartbeat","session":"s3-af6e27ac-340-1845ca18","seq":52,"firmware_env":"esp32-s3-zero","firmware_build":"Sep 17 2026 21:19:11","reset_reason":0,"reset_reason_name":"unknown","uptime_ms":44975,"truncated_lines":0,"stage":"loop_running","heartbeat":21}
