2026-09-17T17:29:21.252+00:00	{"v":1,"type":"log","session":"s3-af6e27ac-340-f5c39123","seq":5,"message":"sweep initialized face nx on CS13"}
2026-09-17T17:29:21.751+00:00	{"v":1,"type":"log","session":"s3-af6e27ac-340-f5c39123","seq":6,"message":"sweep initialized face py on CS4"}
2026-09-17T17:29:22.249+00:00	{"v":1,"type":"log","session":"s3-af6e27ac-340-f5c39123","seq":7,"message":"sweep initialized face ny on CS5"}
2026-09-17T17:29:22.750+00:00	{"v":1,"type":"log","session":"s3-af6e27ac-340-f5c39123","seq":8,"message":"sweep initialized face pz on CS6"}
2026-09-17T17:29:23.250+00:00	{"v":1,"type":"log","session":"s3-af6e27ac-340-f5c39123","seq":9,"message":"sweep initialized face nz on CS7"}
2026-09-17T17:29:24.983+00:00	{"v":1,"type":"log","session":"s3-af6e27ac-340-f5c39123","seq":10,"message":"sweep painted px,nx,py,ny,pz,nz","phase":1}
2026-09-17T17:29:24.985+00:00	{"v":1,"type":"hello","session":"s3-af6e27ac-340-f5c39123","seq":11,"device":"deep-sphere-v1","inputs":"keyboard","yaw_source":"none","asset_pack":"luna-04-ocean-atlas","renderer":"procedural-live-ocean","scene_version":2,"panels":"px,nx,py,ny,pz,nz","firmware_env":"esp32-s3-zero","firmware_build":"Sep 18 2026 00:11:36","reset_reason":0,"reset_reason_name":"unknown","uptime_ms":5220,"truncated_lines":0,"stage":"serial_ready"}
2026-09-17T17:29:24.985+00:00	{"v":1,"type":"heartbeat","session":"s3-af6e27ac-340-f5c39123","seq":12,"firmware_env":"esp32-s3-zero","firmware_build":"Sep 18 2026 00:11:36","reset_reason":0,"reset_reason_name":"unknown","uptime_ms":5221,"truncated_lines":0,"stage":"loop_running","heartbeat":1}
2026-09-17T17:29:26.720+00:00	{"v":1,"type":"log","session":"s3-af6e27ac-340-f5c39123","seq":13,"message":"sweep painted px,nx,py,ny,pz,nz","phase":2}
2026-09-17T17:29:26.721+00:00	{"v":1,"type":"heartbeat","session":"s3-af6e27ac-340-f5c39123","seq":14,"firmware_env":"esp32-s3-zero","firmware_build":"Sep 18 2026 00:11:36","reset_reason":0,"reset_reason_name":"unknown","uptime_ms":6956,"truncated_lines":0,"stage":"loop_running","heartbeat":2}
2026-09-17T17:29:28.720+00:00	{"v":1,"type":"log","session":"s3-af6e27ac-340-f5c39123","seq":15,"message":"sweep painted px,nx,py,ny,pz,nz","phase":3}
2026-09-17T17:29:28.721+00:00	{"v":1,"type":"heartbeat","session":"s3-af6e27ac-340-f5c39123","seq":16,"firmware_env":"esp32-s3-zero","firmware_build":"Sep 18 2026 00:11:36","reset_reason":0,"reset_reason_name":"unknown","uptime_ms":8957,"truncated_lines":0,"stage":"loop_running","heartbeat":3}
2026-09-17T17:29:30.722+00:00	{"v":1,"type":"log","session":"s3-af6e27ac-340-f5c39123","seq":17,"message":"sweep painted px,nx,py,ny,pz,nz","phase":4}
2026-09-17T17:29:30.723+00:00	{"v":1,"type":"heartbeat","session":"s3-af6e27ac-340-f5c39123","seq":18,"firmware_env":"esp32-s3-zero","firmware_build":"Sep 18 2026 00:11:36","reset_reason":0,"reset_reason_name":"unknown","uptime_ms":10958,"truncated_lines":0,"stage":"loop_running","heartbeat":4}
2026-09-17T17:29:32.724+00:00	{"v":1,"type":"log","session":"s3-af6e27ac-340-f5c39123","seq":19,"message":"sweep painted px,nx,py,ny,pz,nz","phase":5}
2026-09-17T17:29:32.725+00:00	{"v":1,"type":"heartbeat","session":"s3-af6e27ac-340-f5c39123","seq":20,"firmware_env":"esp32-s3-zero","firmware_build":"Sep 18 2026 00:11:36","reset_reason":0,"reset_reason_name":"unknown","uptime_ms":12959,"truncated_lines":0,"stage":"loop_running","heartbeat":5}
2026-09-17T17:29:34.724+00:00	{"v":1,"type":"log","session":"s3-af6e27ac-340-f5c39123","seq":21,"message":"sweep painted px,nx,py,ny,pz,nz","phase":6}
2026-09-17T17:29:34.725+00:00	{"v":1,"type":"heartbeat","session":"s3-af6e27ac-340-f5c39123","seq":22,"firmware_env":"esp32-s3-zero","firmware_build":"Sep 18 2026 00:11:36","reset_reason":0,"reset_reason_name":"unknown","uptime_ms":14960,"truncated_lines":0,"stage":"loop_running","heartbeat":6}
2026-09-17T17:29:36.725+00:00	{"v":1,"type":"log","session":"s3-af6e27ac-340-f5c39123","seq":23,"message":"sweep painted px,nx,py,ny,pz,nz","phase":7}
2026-09-17T17:29:36.728+00:00	{"v":1,"type":"heartbeat","session":"s3-af6e27ac-340-f5c39123","seq":24,"firmware_env":"esp32-s3-zero","firmware_build":"Sep 18 2026 00:11:36","reset_reason":0,"reset_reason_name":"unknown","uptime_ms":16961,"truncated_lines":0,"stage":"loop_running","heartbeat":7}
2026-09-17T17:29:38.726+00:00	{"v":1,"type":"log","session":"s3-af6e27ac-340-f5c39123","seq":25,"message":"sweep painted px,nx,py,ny,pz,nz","phase":8}
2026-09-17T17:29:38.728+00:00	{"v":1,"type":"heartbeat","session":"s3-af6e27ac-340-f5c39123","seq":26,"firmware_env":"esp32-s3-zero","firmware_build":"Sep 18 2026 00:11:36","reset_reason":0,"reset_reason_name":"unknown","uptime_ms":18962,"truncated_lines":0,"stage":"loop_running","heartbeat":8}
2026-09-17T17:29:40.727+00:00	{"v":1,"type":"log","session":"s3-af6e27ac-340-f5c39123","seq":27,"message":"sweep painted px,nx,py,ny,pz,nz","phase":9}
2026-09-17T17:29:40.728+00:00	{"v":1,"type":"heartbeat","session":"s3-af6e27ac-340-f5c39123","seq":28,"firmware_env":"esp32-s3-zero","firmware_build":"Sep 18 2026 00:11:36","reset_reason":0,"reset_reason_name":"unknown","uptime_ms":20963,"truncated_lines":0,"stage":"loop_running","heartbeat":9}
2026-09-17T17:29:42.726+00:00	{"v":1,"type":"log","session":"s3-af6e27ac-340-f5c39123","seq":29,"message":"sweep painted px,nx,py,ny,pz,nz","phase":10}
2026-09-17T17:29:42.727+00:00	{"v":1,"type":"heartbeat","session":"s3-af6e27ac-340-f5c39123","seq":30,"firmware_env":"esp32-s3-zero","firmware_build":"Sep 18 2026 00:11:36","reset_reason":0,"reset_reason_name":"unknown","uptime_ms":22964,"truncated_lines":0,"stage":"loop_running","heartbeat":10}
2026-09-17T17:29:44.729+00:00	{"v":1,"type":"log","session":"s3-af6e27ac-340-f5c39123","seq":31,"message":"sweep painted px,nx,py,ny,pz,nz","phase":11}
2026-09-17T17:29:44.732+00:00	{"v":1,"type":"heartbeat","session":"s3-af6e27ac-340-f5c39123","seq":32,"firmware_env":"esp32-s3-zero","firmware_build":"Sep 18 2026 00:11:36","reset_reason":0,"reset_reason_name":"unknown","uptime_ms":24965,"truncated_lines":0,"stage":"loop_running","heartbeat":11}
2026-09-17T17:29:46.730+00:00	{"v":1,"type":"log","session":"s3-af6e27ac-340-f5c39123","seq":33,"message":"sweep painted px,nx,py,ny,pz,nz","phase":12}
2026-09-17T17:29:46.732+00:00	{"v":1,"type":"heartbeat","session":"s3-af6e27ac-340-f5c39123","seq":34,"firmware_env":"esp32-s3-zero","firmware_build":"Sep 18 2026 00:11:36","reset_reason":0,"reset_reason_name":"unknown","uptime_ms":26966,"truncated_lines":0,"stage":"loop_running","heartbeat":12}
2026-09-17T17:29:48.731+00:00	{"v":1,"type":"log","session":"s3-af6e27ac-340-f5c39123","seq":35,"message":"sweep painted px,nx,py,ny,pz,nz","phase":13}
2026-09-17T17:29:48.732+00:00	{"v":1,"type":"heartbeat","session":"s3-af6e27ac-340-f5c39123","seq":36,"firmware_env":"esp32-s3-zero","firmware_build":"Sep 18 2026 00:11:36","reset_reason":0,"reset_reason_name":"unknown","uptime_ms":28967,"truncated_lines":0,"stage":"loop_running","heartbeat":13}
2026-09-17T17:29:50.730+00:00	{"v":1,"type":"log","session":"s3-af6e27ac-340-f5c39123","seq":37,"message":"sweep painted px,nx,py,ny,pz,nz","phase":14}
2026-09-17T17:29:50.731+00:00	{"v":1,"type":"heartbeat","session":"s3-af6e27ac-340-f5c39123","seq":38,"firmware_env":"esp32-s3-zero","firmware_build":"Sep 18 2026 00:11:36","reset_reason":0,"reset_reason_name":"unknown","uptime_ms":30968,"truncated_lines":0,"stage":"loop_running","heartbeat":14}
2026-09-17T17:29:52.731+00:00	{"v":1,"type":"log","session":"s3-af6e27ac-340-f5c39123","seq":39,"message":"sweep painted px,nx,py,ny,pz,nz","phase":15}
2026-09-17T17:29:52.734+00:00	{"v":1,"type":"heartbeat","session":"s3-af6e27ac-340-f5c39123","seq":40,"firmware_env":"esp32-s3-zero","firmware_build":"Sep 18 2026 00:11:36","reset_reason":0,"reset_reason_name":"unknown","uptime_ms":32969,"truncated_lines":0,"stage":"loop_running","heartbeat":15}
2026-09-17T17:29:54.732+00:00	{"v":1,"type":"log","session":"s3-af6e27ac-340-f5c39123","seq":41,"message":"sweep painted px,nx,py,ny,pz,nz","phase":16}
2026-09-17T17:29:54.733+00:00	{"v":1,"type":"heartbeat","session":"s3-af6e27ac-340-f5c39123","seq":42,"firmware_env":"esp32-s3-zero","firmware_build":"Sep 18 2026 00:11:36","reset_reason":0,"reset_reason_name":"unknown","uptime_ms":34970,"truncated_lines":0,"stage":"loop_running","heartbeat":16}
2026-09-17T17:29:56.734+00:00	{"v":1,"type":"log","session":"s3-af6e27ac-340-f5c39123","seq":43,"message":"sweep painted px,nx,py,ny,pz,nz","phase":17}
2026-09-17T17:29:56.736+00:00	{"v":1,"type":"heartbeat","session":"s3-af6e27ac-340-f5c39123","seq":44,"firmware_env":"esp32-s3-zero","firmware_build":"Sep 18 2026 00:11:36","reset_reason":0,"reset_reason_name":"unknown","uptime_ms":36971,"truncated_lines":0,"stage":"loop_running","heartbeat":17}
2026-09-17T17:29:58.735+00:00	{"v":1,"type":"log","session":"s3-af6e27ac-340-f5c39123","seq":45,"message":"sweep painted px,nx,py,ny,pz,nz","phase":18}
2026-09-17T17:29:58.736+00:00	{"v":1,"type":"heartbeat","session":"s3-af6e27ac-340-f5c39123","seq":46,"firmware_env":"esp32-s3-zero","firmware_build":"Sep 18 2026 00:11:36","reset_reason":0,"reset_reason_name":"unknown","uptime_ms":38972,"truncated_lines":0,"stage":"loop_running","heartbeat":18}
2026-09-17T17:30:00.736+00:00	{"v":1,"type":"log","session":"s3-af6e27ac-340-f5c39123","seq":47,"message":"sweep painted px,nx,py,ny,pz,nz","phase":19}
2026-09-17T17:30:00.739+00:00	{"v":1,"type":"heartbeat","session":"s3-af6e27ac-340-f5c39123","seq":48,"firmware_env":"esp32-s3-zero","firmware_build":"Sep 18 2026 00:11:36","reset_reason":0,"reset_reason_name":"unknown","uptime_ms":40973,"truncated_lines":0,"stage":"loop_running","heartbeat":19}
2026-09-17T17:30:02.738+00:00	{"v":1,"type":"log","session":"s3-af6e27ac-340-f5c39123","seq":49,"message":"sweep painted px,nx,py,ny,pz,nz","phase":20}
2026-09-17T17:30:02.740+00:00	{"v":1,"type":"heartbeat","session":"s3-af6e27ac-340-f5c39123","seq":50,"firmware_env":"esp32-s3-zero","firmware_build":"Sep 18 2026 00:11:36","reset_reason":0,"reset_reason_name":"unknown","uptime_ms":42974,"truncated_lines":0,"stage":"loop_running","heartbeat":20}
2026-09-17T17:30:04.739+00:00	{"v":1,"type":"log","session":"s3-af6e27ac-340-f5c39123","seq":51,"message":"sweep painted px,nx,py,ny,pz,nz","phase":21}
2026-09-17T17:30:04.741+00:00	{"v":1,"type":"heartbeat","session":"s3-af6e27ac-340-f5c39123","seq":52,"firmware_env":"esp32-s3-zero","firmware_build":"Sep 18 2026 00:11:36","reset_reason":0,"reset_reason_name":"unknown","uptime_ms":44975,"truncated_lines":0,"stage":"loop_running","heartbeat":21}
2026-09-17T17:30:06.738+00:00	{"v":1,"type":"log","session":"s3-af6e27ac-340-f5c39123","seq":53,"message":"sweep painted px,nx,py,ny,pz,nz","phase":22}
2026-09-17T17:30:06.740+00:00	{"v":1,"type":"heartbeat","session":"s3-af6e27ac-340-f5c39123","seq":54,"firmware_env":"esp32-s3-zero","firmware_build":"Sep 18 2026 00:11:36","reset_reason":0,"reset_reason_name":"unknown","uptime_ms":46976,"truncated_lines":0,"stage":"loop_running","heartbeat":22}
2026-09-17T17:30:08.740+00:00	{"v":1,"type":"log","session":"s3-af6e27ac-340-f5c39123","seq":55,"message":"sweep painted px,nx,py,ny,pz,nz","phase":23}
2026-09-17T17:30:08.742+00:00	{"v":1,"type":"heartbeat","session":"s3-af6e27ac-340-f5c39123","seq":56,"firmware_env":"esp32-s3-zero","firmware_build":"Sep 18 2026 00:11:36","reset_reason":0,"reset_reason_name":"unknown","uptime_ms":48977,"truncated_lines":0,"stage":"loop_running","heartbeat":23}
2026-09-17T17:30:10.741+00:00	{"v":1,"type":"log","session":"s3-af6e27ac-340-f5c39123","seq":57,"message":"sweep painted px,nx,py,ny,pz,nz","phase":24}
2026-09-17T17:30:10.743+00:00	{"v":1,"type":"heartbeat","session":"s3-af6e27ac-340-f5c39123","seq":58,"firmware_env":"esp32-s3-zero","firmware_build":"Sep 18 2026 00:11:36","reset_reason":0,"reset_reason_name":"unknown","uptime_ms":50978,"truncated_lines":0,"stage":"loop_running","heartbeat":24}
2026-09-17T17:30:12.742+00:00	{"v":1,"type":"log","session":"s3-af6e27ac-340-f5c39123","seq":59,"message":"sweep painted px,nx,py,ny,pz,nz","phase":25}
2026-09-17T17:30:12.744+00:00	{"v":1,"type":"heartbeat","session":"s3-af6e27ac-340-f5c39123","seq":60,"firmware_env":"esp32-s3-zero","firmware_build":"Sep 18 2026 00:11:36","reset_reason":0,"reset_reason_name":"unknown","uptime_ms":52979,"truncated_lines":0,"stage":"loop_running","heartbeat":25}
2026-09-17T17:30:14.743+00:00	{"v":1,"type":"log","session":"s3-af6e27ac-340-f5c39123","seq":61,"message":"sweep painted px,nx,py,ny,pz,nz","phase":26}
2026-09-17T17:30:14.745+00:00	{"v":1,"type":"heartbeat","session":"s3-af6e27ac-340-f5c39123","seq":62,"firmware_env":"esp32-s3-zero","firmware_build":"Sep 18 2026 00:11:36","reset_reason":0,"reset_reason_name":"unknown","uptime_ms":54980,"truncated_lines":0,"stage":"loop_running","heartbeat":26}
2026-09-17T17:30:16.743+00:00	{"v":1,"type":"log","session":"s3-af6e27ac-340-f5c39123","seq":63,"message":"sweep painted px,nx,py,ny,pz,nz","phase":27}
2026-09-17T17:30:16.745+00:00	{"v":1,"type":"heartbeat","session":"s3-af6e27ac-340-f5c39123","seq":64,"firmware_env":"esp32-s3-zero","firmware_build":"Sep 18 2026 00:11:36","reset_reason":0,"reset_reason_name":"unknown","uptime_ms":56981,"truncated_lines":0,"stage":"loop_running","heartbeat":27}
2026-09-17T17:30:18.745+00:00	{"v":1,"type":"log","session":"s3-af6e27ac-340-f5c39123","seq":65,"message":"sweep painted px,nx,py,ny,pz,nz","phase":28}
2026-09-17T17:30:18.746+00:00	{"v":1,"type":"heartbeat","session":"s3-af6e27ac-340-f5c39123","seq":66,"firmware_env":"esp32-s3-zero","firmware_build":"Sep 18 2026 00:11:36","reset_reason":0,"reset_reason_name":"unknown","uptime_ms":58982,"truncated_lines":0,"stage":"loop_running","heartbeat":28}
2026-09-17T17:30:20.745+00:00	{"v":1,"type":"log","session":"s3-af6e27ac-340-f5c39123","seq":67,"message":"sweep painted px,nx,py,ny,pz,nz","phase":29}
2026-09-17T17:30:20.747+00:00	{"v":1,"type":"heartbeat","session":"s3-af6e27ac-340-f5c39123","seq":68,"firmware_env":"esp32-s3-zero","firmware_build":"Sep 18 2026 00:11:36","reset_reason":0,"reset_reason_name":"unknown","uptime_ms":60983,"truncated_lines":0,"stage":"loop_running","heartbeat":29}
2026-09-17T17:30:22.746+00:00	{"v":1,"type":"log","session":"s3-af6e27ac-340-f5c39123","seq":69,"message":"sweep painted px,nx,py,ny,pz,nz","phase":30}
2026-09-17T17:30:22.748+00:00	{"v":1,"type":"heartbeat","session":"s3-af6e27ac-340-f5c39123","seq":70,"firmware_env":"esp32-s3-zero","firmware_build":"Sep 18 2026 00:11:36","reset_reason":0,"reset_reason_name":"unknown","uptime_ms":62984,"truncated_lines":0,"stage":"loop_running","heartbeat":30}
2026-09-17T17:30:24.748+00:00	{"v":1,"type":"log","session":"s3-af6e27ac-340-f5c39123","seq":71,"message":"sweep painted px,nx,py,ny,pz,nz","phase":31}
2026-09-17T17:30:24.749+00:00	{"v":1,"type":"heartbeat","session":"s3-af6e27ac-340-f5c39123","seq":72,"firmware_env":"esp32-s3-zero","firmware_build":"Sep 18 2026 00:11:36","reset_reason":0,"reset_reason_name":"unknown","uptime_ms":64985,"truncated_lines":0,"stage":"loop_running","heartbeat":31}
2026-09-17T17:30:26.749+00:00	{"v":1,"type":"log","session":"s3-af6e27ac-340-f5c39123","seq":73,"message":"sweep painted px,nx,py,ny,pz,nz","phase":32}
2026-09-17T17:30:26.750+00:00	{"v":1,"type":"heartbeat","session":"s3-af6e27ac-340-f5c39123","seq":74,"firmware_env":"esp32-s3-zero","firmware_build":"Sep 18 2026 00:11:36","reset_reason":0,"reset_reason_name":"unknown","uptime_ms":66986,"truncated_lines":0,"stage":"loop_running","heartbeat":32}
2026-09-17T17:30:28.749+00:00	{"v":1,"type":"log","session":"s3-af6e27ac-340-f5c39123","seq":75,"message":"sweep painted px,nx,py,ny,pz,nz","phase":33}
2026-09-17T17:30:28.750+00:00	{"v":1,"type":"heartbeat","session":"s3-af6e27ac-340-f5c39123","seq":76,"firmware_env":"esp32-s3-zero","firmware_build":"Sep 18 2026 00:11:36","reset_reason":0,"reset_reason_name":"unknown","uptime_ms":68987,"truncated_lines":0,"stage":"loop_running","heartbeat":33}
2026-09-17T17:32:57.771+00:00	ed inactive before shared reset"}
2026-09-17T17:32:57.772+00:00	{"v":1,"type":"log","session":"s3-af6e27ac-337-8ccf2c43","seq":3,"message":"shared display reset pulsed once"}
2026-09-17T17:32:57.774+00:00	{"v":1,"type":"log","session":"s3-af6e27ac-337-8ccf2c43","seq":4,"message":"sweep initialized face px on CS8"}
2026-09-17T17:32:58.271+00:00	{"v":1,"type":"log","session":"s3-af6e27ac-337-8ccf2c43","seq":5,"message":"sweep initialized face nx on CS13"}
2026-09-17T17:32:58.771+00:00	{"v":1,"type":"log","session":"s3-af6e27ac-337-8ccf2c43","seq":6,"message":"sweep initialized face py on CS4"}
2026-09-17T17:32:59.271+00:00	{"v":1,"type":"log","session":"s3-af6e27ac-337-8ccf2c43","seq":7,"message":"sweep initialized face ny on CS5"}
2026-09-17T17:32:59.771+00:00	{"v":1,"type":"log","session":"s3-af6e27ac-337-8ccf2c43","seq":8,"message":"sweep initialized face pz on CS6"}
2026-09-17T17:33:00.271+00:00	{"v":1,"type":"log","session":"s3-af6e27ac-337-8ccf2c43","seq":9,"message":"sweep initialized face nz on CS7"}
2026-09-17T17:33:02.005+00:00	{"v":1,"type":"log","session":"s3-af6e27ac-337-8ccf2c43","seq":10,"message":"sweep painted px,nx,py,ny,pz,nz","phase":1}
2026-09-17T17:33:02.005+00:00	{"v":1,"type":"hello","session":"s3-af6e27ac-337-8ccf2c43","seq":11,"device":"deep-sphere-v1","inputs":"keyboard","yaw_source":"none","asset_pack":"luna-04-ocean-atlas","renderer":"procedural-live-ocean","scene_version":2,"panels":"px,nx,py,ny,pz,nz","firmware_env":"esp32-s3-zero","firmware_build":"Sep 18 2026 00:11:36","reset_reason":1,"reset_reason_name":"poweron","uptime_ms":5217,"truncated_lines":0,"stage":"serial_ready"}
2026-09-17T17:33:02.006+00:00	{"v":1,"type":"heartbeat","session":"s3-af6e27ac-337-8ccf2c43","seq":12,"firmware_env":"esp32-s3-zero","firmware_build":"Sep 18 2026 00:11:36","reset_reason":1,"reset_reason_name":"poweron","uptime_ms":5218,"truncated_lines":0,"stage":"loop_running","heartbeat":1}
2026-09-17T17:33:03.741+00:00	{"v":1,"type":"log","session":"s3-af6e27ac-337-8ccf2c43","seq":13,"message":"sweep painted px,nx,py,ny,pz,nz","phase":2}
2026-09-17T17:33:03.742+00:00	{"v":1,"type":"heartbeat","session":"s3-af6e27ac-337-8ccf2c43","seq":14,"firmware_env":"esp32-s3-zero","firmware_build":"Sep 18 2026 00:11:36","reset_reason":1,"reset_reason_name":"poweron","uptime_ms":6953,"truncated_lines":0,"stage":"loop_running","heartbeat":2}
2026-09-17T17:33:05.743+00:00	{"v":1,"type":"log","session":"s3-af6e27ac-337-8ccf2c43","seq":15,"message":"sweep painted px,nx,py,ny,pz,nz","phase":3}
2026-09-17T17:33:05.745+00:00	{"v":1,"type":"heartbeat","session":"s3-af6e27ac-337-8ccf2c43","seq":16,"firmware_env":"esp32-s3-zero","firmware_build":"Sep 18 2026 00:11:36","reset_reason":1,"reset_reason_name":"poweron","uptime_ms":8954,"truncated_lines":0,"stage":"loop_running","heartbeat":3}
2026-09-17T17:33:07.743+00:00	{"v":1,"type":"log","session":"s3-af6e27ac-337-8ccf2c43","seq":17,"message":"sweep painted px,nx,py,ny,pz,nz","phase":4}
2026-09-17T17:33:07.745+00:00	{"v":1,"type":"heartbeat","session":"s3-af6e27ac-337-8ccf2c43","seq":18,"firmware_env":"esp32-s3-zero","firmware_build":"Sep 18 2026 00:11:36","reset_reason":1,"reset_reason_name":"poweron","uptime_ms":10955,"truncated_lines":0,"stage":"loop_running","heartbeat":4}
2026-09-17T17:33:09.745+00:00	{"v":1,"type":"log","session":"s3-af6e27ac-337-8ccf2c43","seq":19,"message":"sweep painted px,nx,py,ny,pz,nz","phase":5}
2026-09-17T17:33:09.747+00:00	{"v":1,"type":"heartbeat","session":"s3-af6e27ac-337-8ccf2c43","seq":20,"firmware_env":"esp32-s3-zero","firmware_build":"Sep 18 2026 00:11:36","reset_reason":1,"reset_reason_name":"poweron","uptime_ms":12956,"truncated_lines":0,"stage":"loop_running","heartbeat":5}
2026-09-17T17:33:11.745+00:00	{"v":1,"type":"log","session":"s3-af6e27ac-337-8ccf2c43","seq":21,"message":"sweep painted px,nx,py,ny,pz,nz","phase":6}
2026-09-17T17:33:11.747+00:00	{"v":1,"type":"heartbeat","session":"s3-af6e27ac-337-8ccf2c43","seq":22,"firmware_env":"esp32-s3-zero","firmware_build":"Sep 18 2026 00:11:36","reset_reason":1,"reset_reason_name":"poweron","uptime_ms":14957,"truncated_lines":0,"stage":"loop_running","heartbeat":6}
2026-09-17T17:33:13.746+00:00	{"v":1,"type":"log","session":"s3-af6e27ac-337-8ccf2c43","seq":23,"message":"sweep painted px,nx,py,ny,pz,nz","phase":7}
2026-09-17T17:33:13.748+00:00	{"v":1,"type":"heartbeat","session":"s3-af6e27ac-337-8ccf2c43","seq":24,"firmware_env":"esp32-s3-zero","firmware_build":"Sep 18 2026 00:11:36","reset_reason":1,"reset_reason_name":"poweron","uptime_ms":16958,"truncated_lines":0,"stage":"loop_running","heartbeat":7}
2026-09-17T17:33:15.747+00:00	{"v":1,"type":"log","session":"s3-af6e27ac-337-8ccf2c43","seq":25,"message":"sweep painted px,nx,py,ny,pz,nz","phase":8}
2026-09-17T17:33:15.748+00:00	{"v":1,"type":"heartbeat","session":"s3-af6e27ac-337-8ccf2c43","seq":26,"firmware_env":"esp32-s3-zero","firmware_build":"Sep 18 2026 00:11:36","reset_reason":1,"reset_reason_name":"poweron","uptime_ms":18959,"truncated_lines":0,"stage":"loop_running","heartbeat":8}
2026-09-17T17:33:17.748+00:00	{"v":1,"type":"log","session":"s3-af6e27ac-337-8ccf2c43","seq":27,"message":"sweep painted px,nx,py,ny,pz,nz","phase":9}
2026-09-17T17:33:17.749+00:00	{"v":1,"type":"heartbeat","session":"s3-af6e27ac-337-8ccf2c43","seq":28,"firmware_env":"esp32-s3-zero","firmware_build":"Sep 18 2026 00:11:36","reset_reason":1,"reset_reason_name":"poweron","uptime_ms":20960,"truncated_lines":0,"stage":"loop_running","heartbeat":9}
2026-09-17T17:33:19.749+00:00	{"v":1,"type":"log","session":"s3-af6e27ac-337-8ccf2c43","seq":29,"message":"sweep painted px,nx,py,ny,pz,nz","phase":10}
2026-09-17T17:33:19.750+00:00	{"v":1,"type":"heartbeat","session":"s3-af6e27ac-337-8ccf2c43","seq":30,"firmware_env":"esp32-s3-zero","firmware_build":"Sep 18 2026 00:11:36","reset_reason":1,"reset_reason_name":"poweron","uptime_ms":22961,"truncated_lines":0,"stage":"loop_running","heartbeat":10}
2026-09-17T17:33:21.749+00:00	{"v":1,"type":"log","session":"s3-af6e27ac-337-8ccf2c43","seq":31,"message":"sweep painted px,nx,py,ny,pz,nz","phase":11}
2026-09-17T17:33:21.750+00:00	{"v":1,"type":"heartbeat","session":"s3-af6e27ac-337-8ccf2c43","seq":32,"firmware_env":"esp32-s3-zero","firmware_build":"Sep 18 2026 00:11:36","reset_reason":1,"reset_reason_name":"poweron","uptime_ms":24962,"truncated_lines":0,"stage":"loop_running","heartbeat":11}
2026-09-17T17:33:23.750+00:00	{"v":1,"type":"log","session":"s3-af6e27ac-337-8ccf2c43","seq":33,"message":"sweep painted px,nx,py,ny,pz,nz","phase":12}
2026-09-17T17:33:23.751+00:00	{"v":1,"type":"heartbeat","session":"s3-af6e27ac-337-8ccf2c43","seq":34,"firmware_env":"esp32-s3-zero","firmware_build":"Sep 18 2026 00:11:36","reset_reason":1,"reset_reason_name":"poweron","uptime_ms":26963,"truncated_lines":0,"stage":"loop_running","heartbeat":12}
2026-09-17T17:33:25.752+00:00	{"v":1,"type":"log","session":"s3-af6e27ac-337-8ccf2c43","seq":35,"message":"sweep painted px,nx,py,ny,pz,nz","phase":13}
2026-09-17T17:33:25.754+00:00	{"v":1,"type":"heartbeat","session":"s3-af6e27ac-337-8ccf2c43","seq":36,"firmware_env":"esp32-s3-zero","firmware_build":"Sep 18 2026 00:11:36","reset_reason":1,"reset_reason_name":"poweron","uptime_ms":28964,"truncated_lines":0,"stage":"loop_running","heartbeat":13}
2026-09-17T17:33:27.753+00:00	{"v":1,"type":"log","session":"s3-af6e27ac-337-8ccf2c43","seq":37,"message":"sweep painted px,nx,py,ny,pz,nz","phase":14}
2026-09-17T17:33:27.754+00:00	{"v":1,"type":"heartbeat","session":"s3-af6e27ac-337-8ccf2c43","seq":38,"firmware_env":"esp32-s3-zero","firmware_build":"Sep 18 2026 00:11:36","reset_reason":1,"reset_reason_name":"poweron","uptime_ms":30965,"truncated_lines":0,"stage":"loop_running","heartbeat":14}
2026-09-17T17:33:29.753+00:00	{"v":1,"type":"log","session":"s3-af6e27ac-337-8ccf2c43","seq":39,"message":"sweep painted px,nx,py,ny,pz,nz","phase":15}
2026-09-17T17:33:29.754+00:00	{"v":1,"type":"heartbeat","session":"s3-af6e27ac-337-8ccf2c43","seq":40,"firmware_env":"esp32-s3-zero","firmware_build":"Sep 18 2026 00:11:36","reset_reason":1,"reset_reason_name":"poweron","uptime_ms":32966,"truncated_lines":0,"stage":"loop_running","heartbeat":15}
2026-09-17T17:33:31.754+00:00	{"v":1,"type":"log","session":"s3-af6e27ac-337-8ccf2c43","seq":41,"message":"sweep painted px,nx,py,ny,pz,nz","phase":16}
2026-09-17T17:33:31.756+00:00	{"v":1,"type":"heartbeat","session":"s3-af6e27ac-337-8ccf2c43","seq":42,"firmware_env":"esp32-s3-zero","firmware_build":"Sep 18 2026 00:11:36","reset_reason":1,"reset_reason_name":"poweron","uptime_ms":34967,"truncated_lines":0,"stage":"loop_running","heartbeat":16}
2026-09-17T17:33:33.755+00:00	{"v":1,"type":"log","session":"s3-af6e27ac-337-8ccf2c43","seq":43,"message":"sweep painted px,nx,py,ny,pz,nz","phase":17}
2026-09-17T17:33:33.757+00:00	{"v":1,"type":"heartbeat","session":"s3-af6e27ac-337-8ccf2c43","seq":44,"firmware_env":"esp32-s3-zero","firmware_build":"Sep 18 2026 00:11:36","reset_reason":1,"reset_reason_name":"poweron","uptime_ms":36968,"truncated_lines":0,"stage":"loop_running","heartbeat":17}
2026-09-17T17:33:35.756+00:00	{"v":1,"type":"log","session":"s3-af6e27ac-337-8ccf2c43","seq":45,"message":"sweep painted px,nx,py,ny,pz,nz","phase":18}
2026-09-17T17:33:35.759+00:00	{"v":1,"type":"heartbeat","session":"s3-af6e27ac-337-8ccf2c43","seq":46,"firmware_env":"esp32-s3-zero","firmware_build":"Sep 18 2026 00:11:36","reset_reason":1,"reset_reason_name":"poweron","uptime_ms":38969,"truncated_lines":0,"stage":"loop_running","heartbeat":18}
2026-09-17T17:33:37.757+00:00	{"v":1,"type":"log","session":"s3-af6e27ac-337-8ccf2c43","seq":47,"message":"sweep painted px,nx,py,ny,pz,nz","phase":19}
2026-09-17T17:33:37.757+00:00	{"v":1,"type":"heartbeat","session":"s3-af6e27ac-337-8ccf2c43","seq":48,"firmware_env":"esp32-s3-zero","firmware_build":"Sep 18 2026 00:11:36","reset_reason":1,"reset_reason_name":"poweron","uptime_ms":40970,"truncated_lines":0,"stage":"loop_running","heartbeat":19}
2026-09-17T17:33:39.758+00:00	{"v":1,"type":"log","session":"s3-af6e27ac-337-8ccf2c43","seq":49,"message":"sweep painted px,nx,py,ny,pz,nz","phase":20}
2026-09-17T17:33:39.760+00:00	{"v":1,"type":"heartbeat","session":"s3-af6e27ac-337-8ccf2c43","seq":50,"firmware_env":"esp32-s3-zero","firmware_build":"Sep 18 2026 00:11:36","reset_reason":1,"reset_reason_name":"poweron","uptime_ms":42971,"truncated_lines":0,"stage":"loop_running","heartbeat":20}
2026-09-17T17:33:41.759+00:00	{"v":1,"type":"log","session":"s3-af6e27ac-337-8ccf2c43","seq":51,"message":"sweep painted px,nx,py,ny,pz,nz","phase":21}
2026-09-17T17:33:41.760+00:00	{"v":1,"type":"heartbeat","session":"s3-af6e27ac-337-8ccf2c43","seq":52,"firmware_env":"esp32-s3-zero","firmware_build":"Sep 18 2026 00:11:36","reset_reason":1,"reset_reason_name":"poweron","uptime_ms":44972,"truncated_lines":0,"stage":"loop_running","heartbeat":21}
2026-09-17T17:33:43.760+00:00	{"v":1,"type":"log","session":"s3-af6e27ac-337-8ccf2c43","seq":53,"message":"sweep painted px,nx,py,ny,pz,nz","phase":22}
2026-09-17T17:33:43.761+00:00	{"v":1,"type":"heartbeat","session":"s3-af6e27ac-337-8ccf2c43","seq":54,"firmware_env":"esp32-s3-zero","firmware_build":"Sep 18 2026 00:11:36","reset_reason":1,"reset_reason_name":"poweron","uptime_ms":46973,"truncated_lines":0,"stage":"loop_running","heartbeat":22}
2026-09-17T17:33:45.760+00:00	{"v":1,"type":"log","session":"s3-af6e27ac-337-8ccf2c43","seq":55,"message":"sweep painted px,nx,py,ny,pz,nz","phase":23}
2026-09-17T17:33:45.762+00:00	{"v":1,"type":"heartbeat","session":"s3-af6e27ac-337-8ccf2c43","seq":56,"firmware_env":"esp32-s3-zero","firmware_build":"Sep 18 2026 00:11:36","reset_reason":1,"reset_reason_name":"poweron","uptime_ms":48974,"truncated_lines":0,"stage":"loop_running","heartbeat":23}
2026-09-17T17:33:47.762+00:00	{"v":1,"type":"log","session":"s3-af6e27ac-337-8ccf2c43","seq":57,"message":"sweep painted px,nx,py,ny,pz,nz","phase":24}
2026-09-17T17:33:47.763+00:00	{"v":1,"type":"heartbeat","session":"s3-af6e27ac-337-8ccf2c43","seq":58,"firmware_env":"esp32-s3-zero","firmware_build":"Sep 18 2026 00:11:36","reset_reason":1,"reset_reason_name":"poweron","uptime_ms":50975,"truncated_lines":0,"stage":"loop_running","heartbeat":24}
2026-09-17T17:33:49.763+00:00	{"v":1,"type":"log","session":"s3-af6e27ac-337-8ccf2c43","seq":59,"message":"sweep painted px,nx,py,ny,pz,nz","phase":25}
2026-09-17T17:33:49.764+00:00	{"v":1,"type":"heartbeat","session":"s3-af6e27ac-337-8ccf2c43","seq":60,"firmware_env":"esp32-s3-zero","firmware_build":"Sep 18 2026 00:11:36","reset_reason":1,"reset_reason_name":"poweron","uptime_ms":52976,"truncated_lines":0,"stage":"loop_running","heartbeat":25}
2026-09-17T17:33:51.764+00:00	{"v":1,"type":"log","session":"s3-af6e27ac-337-8ccf2c43","seq":61,"message":"sweep painted px,nx,py,ny,pz,nz","phase":26}
2026-09-17T17:33:51.765+00:00	{"v":1,"type":"heartbeat","session":"s3-af6e27ac-337-8ccf2c43","seq":62,"firmware_env":"esp32-s3-zero","firmware_build":"Sep 18 2026 00:11:36","reset_reason":1,"reset_reason_name":"poweron","uptime_ms":54977,"truncated_lines":0,"stage":"loop_running","heartbeat":26}
2026-09-17T17:33:53.765+00:00	{"v":1,"type":"log","session":"s3-af6e27ac-337-8ccf2c43","seq":63,"message":"sweep painted px,nx,py,ny,pz,nz","phase":27}
2026-09-17T17:33:53.768+00:00	{"v":1,"type":"heartbeat","session":"s3-af6e27ac-337-8ccf2c43","seq":64,"firmware_env":"esp32-s3-zero","firmware_build":"Sep 18 2026 00:11:36","reset_reason":1,"reset_reason_name":"poweron","uptime_ms":56978,"truncated_lines":0,"stage":"loop_running","heartbeat":27}
2026-09-17T17:33:55.765+00:00	{"v":1,"type":"log","session":"s3-af6e27ac-337-8ccf2c43","seq":65,"message":"sweep painted px,nx,py,ny,pz,nz","phase":28}
2026-09-17T17:33:55.767+00:00	{"v":1,"type":"heartbeat","session":"s3-af6e27ac-337-8ccf2c43","seq":66,"firmware_env":"esp32-s3-zero","firmware_build":"Sep 18 2026 00:11:36","reset_reason":1,"reset_reason_name":"poweron","uptime_ms":58979,"truncated_lines":0,"stage":"loop_running","heartbeat":28}
2026-09-17T17:33:57.768+00:00	{"v":1,"type":"log","session":"s3-af6e27ac-337-8ccf2c43","seq":67,"message":"sweep painted px,nx,py,ny,pz,nz","phase":29}
2026-09-17T17:33:57.770+00:00	{"v":1,"type":"heartbeat","session":"s3-af6e27ac-337-8ccf2c43","seq":68,"firmware_env":"esp32-s3-zero","firmware_build":"Sep 18 2026 00:11:36","reset_reason":1,"reset_reason_name":"poweron","uptime_ms":60980,"truncated_lines":0,"stage":"loop_running","heartbeat":29}
2026-09-17T17:33:59.768+00:00	{"v":1,"type":"log","session":"s3-af6e27ac-337-8ccf2c43","seq":69,"message":"sweep painted px,nx,py,ny,pz,nz","phase":30}
2026-09-17T17:33:59.770+00:00	{"v":1,"type":"heartbeat","session":"s3-af6e27ac-337-8ccf2c43","seq":70,"firmware_env":"esp32-s3-zero","firmware_build":"Sep 18 2026 00:11:36","reset_reason":1,"reset_reason_name":"poweron","uptime_ms":62981,"truncated_lines":0,"stage":"loop_running","heartbeat":30}
2026-09-17T17:34:01.769+00:00	{"v":1,"type":"log","session":"s3-af6e27ac-337-8ccf2c43","seq":71,"message":"sweep painted px,nx,py,ny,pz,nz","phase":31}
2026-09-17T17:34:01.770+00:00	{"v":1,"type":"heartbeat","session":"s3-af6e27ac-337-8ccf2c43","seq":72,"firmware_env":"esp32-s3-zero","firmware_build":"Sep 18 2026 00:11:36","reset_reason":1,"reset_reason_name":"poweron","uptime_ms":64982,"truncated_lines":0,"stage":"loop_running","heartbeat":31}
2026-09-17T17:34:03.770+00:00	{"v":1,"type":"log","session":"s3-af6e27ac-337-8ccf2c43","seq":73,"message":"sweep painted px,nx,py,ny,pz,nz","phase":32}
2026-09-17T17:34:03.771+00:00	{"v":1,"type":"heartbeat","session":"s3-af6e27ac-337-8ccf2c43","seq":74,"firmware_env":"esp32-s3-zero","firmware_build":"Sep 18 2026 00:11:36","reset_reason":1,"reset_reason_name":"poweron","uptime_ms":66983,"truncated_lines":0,"stage":"loop_running","heartbeat":32}
2026-09-17T17:34:05.771+00:00	{"v":1,"type":"log","session":"s3-af6e27ac-337-8ccf2c43","seq":75,"message":"sweep painted px,nx,py,ny,pz,nz","phase":33}
2026-09-17T17:34:05.773+00:00	{"v":1,"type":"heartbeat","session":"s3-af6e27ac-337-8ccf2c43","seq":76,"firmware_env":"esp32-s3-zero","firmware_build":"Sep 18 2026 00:11:36","reset_reason":1,"reset_reason_name":"poweron","uptime_ms":68984,"truncated_lines":0,"stage":"loop_running","heartbeat":33}
2026-09-17T17:34:07.771+00:00	{"v":1,"type":"log","session":"s3-af6e27ac-337-8ccf2c43","seq":77,"message":"sweep painted px,nx,py,ny,pz,nz","phase":34}
2026-09-17T17:34:07.772+00:00	{"v":1,"type":"heartbeat","session":"s3-af6e27ac-337-8ccf2c43","seq":78,"firmware_env":"esp32-s3-zero","firmware_build":"Sep 18 2026 00:11:36","reset_reason":1,"reset_reason_name":"poweron","uptime_ms":70985,"truncated_lines":0,"stage":"loop_running","heartbeat":34}
2026-09-17T17:34:09.773+00:00	{"v":1,"type":"log","session":"s3-af6e27ac-337-8ccf2c43","seq":79,"message":"sweep painted px,nx,py,ny,pz,nz","phase":35}
2026-09-17T17:34:09.774+00:00	{"v":1,"type":"heartbeat","session":"s3-af6e27ac-337-8ccf2c43","seq":80,"firmware_env":"esp32-s3-zero","firmware_build":"Sep 18 2026 00:11:36","reset_reason":1,"reset_reason_name":"poweron","uptime_ms":72986,"truncated_lines":0,"stage":"loop_running","heartbeat":35}
2026-09-17T17:34:11.774+00:00	{"v":1,"type":"log","session":"s3-af6e27ac-337-8ccf2c43","seq":81,"message":"sweep painted px,nx,py,ny,pz,nz","phase":36}
2026-09-17T17:34:11.774+00:00	{"v":1,"type":"heartbeat","session":"s3-af6e27ac-337-8ccf2c43","seq":82,"firmware_env":"esp32-s3-zero","firmware_build":"Sep 18 2026 00:11:36","reset_reason":1,"reset_reason_name":"poweron","uptime_ms":74987,"truncated_lines":0,"stage":"loop_running","heartbeat":36}
2026-09-17T17:34:13.774+00:00	{"v":1,"type":"log","session":"s3-af6e27ac-337-8ccf2c43","seq":83,"message":"sweep painted px,nx,py,ny,pz,nz","phase":37}
2026-09-17T17:34:13.775+00:00	{"v":1,"type":"heartbeat","session":"s3-af6e27ac-337-8ccf2c43","seq":84,"firmware_env":"esp32-s3-zero","firmware_build":"Sep 18 2026 00:11:36","reset_reason":1,"reset_reason_name":"poweron","uptime_ms":76988,"truncated_lines":0,"stage":"loop_running","heartbeat":37}
2026-09-17T17:34:15.775+00:00	{"v":1,"type":"log","session":"s3-af6e27ac-337-8ccf2c43","seq":85,"message":"sweep painted px,nx,py,ny,pz,nz","phase":38}
2026-09-17T17:34:15.776+00:00	{"v":1,"type":"heartbeat","session":"s3-af6e27ac-337-8ccf2c43","seq":86,"firmware_env":"esp32-s3-zero","firmware_build":"Sep 18 2026 00:11:36","reset_reason":1,"reset_reason_name":"poweron","uptime_ms":78989,"truncated_lines":0,"stage":"loop_running","heartbeat":38}
2026-09-17T17:34:17.776+00:00	{"v":1,"type":"log","session":"s3-af6e27ac-337-8ccf2c43","seq":87,"message":"sweep painted px,nx,py,ny,pz,nz","phase":39}
2026-09-17T17:34:17.777+00:00	{"v":1,"type":"heartbeat","session":"s3-af6e27ac-337-8ccf2c43","seq":88,"firmware_env":"esp32-s3-zero","firmware_build":"Sep 18 2026 00:11:36","reset_reason":1,"reset_reason_name":"poweron","uptime_ms":80990,"truncated_lines":0,"stage":"loop_running","heartbeat":39}
2026-09-17T17:34:19.777+00:00	{"v":1,"type":"log","session":"s3-af6e27ac-337-8ccf2c43","seq":89,"message":"sweep painted px,nx,py,ny,pz,nz","phase":40}
2026-09-17T17:34:19.778+00:00	{"v":1,"type":"heartbeat","session":"s3-af6e27ac-337-8ccf2c43","seq":90,"firmware_env":"esp32-s3-zero","firmware_build":"Sep 18 2026 00:11:36","reset_reason":1,"reset_reason_name":"poweron","uptime_ms":82991,"truncated_lines":0,"stage":"loop_running","heartbeat":40}
2026-09-17T17:34:21.779+00:00	{"v":1,"type":"log","session":"s3-af6e27ac-337-8ccf2c43","seq":91,"message":"sweep painted px,nx,py,ny,pz,nz","phase":41}
2026-09-17T17:34:21.782+00:00	{"v":1,"type":"heartbeat","session":"s3-af6e27ac-337-8ccf2c43","seq":92,"firmware_env":"esp32-s3-zero","firmware_build":"Sep 18 2026 00:11:36","reset_reason":1,"reset_reason_name":"poweron","uptime_ms":84992,"truncated_lines":0,"stage":"loop_running","heartbeat":41}
2026-09-17T17:34:23.779+00:00	{"v":1,"type":"log","session":"s3-af6e27ac-337-8ccf2c43","seq":93,"message":"sweep painted px,nx,py,ny,pz,nz","phase":42}
2026-09-17T17:34:23.781+00:00	{"v":1,"type":"heartbeat","session":"s3-af6e27ac-337-8ccf2c43","seq":94,"firmware_env":"esp32-s3-zero","firmware_build":"Sep 18 2026 00:11:36","reset_reason":1,"reset_reason_name":"poweron","uptime_ms":86993,"truncated_lines":0,"stage":"loop_running","heartbeat":42}
2026-09-17T17:34:25.781+00:00	{"v":1,"type":"log","session":"s3-af6e27ac-337-8ccf2c43","seq":95,"message":"sweep painted px,nx,py,ny,pz,nz","phase":43}
2026-09-17T17:34:25.782+00:00	{"v":1,"type":"heartbeat","session":"s3-af6e27ac-337-8ccf2c43","seq":96,"firmware_env":"esp32-s3-zero","firmware_build":"Sep 18 2026 00:11:36","reset_reason":1,"reset_reason_name":"poweron","uptime_ms":88994,"truncated_lines":0,"stage":"loop_running","heartbeat":43}
2026-09-17T17:34:27.781+00:00	{"v":1,"type":"log","session":"s3-af6e27ac-337-8ccf2c43","seq":97,"message":"sweep painted px,nx,py,ny,pz,nz","phase":44}
2026-09-17T17:34:27.782+00:00	{"v":1,"type":"heartbeat","session":"s3-af6e27ac-337-8ccf2c43","seq":98,"firmware_env":"esp32-s3-zero","firmware_build":"Sep 18 2026 00:11:36","reset_reason":1,"reset_reason_name":"poweron","uptime_ms":90995,"truncated_lines":0,"stage":"loop_running","heartbeat":44}
2026-09-17T17:34:29.783+00:00	{"v":1,"type":"log","session":"s3-af6e27ac-337-8ccf2c43","seq":99,"message":"sweep painted px,nx,py,ny,pz,nz","phase":45}
2026-09-17T17:34:29.784+00:00	{"v":1,"type":"heartbeat","session":"s3-af6e27ac-337-8ccf2c43","seq":100,"firmware_env":"esp32-s3-zero","firmware_build":"Sep 18 2026 00:11:36","reset_reason":1,"reset_reason_name":"poweron","uptime_ms":92996,"truncated_lines":0,"stage":"loop_running","heartbeat":45}
2026-09-17T17:34:31.783+00:00	{"v":1,"type":"log","session":"s3-af6e27ac-337-8ccf2c43","seq":101,"message":"sweep painted px,nx,py,ny,pz,nz","phase":46}
2026-09-17T17:34:31.785+00:00	{"v":1,"type":"heartbeat","session":"s3-af6e27ac-337-8ccf2c43","seq":102,"firmware_env":"esp32-s3-zero","firmware_build":"Sep 18 2026 00:11:36","reset_reason":1,"reset_reason_name":"poweron","uptime_ms":94997,"truncated_lines":0,"stage":"loop_running","heartbeat":46}
2026-09-17T17:34:33.784+00:00	{"v":1,"type":"log","session":"s3-af6e27ac-337-8ccf2c43","seq":103,"message":"sweep painted px,nx,py,ny,pz,nz","phase":47}
2026-09-17T17:34:33.785+00:00	{"v":1,"type":"heartbeat","session":"s3-af6e27ac-337-8ccf2c43","seq":104,"firmware_env":"esp32-s3-zero","firmware_build":"Sep 18 2026 00:11:36","reset_reason":1,"reset_reason_name":"poweron","uptime_ms":96998,"truncated_lines":0,"stage":"loop_running","heartbeat":47}
2026-09-17T17:34:35.785+00:00	{"v":1,"type":"log","session":"s3-af6e27ac-337-8ccf2c43","seq":105,"message":"sweep painted px,nx,py,ny,pz,nz","phase":48}
2026-09-17T17:34:35.786+00:00	{"v":1,"type":"heartbeat","session":"s3-af6e27ac-337-8ccf2c43","seq":106,"firmware_env":"esp32-s3-zero","firmware_build":"Sep 18 2026 00:11:36","reset_reason":1,"reset_reason_name":"poweron","uptime_ms":98999,"truncated_lines":0,"stage":"loop_running","heartbeat":48}
2026-09-17T17:34:37.786+00:00	{"v":1,"type":"log","session":"s3-af6e27ac-337-8ccf2c43","seq":107,"message":"sweep painted px,nx,py,ny,pz,nz","phase":49}
2026-09-17T17:34:37.787+00:00	{"v":1,"type":"heartbeat","session":"s3-af6e27ac-337-8ccf2c43","seq":108,"firmware_env":"esp32-s3-zero","firmware_build":"Sep 18 2026 00:11:36","reset_reason":1,"reset_reason_name":"poweron","uptime_ms":101000,"truncated_lines":0,"stage":"loop_running","heartbeat":49}
2026-09-17T17:34:39.787+00:00	{"v":1,"type":"log","session":"s3-af6e27ac-337-8ccf2c43","seq":109,"message":"sweep painted px,nx,py,ny,pz,nz","phase":50}
2026-09-17T17:34:39.788+00:00	{"v":1,"type":"heartbeat","session":"s3-af6e27ac-337-8ccf2c43","seq":110,"firmware_env":"esp32-s3-zero","firmware_build":"Sep 18 2026 00:11:36","reset_reason":1,"reset_reason_name":"poweron","uptime_ms":103001,"truncated_lines":0,"stage":"loop_running","heartbeat":50}
2026-09-17T17:34:41.787+00:00	{"v":1,"type":"log","session":"s3-af6e27ac-337-8ccf2c43","seq":111,"message":"sweep painted px,nx,py,ny,pz,nz","phase":51}
2026-09-17T17:34:41.789+00:00	{"v":1,"type":"heartbeat","session":"s3-af6e27ac-337-8ccf2c43","seq":112,"firmware_env":"esp32-s3-zero","firmware_build":"Sep 18 2026 00:11:36","reset_reason":1,"reset_reason_name":"poweron","uptime_ms":105002,"truncated_lines":0,"stage":"loop_running","heartbeat":51}
2026-09-17T17:34:43.788+00:00	{"v":1,"type":"log","session":"s3-af6e27ac-337-8ccf2c43","seq":113,"message":"sweep painted px,nx,py,ny,pz,nz","phase":52}
2026-09-17T17:34:43.791+00:00	{"v":1,"type":"heartbeat","session":"s3-af6e27ac-337-8ccf2c43","seq":114,"firmware_env":"esp32-s3-zero","firmware_build":"Sep 18 2026 00:11:36","reset_reason":1,"reset_reason_name":"poweron","uptime_ms":107003,"truncated_lines":0,"stage":"loop_running","heartbeat":52}
2026-09-17T17:34:45.790+00:00	{"v":1,"type":"log","session":"s3-af6e27ac-337-8ccf2c43","seq":115,"message":"sweep painted px,nx,py,ny,pz,nz","phase":53}
2026-09-17T17:34:45.792+00:00	{"v":1,"type":"heartbeat","session":"s3-af6e27ac-337-8ccf2c43","seq":116,"firmware_env":"esp32-s3-zero","firmware_build":"Sep 18 2026 00:11:36","reset_reason":1,"reset_reason_name":"poweron","uptime_ms":109004,"truncated_lines":0,"stage":"loop_running","heartbeat":53}
2026-09-17T17:34:47.791+00:00	{"v":1,"type":"log","session":"s3-af6e27ac-337-8ccf2c43","seq":117,"message":"sweep painted px,nx,py,ny,pz,nz","phase":54}
2026-09-17T17:34:47.793+00:00	{"v":1,"type":"heartbeat","session":"s3-af6e27ac-337-8ccf2c43","seq":118,"firmware_env":"esp32-s3-zero","firmware_build":"Sep 18 2026 00:11:36","reset_reason":1,"reset_reason_name":"poweron","uptime_ms":111005,"truncated_lines":0,"stage":"loop_running","heartbeat":54}
2026-09-17T17:34:49.791+00:00	{"v":1,"type":"log","session":"s3-af6e27ac-337-8ccf2c43","seq":119,"message":"sweep painted px,nx,py,ny,pz,nz","phase":55}
2026-09-17T17:34:49.792+00:00	{"v":1,"type":"heartbeat","session":"s3-af6e27ac-337-8ccf2c43","seq":120,"firmware_env":"esp32-s3-zero","firmware_build":"Sep 18 2026 00:11:36","reset_reason":1,"reset_reason_name":"poweron","uptime_ms":113006,"truncated_lines":0,"stage":"loop_running","heartbeat":55}
2026-09-17T17:34:51.792+00:00	{"v":1,"type":"log","session":"s3-af6e27ac-337-8ccf2c43","seq":121,"message":"sweep painted px,nx,py,ny,pz,nz","phase":56}
2026-09-17T17:34:51.795+00:00	{"v":1,"type":"heartbeat","session":"s3-af6e27ac-337-8ccf2c43","seq":122,"firmware_env":"esp32-s3-zero","firmware_build":"Sep 18 2026 00:11:36","reset_reason":1,"reset_reason_name":"poweron","uptime_ms":115007,"truncated_lines":0,"stage":"loop_running","heartbeat":56}
2026-09-17T17:34:53.793+00:00	{"v":1,"type":"log","session":"s3-af6e27ac-337-8ccf2c43","seq":123,"message":"sweep painted px,nx,py,ny,pz,nz","phase":57}
2026-09-17T17:34:53.795+00:00	{"v":1,"type":"heartbeat","session":"s3-af6e27ac-337-8ccf2c43","seq":124,"firmware_env":"esp32-s3-zero","firmware_build":"Sep 18 2026 00:11:36","reset_reason":1,"reset_reason_name":"poweron","uptime_ms":117008,"truncated_lines":0,"stage":"loop_running","heartbeat":57}
2026-09-17T17:34:55.795+00:00	{"v":1,"type":"log","session":"s3-af6e27ac-337-8ccf2c43","seq":125,"message":"sweep painted px,nx,py,ny,pz,nz","phase":58}
2026-09-17T17:34:55.797+00:00	{"v":1,"type":"heartbeat","session":"s3-af6e27ac-337-8ccf2c43","seq":126,"firmware_env":"esp32-s3-zero","firmware_build":"Sep 18 2026 00:11:36","reset_reason":1,"reset_reason_name":"poweron","uptime_ms":119009,"truncated_lines":0,"stage":"loop_running","heartbeat":58}
2026-09-17T17:34:57.796+00:00	{"v":1,"type":"log","session":"s3-af6e27ac-337-8ccf2c43","seq":127,"message":"sweep painted px,nx,py,ny,pz,nz","phase":59}
2026-09-17T17:34:57.798+00:00	{"v":1,"type":"heartbeat","session":"s3-af6e27ac-337-8ccf2c43","seq":128,"firmware_env":"esp32-s3-zero","firmware_build":"Sep 18 2026 00:11:36","reset_reason":1,"reset_reason_name":"poweron","uptime_ms":121010,"truncated_lines":0,"stage":"loop_running","heartbeat":59}
2026-09-17T17:34:59.797+00:00	{"v":1,"type":"log","session":"s3-af6e27ac-337-8ccf2c43","seq":129,"message":"sweep painted px,nx,py,ny,pz,nz","phase":60}
2026-09-17T17:34:59.799+00:00	{"v":1,"type":"heartbeat","session":"s3-af6e27ac-337-8ccf2c43","seq":130,"firmware_env":"esp32-s3-zero","firmware_build":"Sep 18 2026 00:11:36","reset_reason":1,"reset_reason_name":"poweron","uptime_ms":123011,"truncated_lines":0,"stage":"loop_running","heartbeat":60}
2026-09-17T17:35:01.797+00:00	{"v":1,"type":"log","session":"s3-af6e27ac-337-8ccf2c43","seq":131,"message":"sweep painted px,nx,py,ny,pz,nz","phase":61}
2026-09-17T17:35:01.799+00:00	{"v":1,"type":"heartbeat","session":"s3-af6e27ac-337-8ccf2c43","seq":132,"firmware_env":"esp32-s3-zero","firmware_build":"Sep 18 2026 00:11:36","reset_reason":1,"reset_reason_name":"poweron","uptime_ms":125012,"truncated_lines":0,"stage":"loop_running","heartbeat":61}
2026-09-17T17:35:03.800+00:00	{"v":1,"type":"log","session":"s3-af6e27ac-337-8ccf2c43","seq":133,"message":"sweep painted px,nx,py,ny,pz,nz","phase":62}
2026-09-17T17:35:03.802+00:00	{"v":1,"type":"heartbeat","session":"s3-af6e27ac-337-8ccf2c43","seq":134,"firmware_env":"esp32-s3-zero","firmware_build":"Sep 18 2026 00:11:36","reset_reason":1,"reset_reason_name":"poweron","uptime_ms":127013,"truncated_lines":0,"stage":"loop_running","heartbeat":62}
2026-09-17T17:35:05.800+00:00	{"v":1,"type":"log","session":"s3-af6e27ac-337-8ccf2c43","seq":135,"message":"sweep painted px,nx,py,ny,pz,nz","phase":63}
2026-09-17T17:35:05.802+00:00	{"v":1,"type":"heartbeat","session":"s3-af6e27ac-337-8ccf2c43","seq":136,"firmware_env":"esp32-s3-zero","firmware_build":"Sep 18 2026 00:11:36","reset_reason":1,"reset_reason_name":"poweron","uptime_ms":129014,"truncated_lines":0,"stage":"loop_running","heartbeat":63}
2026-09-17T17:35:07.800+00:00	{"v":1,"type":"log","session":"s3-af6e27ac-337-8ccf2c43","seq":137,"message":"sweep painted px,nx,py,ny,pz,nz","phase":64}
2026-09-17T17:35:07.802+00:00	{"v":1,"type":"heartbeat","session":"s3-af6e27ac-337-8ccf2c43","seq":138,"firmware_env":"esp32-s3-zero","firmware_build":"Sep 18 2026 00:11:36","reset_reason":1,"reset_reason_name":"poweron","uptime_ms":131015,"truncated_lines":0,"stage":"loop_running","heartbeat":64}
2026-09-17T17:35:09.802+00:00	{"v":1,"type":"log","session":"s3-af6e27ac-337-8ccf2c43","seq":139,"message":"sweep painted px,nx,py,ny,pz,nz","phase":65}
2026-09-17T17:35:09.803+00:00	{"v":1,"type":"heartbeat","session":"s3-af6e27ac-337-8ccf2c43","seq":140,"firmware_env":"esp32-s3-zero","firmware_build":"Sep 18 2026 00:11:36","reset_reason":1,"reset_reason_name":"poweron","uptime_ms":133016,"truncated_lines":0,"stage":"loop_running","heartbeat":65}
2026-09-17T17:35:11.802+00:00	{"v":1,"type":"log","session":"s3-af6e27ac-337-8ccf2c43","seq":141,"message":"sweep painted px,nx,py,ny,pz,nz","phase":66}
2026-09-17T17:35:11.804+00:00	{"v":1,"type":"heartbeat","session":"s3-af6e27ac-337-8ccf2c43","seq":142,"firmware_env":"esp32-s3-zero","firmware_build":"Sep 18 2026 00:11:36","reset_reason":1,"reset_reason_name":"poweron","uptime_ms":135017,"truncated_lines":0,"stage":"loop_running","heartbeat":66}
2026-09-17T17:35:13.804+00:00	{"v":1,"type":"log","session":"s3-af6e27ac-337-8ccf2c43","seq":143,"message":"sweep painted px,nx,py,ny,pz,nz","phase":67}
2026-09-17T17:35:13.806+00:00	{"v":1,"type":"heartbeat","session":"s3-af6e27ac-337-8ccf2c43","seq":144,"firmware_env":"esp32-s3-zero","firmware_build":"Sep 18 2026 00:11:36","reset_reason":1,"reset_reason_name":"poweron","uptime_ms":137018,"truncated_lines":0,"stage":"loop_running","heartbeat":67}
2026-09-17T17:35:15.805+00:00	{"v":1,"type":"log","session":"s3-af6e27ac-337-8ccf2c43","seq":145,"message":"sweep painted px,nx,py,ny,pz,nz","phase":68}
2026-09-17T17:35:15.806+00:00	{"v":1,"type":"heartbeat","session":"s3-af6e27ac-337-8ccf2c43","seq":146,"firmware_env":"esp32-s3-zero","firmware_build":"Sep 18 2026 00:11:36","reset_reason":1,"reset_reason_name":"poweron","uptime_ms":139019,"truncated_lines":0,"stage":"loop_running","heartbeat":68}
2026-09-17T17:35:17.805+00:00	{"v":1,"type":"log","session":"s3-af6e27ac-337-8ccf2c43","seq":147,"message":"sweep painted px,nx,py,ny,pz,nz","phase":69}
2026-09-17T17:35:17.809+00:00	{"v":1,"type":"heartbeat","session":"s3-af6e27ac-337-8ccf2c43","seq":148,"firmware_env":"esp32-s3-zero","firmware_build":"Sep 18 2026 00:11:36","reset_reason":1,"reset_reason_name":"poweron","uptime_ms":141020,"truncated_lines":0,"stage":"loop_running","heartbeat":69}
