2026-09-17T17:50:18.936+00:00	panel_check: five-panel bring-up, 8 MHz SPI, no PSRAM, no atlas
2026-09-17T17:50:18.938+00:00	panel_check: build Sep 18 2026 00:49:28, boot diag-d5b14a7b
2026-09-17T17:50:18.941+00:00	panel_check: reset reason 0, free heap 372772
2026-09-17T17:50:19.146+00:00	panel_check: shared reset pulsed
2026-09-17T17:50:19.146+00:00	panel_check: bringing up px on CS 8 ...
2026-09-17T17:50:19.476+00:00	ck: px painted, free heap 372444
2026-09-17T17:50:21.135+00:00	panel_check: py painted, free heap 372252
2026-09-17T17:50:23.292+00:00	panel_check: ny papanel_check: all five brought up; now cycling colours forever
2026-09-17T17:50:23.938+00:00	panel_check: cycle 0, boot diag-d5b14a7b, uptime_ms 5717, free heap 372060
2026-09-17T17:50:26.085+00:00	panel_check: cycle 1, boot diag-d5b14a7b, uptime_ms 7864, free heap 372060
2026-09-17T17:50:28.232+00:00	panel_check: cycle 2, boot diag-d5b14a7b, uptime_ms 10010, free heap 372060
2026-09-17T17:50:30.379+00:00	panel_check: cycle 3, boot diag-d5b14a7b, uptime_ms 12156, free heap 372060
2026-09-17T17:50:32.526+00:00	panel_check: cycle 0, boot diag-d5b14a7b, uptime_ms 14304, free heap 372060
2026-09-17T17:50:34.672+00:00	panel_check: cycle 1, boot diag-d5b14a7b, uptime_ms 16451, free heap 372060
2026-09-17T17:50:36.819+00:00	panel_check: cycle 2, boot diag-d5b14a7b, uptime_ms 18598, free heap 372060
2026-09-17T17:50:38.966+00:00	panel_check: cycle 3, boot diag-d5b14a7b, uptime_ms 20745, free heap 372060
2026-09-17T17:50:41.113+00:00	panel_check: cycle 0, boot diag-d5b14a7b, uptime_ms 22892, free heap 372060
2026-09-17T17:50:43.260+00:00	panel_check: cycle 1, boot diag-d5b14a7b, uptime_ms 25039, free heap 372060
2026-09-17T17:50:45.407+00:00	panel_check: cycle 2, boot diag-d5b14a7b, uptime_ms 27186, free heap 372060
2026-09-17T17:50:47.553+00:00	panel_check: cycle 3, boot diag-d5b14a7b, uptime_ms 29333, free heap 372060
2026-09-17T17:50:49.700+00:00	panel_check: cycle 0, boot diag-d5b14a7b, uptime_ms 31480, free heap 372060
2026-09-17T17:50:51.848+00:00	panel_check: cycle 1, boot diag-d5b14a7b, uptime_ms 33627, free heap 372060
2026-09-17T17:50:53.995+00:00	panel_check: cycle 2, boot diag-d5b14a7b, uptime_ms 35774, free heap 372060
2026-09-17T17:50:56.142+00:00	panel_check: cycle 3, boot diag-d5b14a7b, uptime_ms 37921, free heap 372060
2026-09-17T17:50:58.288+00:00	panel_check: cycle 0, boot diag-d5b14a7b, uptime_ms 40068, free heap 372060
2026-09-17T17:51:00.436+00:00	panel_check: cycle 1, boot diag-d5b14a7b, uptime_ms 42215, free heap 372060
2026-09-17T17:51:02.582+00:00	panel_check: cycle 2, boot diag-d5b14a7b, uptime_ms 44362, free heap 372060
2026-09-17T17:51:04.729+00:00	panel_check: cycle 3, boot diag-d5b14a7b, uptime_ms 46509, free heap 372060
2026-09-17T17:51:06.876+00:00	panel_check: cycle 0, boot diag-d5b14a7b, uptime_ms 48656, free heap 372060
2026-09-17T17:51:09.023+00:00	panel_check: cycle 1, boot diag-d5b14a7b, uptime_ms 50802, free heap 372060
2026-09-17T17:51:11.169+00:00	panel_check: cycle 2, boot diag-d5b14a7b, uptime_ms 52948, free heap 372060
2026-09-17T17:51:13.315+00:00	panel_check: cycle 3, boot diag-d5b14a7b, uptime_ms 55095, free heap 372060
2026-09-17T17:51:15.463+00:00	panel_check: cycle 0, boot diag-d5b14a7b, uptime_ms 57242, free heap 372060
2026-09-17T17:51:17.609+00:00	panel_check: cycle 1, boot diag-d5b14a7b, uptime_ms 59389, free heap 372060
2026-09-17T17:51:19.756+00:00	panel_check: cycle 2, boot diag-d5b14a7b, uptime_ms 61536, free heap 372060
2026-09-17T17:51:21.903+00:00	panel_check: cycle 3, boot diag-d5b14a7b, uptime_ms 63683, free heap 372060
2026-09-17T17:51:24.051+00:00	panel_check: cycle 0, boot diag-d5b14a7b, uptime_ms 65830, free heap 372060
2026-09-17T17:51:26.197+00:00	panel_check: cycle 1, boot diag-d5b14a7b, uptime_ms 67977, free heap 372060
2026-09-17T17:51:28.344+00:00	panel_check: cycle 2, boot diag-d5b14a7b, uptime_ms 70124, free heap 372060
2026-09-17T17:51:30.491+00:00	panel_check: cycle 3, boot diag-d5b14a7b, uptime_ms 72271, free heap 372060
2026-09-17T17:51:32.638+00:00	panel_check: cycle 0, boot diag-d5b14a7b, uptime_ms 74418, free heap 372060
2026-09-17T17:51:34.784+00:00	panel_check: cycle 1, boot diag-d5b14a7b, uptime_ms 76565, free heap 372060
2026-09-17T17:51:36.932+00:00	panel_check: cycle 2, boot diag-d5b14a7b, uptime_ms 78712, free heap 372060
2026-09-17T17:51:39.079+00:00	panel_check: cycle 3, boot diag-d5b14a7b, uptime_ms 80859, free heap 372060
2026-09-17T17:51:41.225+00:00	panel_check: cycle 0, boot diag-d5b14a7b, uptime_ms 83006, free heap 372060
2026-09-17T17:51:43.372+00:00	panel_check: cycle 1, boot diag-d5b14a7b, uptime_ms 85153, free heap 372060
2026-09-17T17:51:45.520+00:00	panel_check: cycle 2, boot diag-d5b14a7b, uptime_ms 87300, free heap 372060
2026-09-17T17:51:47.667+00:00	panel_check: cycle 3, boot diag-d5b14a7b, uptime_ms 89447, free heap 372060
2026-09-17T17:51:49.813+00:00	panel_check: cycle 0, boot diag-d5b14a7b, uptime_ms 91593, free heap 372060
2026-09-17T17:51:51.960+00:00	panel_check: cycle 1, boot diag-d5b14a7b, uptime_ms 93740, free heap 372060
2026-09-17T17:51:54.106+00:00	panel_check: cycle 2, boot diag-d5b14a7b, uptime_ms 95886, free heap 372060
2026-09-17T17:51:56.253+00:00	panel_check: cycle 3, boot diag-d5b14a7b, uptime_ms 98034, free heap 372060
2026-09-17T17:51:58.401+00:00	panel_check: cycle 0, boot diag-d5b14a7b, uptime_ms 100181, free heap 372060
2026-09-17T17:52:00.547+00:00	panel_check: cycle 1, boot diag-d5b14a7b, uptime_ms 102328, free heap 372060
2026-09-17T17:52:02.694+00:00	panel_check: cycle 2, boot diag-d5b14a7b, uptime_ms 104475, free heap 372060
2026-09-17T17:52:04.842+00:00	panel_check: cycle 3, boot diag-d5b14a7b, uptime_ms 106622, free heap 372060
2026-09-17T17:52:06.988+00:00	panel_check: cycle 0, boot diag-d5b14a7b, uptime_ms 108769, free heap 372060
2026-09-17T17:52:09.135+00:00	panel_check: cycle 1, boot diag-d5b14a7b, uptime_ms 110916, free heap 372060
2026-09-17T17:52:11.281+00:00	panel_check: cycle 2, boot diag-d5b14a7b, uptime_ms 113063, free heap 372060
2026-09-17T17:52:13.429+00:00	panel_check: cycle 3, boot diag-d5b14a7b, uptime_ms 115210, free heap 372060
2026-09-17T17:52:15.575+00:00	panel_check: cycle 0, boot diag-d5b14a7b, uptime_ms 117357, free heap 372060
2026-09-17T17:52:17.722+00:00	panel_check: cycle 1, boot diag-d5b14a7b, uptime_ms 119504, free heap 372060
2026-09-17T17:52:19.870+00:00	panel_check: cycle 2, boot diag-d5b14a7b, uptime_ms 121651, free heap 372060
2026-09-17T17:52:22.017+00:00	panel_check: cycle 3, boot diag-d5b14a7b, uptime_ms 123798, free heap 372060
2026-09-17T17:52:24.163+00:00	panel_check: cycle 0, boot diag-d5b14a7b, uptime_ms 125944, free heap 372060
2026-09-17T17:52:26.310+00:00	panel_check: cycle 1, boot diag-d5b14a7b, uptime_ms 128092, free heap 372060
2026-09-17T17:52:28.457+00:00	panel_check: cycle 2, boot diag-d5b14a7b, uptime_ms 130239, free heap 372060
2026-09-17T17:52:30.605+00:00	panel_check: cycle 3, boot diag-d5b14a7b, uptime_ms 132386, free heap 372060
2026-09-17T17:52:32.751+00:00	panel_check: cycle 0, boot diag-d5b14a7b, uptime_ms 134532, free heap 372060
2026-09-17T17:52:34.897+00:00	panel_check: cycle 1, boot diag-d5b14a7b, uptime_ms 136678, free heap 372060
2026-09-17T17:52:37.044+00:00	panel_check: cycle 2, boot diag-d5b14a7b, uptime_ms 138826, free heap 372060
2026-09-17T17:52:39.192+00:00	panel_check: cycle 3, boot diag-d5b14a7b, uptime_ms 140973, free heap 372060
2026-09-17T17:52:41.338+00:00	panel_check: cycle 0, boot diag-d5b14a7b, uptime_ms 143120, free heap 372060
2026-09-17T17:52:43.485+00:00	panel_check: cycle 1, boot diag-d5b14a7b, uptime_ms 145267, free heap 372060
2026-09-17T17:52:45.632+00:00	panel_check: cycle 2, boot diag-d5b14a7b, uptime_ms 147414, free heap 372060
2026-09-17T17:52:47.778+00:00	panel_check: cycle 3, boot diag-d5b14a7b, uptime_ms 149561, free heap 372060
2026-09-17T17:52:49.926+00:00	panel_check: cycle 0, boot diag-d5b14a7b, uptime_ms 151708, free heap 372060
2026-09-17T17:52:52.073+00:00	panel_check: cycle 1, boot diag-d5b14a7b, uptime_ms 153855, free heap 372060
2026-09-17T17:52:54.220+00:00	panel_check: cycle 2, boot diag-d5b14a7b, uptime_ms 156002, free heap 372060
2026-09-17T17:52:56.367+00:00	panel_check: cycle 3, boot diag-d5b14a7b, uptime_ms 158149, free heap 372060
2026-09-17T17:52:58.514+00:00	panel_check: cycle 0, boot diag-d5b14a7b, uptime_ms 160295, free heap 372060
2026-09-17T17:53:00.661+00:00	panel_check: cycle 1, boot diag-d5b14a7b, uptime_ms 162443, free heap 372060
2026-09-17T17:53:02.808+00:00	panel_check: cycle 2, boot diag-d5b14a7b, uptime_ms 164590, free heap 372060
2026-09-17T17:53:04.955+00:00	panel_check: cycle 3, boot diag-d5b14a7b, uptime_ms 166737, free heap 372060
2026-09-17T17:53:07.101+00:00	panel_check: cycle 0, boot diag-d5b14a7b, uptime_ms 168884, free heap 372060
2026-09-17T17:53:09.249+00:00	panel_check: cycle 1, boot diag-d5b14a7b, uptime_ms 171031, free heap 372060
2026-09-17T17:53:11.395+00:00	panel_check: cycle 2, boot diag-d5b14a7b, uptime_ms 173178, free heap 372060
2026-09-17T17:53:13.542+00:00	panel_check: cycle 3, boot diag-d5b14a7b, uptime_ms 175324, free heap 372060
2026-09-17T17:53:15.688+00:00	panel_check: cycle 0, boot diag-d5b14a7b, uptime_ms 177470, free heap 372060
2026-09-17T17:53:17.836+00:00	panel_check: cycle 1, boot diag-d5b14a7b, uptime_ms 179617, free heap 372060
2026-09-17T17:53:19.981+00:00	panel_check: cycle 2, boot diag-d5b14a7b, uptime_ms 181764, free heap 372060
2026-09-17T17:53:22.128+00:00	panel_check: cycle 3, boot diag-d5b14a7b, uptime_ms 183911, free heap 372060
2026-09-17T17:53:24.275+00:00	panel_check: cycle 0, boot diag-d5b14a7b, uptime_ms 186058, free heap 372060
2026-09-17T17:53:26.422+00:00	panel_check: cycle 1, boot diag-d5b14a7b, uptime_ms 188205, free heap 372060
2026-09-17T17:53:28.568+00:00	panel_check: cycle 2, boot diag-d5b14a7b, uptime_ms 190352, free heap 372060
2026-09-17T17:53:30.716+00:00	panel_check: cycle 3, boot diag-d5b14a7b, uptime_ms 192499, free heap 372060
2026-09-17T17:53:35.009+00:00	panel_check: cycle 0, boot diag-d5b14a7b, uptime_ms 194646, free heap 372060
2026-09-17T17:53:35.010+00:00	panel_check: cycle 1, boot diag-d5b14a7b, uptime_ms 196793, free heap 372060
2026-09-17T17:53:37.156+00:00	panel_check: cycle 2, boot diag-d5b14a7b, uptime_ms 198940, free heap 372060
2026-09-17T17:53:39.304+00:00	panel_check: cycle 3, boot diag-d5b14a7b, uptime_ms 201087, free heap 372060
2026-09-17T17:53:41.451+00:00	panel_check: cycle 0, boot diag-d5b14a7b, uptime_ms 203234, free heap 372060
2026-09-17T17:53:43.597+00:00	panel_check: cycle 1, boot diag-d5b14a7b, uptime_ms 205381, free heap 372060
2026-09-17T17:53:45.745+00:00	panel_check: cycle 2, boot diag-d5b14a7b, uptime_ms 207528, free heap 372060
2026-09-17T17:53:47.891+00:00	panel_check: cycle 3, boot diag-d5b14a7b, uptime_ms 209675, free heap 372060
2026-09-17T17:53:50.039+00:00	panel_check: cycle 0, boot diag-d5b14a7b, uptime_ms 211822, free heap 372060
2026-09-17T17:53:52.185+00:00	panel_check: cycle 1, boot diag-d5b14a7b, uptime_ms 213969, free heap 372060
2026-09-17T17:53:54.332+00:00	panel_check: cycle 2, boot diag-d5b14a7b, uptime_ms 216116, free heap 372060
2026-09-17T17:53:56.478+00:00	panel_check: cycle 3, boot diag-d5b14a7b, uptime_ms 218262, free heap 372060
2026-09-17T17:53:58.625+00:00	panel_check: cycle 0, boot diag-d5b14a7b, uptime_ms 220409, free heap 372060
2026-09-17T17:54:00.772+00:00	panel_check: cycle 1, boot diag-d5b14a7b, uptime_ms 222556, free heap 372060
2026-09-17T17:54:02.919+00:00	panel_check: cycle 2, boot diag-d5b14a7b, uptime_ms 224703, free heap 372060
2026-09-17T17:54:05.066+00:00	panel_check: cycle 3, boot diag-d5b14a7b, uptime_ms 226850, free heap 372060
2026-09-17T17:54:07.213+00:00	panel_check: cycle 0, boot diag-d5b14a7b, uptime_ms 228997, free heap 372060
2026-09-17T17:54:09.360+00:00	panel_check: cycle 1, boot diag-d5b14a7b, uptime_ms 231144, free heap 372060
2026-09-17T17:54:11.507+00:00	panel_check: cycle 2, boot diag-d5b14a7b, uptime_ms 233291, free heap 372060
2026-09-17T17:54:13.653+00:00	panel_check: cycle 3, boot diag-d5b14a7b, uptime_ms 235438, free heap 372060
2026-09-17T17:54:15.801+00:00	panel_check: cycle 0, boot diag-d5b14a7b, uptime_ms 237585, free heap 372060
2026-09-17T17:54:17.948+00:00	panel_check: cycle 1, boot diag-d5b14a7b, uptime_ms 239732, free heap 372060
2026-09-17T17:54:20.095+00:00	panel_check: cycle 2, boot diag-d5b14a7b, uptime_ms 241879, free heap 372060
2026-09-17T17:54:22.242+00:00	panel_check: cycle 3, boot diag-d5b14a7b, uptime_ms 244026, free heap 372060
2026-09-17T17:54:24.388+00:00	panel_check: cycle 0, boot diag-d5b14a7b, uptime_ms 246173, free heap 372060
2026-09-17T17:54:26.536+00:00	panel_check: cycle 1, boot diag-d5b14a7b, uptime_ms 248320, free heap 372060
2026-09-17T17:54:28.683+00:00	panel_check: cycle 2, boot diag-d5b14a7b, uptime_ms 250467, free heap 372060
2026-09-17T17:54:30.830+00:00	panel_check: cycle 3, boot diag-d5b14a7b, uptime_ms 252614, free heap 372060
2026-09-17T17:54:32.976+00:00	panel_check: cycle 0, boot diag-d5b14a7b, uptime_ms 254761, free heap 372060
2026-09-17T17:54:35.123+00:00	panel_check: cycle 1, boot diag-d5b14a7b, uptime_ms 256908, free heap 372060
2026-09-17T17:54:37.270+00:00	panel_check: cycle 2, boot diag-d5b14a7b, uptime_ms 259054, free heap 372060
2026-09-17T17:54:39.416+00:00	panel_check: cycle 3, boot diag-d5b14a7b, uptime_ms 261200, free heap 372060
2026-09-17T17:54:41.563+00:00	panel_check: cycle 0, boot diag-d5b14a7b, uptime_ms 263348, free heap 372060
2026-09-17T17:54:43.710+00:00	panel_check: cycle 1, boot diag-d5b14a7b, uptime_ms 265495, free heap 372060
2026-09-17T17:54:45.857+00:00	panel_check: cycle 2, boot diag-d5b14a7b, uptime_ms 267642, free heap 372060
2026-09-17T17:54:48.004+00:00	panel_check: cycle 3, boot diag-d5b14a7b, uptime_ms 269789, free heap 372060
2026-09-17T17:54:50.152+00:00	panel_check: cycle 0, boot diag-d5b14a7b, uptime_ms 271936, free heap 372060
2026-09-17T17:54:52.298+00:00	panel_check: cycle 1, boot diag-d5b14a7b, uptime_ms 274083, free heap 372060
2026-09-17T17:54:54.446+00:00	panel_check: cycle 2, boot diag-d5b14a7b, uptime_ms 276230, free heap 372060
2026-09-17T17:54:56.592+00:00	panel_check: cycle 3, boot diag-d5b14a7b, uptime_ms 278377, free heap 372060
2026-09-17T17:54:58.739+00:00	panel_check: cycle 0, boot diag-d5b14a7b, uptime_ms 280524, free heap 372060
2026-09-17T17:55:00.886+00:00	panel_check: cycle 1, boot diag-d5b14a7b, uptime_ms 282671, free heap 372060
2026-09-17T17:55:25.033+00:00	panel_check: five-panel bring-up, 8 MHz SPI, no PSRAM, no atlas
2026-09-17T17:55:25.034+00:00	panel_check: build Sep 18 2026 00:49:28, boot diag-dc7b1849
2026-09-17T17:55:25.034+00:00	panel_check: reset reason 0, free heap 372772
2026-09-17T17:55:25.244+00:00	panel_check: shared reset pulsed
