2026-09-18T02:55:06.581+00:00	panel_check: five-panel bring-up, 8 MHz SPI, no PSRAM, no atlas
2026-09-18T02:55:06.583+00:00	panel_check: build Sep 18 2026 09:49:53, boot diag-1a94671b
2026-09-18T02:55:06.584+00:00	panel_check: reset reason 0, free heap 370936
2026-09-18T02:55:07.619+00:00	selftest SDA1 gpio1 pulldown=1 pullup=1 drive1->1 drive0->0 OK
2026-09-18T02:55:07.620+00:00	selftest SCL2 gpio2 pulldown=1 pullup=1 drive1->1 drive0->0 OK
2026-09-18T02:55:07.622+00:00	selftest SCK gpio12 pulldown=0 pullup=1 drive1->1 drive0->0 OK
2026-09-18T02:55:07.622+00:00	selftest MOSI gpio11 pulldown=0 pullup=1 drive1->1 drive0->0 OK
2026-09-18T02:55:07.624+00:00	selftest DC gpio9 pulldown=0 pullup=1 drive1->1 drive0->0 OK
2026-09-18T02:55:07.625+00:00	selftest RST gpio10 pulldown=0 pullup=1 drive1->1 drive0->0 OK
2026-09-18T02:55:07.625+00:00	selftest CS8 gpio8 pulldown=0 pullup=1 drive1->1 drive0->0 OK
2026-09-18T02:55:07.626+00:00	selftest CS13 gpio13 pulldown=0 pullup=1 drive1->1 drive0->0 OK
2026-09-18T02:55:07.626+00:00	selftest CS4 gpio4 pulldown=0 pullup=1 drive1->1 drive0->0 OK
2026-09-18T02:55:07.626+00:00	selftest CS5 gpio5 pulldown=0 pullup=1 drive1->1 drive0->0 OK
2026-09-18T02:55:07.627+00:00	selftest CS6 gpio6 pulldown=0 pullup=1 drive1->1 drive0->0 OK
2026-09-18T02:55:07.627+00:00	selftest CS7 gpio7 pulldown=0 pullup=1 drive1->1 drive0->0 OK
2026-09-18T02:55:07.628+00:00	selftest GPIO3 gpio3 pulldown=0 pullup=1 drive1->1 drive0->0 OK
2026-09-18T02:55:07.629+00:00	as5600: scanning I2C on SDA=GPIO1 SCL=GPIO2 ...
2026-09-18T02:55:07.630+00:00	as5600: device answers at 0x36
2026-09-18T02:55:07.849+00:00	panel_check: shared reset pulsed
2026-09-18T02:55:07.850+00:00	panel_check: bringing up px on CS 8 ...
2026-09-18T02:55:08.179+00:00	panel_check: px painted, free heap 368816
2026-09-18T02:55:08.679+00:00	panel_check: bringing up nx on CS 13 ...
2026-09-18T02:55:09.010+00:00	panel_check: nx painted, free heap 368720
2026-09-18T02:55:09.511+00:00	panel_check: bringing up py on CS 4 ...
2026-09-18T02:55:09.841+00:00	panel_check: py painted, free heap 368624
2026-09-18T02:55:10.342+00:00	panel_check: bringing up ny on CS 5 ...
2026-09-18T02:55:10.672+00:00	panel_check: ny painted, free heap 368528
2026-09-18T02:55:11.173+00:00	panel_check: bringing up pz on CS 6 ...
2026-09-18T02:55:11.503+00:00	panel_check: pz painted, free heap 368432
2026-09-18T02:55:12.003+00:00	panel_check: all five brought up; now cycling colours forever
2026-09-18T02:55:12.650+00:00	panel_check: cycle 0, boot diag-1a94671b, uptime_ms 6787, free heap 368432
2026-09-18T02:55:12.652+00:00	as5600: read failed
2026-09-18T02:55:13.696+00:00	panel_check: cycle 1, boot diag-1a94671b, uptime_ms 7834, free heap 368432
2026-09-18T02:55:13.697+00:00	as5600: read failed
