2026-09-17T17:12:55.914+00:00	ed inactive before shared reset"}
2026-09-17T17:12:55.915+00:00	{"v":1,"type":"log","session":"s3-af6e27ac-340-e77eef3d","seq":3,"message":"shared display reset pulsed once"}
2026-09-17T17:12:55.917+00:00	{"v":1,"type":"log","session":"s3-af6e27ac-340-e77eef3d","seq":4,"message":"sweep initialized face px on CS8"}
2026-09-17T17:12:56.417+00:00	{"v":1,"type":"log","session":"s3-af6e27ac-340-e77eef3d","seq":5,"message":"sweep initialized face nx on CS13"}
2026-09-17T17:12:56.915+00:00	{"v":1,"type":"log","session":"s3-af6e27ac-340-e77eef3d","seq":6,"message":"sweep initialized face py on CS4"}
2026-09-17T17:12:57.414+00:00	{"v":1,"type":"log","session":"s3-af6e27ac-340-e77eef3d","seq":7,"message":"sweep initialized face ny on CS5"}
2026-09-17T17:12:57.915+00:00	{"v":1,"type":"log","session":"s3-af6e27ac-340-e77eef3d","seq":8,"message":"sweep initialized face pz on CS6"}
2026-09-17T17:12:58.414+00:00	{"v":1,"type":"log","session":"s3-af6e27ac-340-e77eef3d","seq":9,"message":"sweep initialized face nz on CS7"}
2026-09-17T17:13:00.148+00:00	{"v":1,"type":"log","session":"s3-af6e27ac-340-e77eef3d","seq":10,"message":"sweep painted px,nx,py,ny,pz,nz","phase":1}
2026-09-17T17:13:00.149+00:00	{"v":1,"type":"hello","session":"s3-af6e27ac-340-e77eef3d","seq":11,"device":"deep-sphere-v1","inputs":"keyboard","yaw_source":"none","asset_pack":"luna-04-ocean-atlas","renderer":"procedural-live-ocean","scene_version":2,"panels":"px,nx,py,ny,pz,nz","firmware_env":"esp32-s3-zero","firmware_build":"Sep 18 2026 00:11:36","reset_reason":0,"reset_reason_name":"unknown","uptime_ms":5220,"truncated_lines":0,"stage":"serial_ready"}
2026-09-17T17:13:00.150+00:00	{"v":1,"type":"heartbeat","session":"s3-af6e27ac-340-e77eef3d","seq":12,"firmware_env":"esp32-s3-zero","firmware_build":"Sep 18 2026 00:11:36","reset_reason":0,"reset_reason_name":"unknown","uptime_ms":5221,"truncated_lines":0,"stage":"loop_running","heartbeat":1}
2026-09-17T17:13:01.885+00:00	{"v":1,"type":"log","session":"s3-af6e27ac-340-e77eef3d","seq":13,"message":"sweep painted px,nx,py,ny,pz,nz","phase":2}
2026-09-17T17:13:01.890+00:00	{"v":1,"type":"heartbeat","session":"s3-af6e27ac-340-e77eef3d","seq":14,"firmware_env":"esp32-s3-zero","firmware_build":"Sep 18 2026 00:11:36","reset_reason":0,"reset_reason_name":"unknown","uptime_ms":6956,"truncated_lines":0,"stage":"loop_running","heartbeat":2}
2026-09-17T17:13:03.886+00:00	{"v":1,"type":"log","session":"s3-af6e27ac-340-e77eef3d","seq":15,"message":"sweep painted px,nx,py,ny,pz,nz","phase":3}
2026-09-17T17:13:03.887+00:00	{"v":1,"type":"heartbeat","session":"s3-af6e27ac-340-e77eef3d","seq":16,"firmware_env":"esp32-s3-zero","firmware_build":"Sep 18 2026 00:11:36","reset_reason":0,"reset_reason_name":"unknown","uptime_ms":8957,"truncated_lines":0,"stage":"loop_running","heartbeat":3}
2026-09-17T17:13:05.886+00:00	{"v":1,"type":"log","session":"s3-af6e27ac-340-e77eef3d","seq":17,"message":"sweep painted px,nx,py,ny,pz,nz","phase":4}
2026-09-17T17:13:05.892+00:00	{"v":1,"type":"heartbeat","session":"s3-af6e27ac-340-e77eef3d","seq":18,"firmware_env":"esp32-s3-zero","firmware_build":"Sep 18 2026 00:11:36","reset_reason":0,"reset_reason_name":"unknown","uptime_ms":10958,"truncated_lines":0,"stage":"loop_running","heartbeat":4}
2026-09-17T17:13:07.887+00:00	{"v":1,"type":"log","session":"s3-af6e27ac-340-e77eef3d","seq":19,"message":"sweep painted px,nx,py,ny,pz,nz","phase":5}
2026-09-17T17:13:07.888+00:00	{"v":1,"type":"heartbeat","session":"s3-af6e27ac-340-e77eef3d","seq":20,"firmware_env":"esp32-s3-zero","firmware_build":"Sep 18 2026 00:11:36","reset_reason":0,"reset_reason_name":"unknown","uptime_ms":12959,"truncated_lines":0,"stage":"loop_running","heartbeat":5}
2026-09-17T17:13:09.888+00:00	{"v":1,"type":"log","session":"s3-af6e27ac-340-e77eef3d","seq":21,"message":"sweep painted px,nx,py,ny,pz,nz","phase":6}
2026-09-17T17:13:09.892+00:00	{"v":1,"type":"heartbeat","session":"s3-af6e27ac-340-e77eef3d","seq":22,"firmware_env":"esp32-s3-zero","firmware_build":"Sep 18 2026 00:11:36","reset_reason":0,"reset_reason_name":"unknown","uptime_ms":14960,"truncated_lines":0,"stage":"loop_running","heartbeat":6}
2026-09-17T17:13:11.893+00:00	{"v":1,"type":"log","session":"s3-af6e27ac-340-e77eef3d","seq":23,"message":"sweep painted px,nx,py,ny,pz,nz","phase":7}
2026-09-17T17:13:11.895+00:00	{"v":1,"type":"heartbeat","session":"s3-af6e27ac-340-e77eef3d","seq":24,"firmware_env":"esp32-s3-zero","firmware_build":"Sep 18 2026 00:11:36","reset_reason":0,"reset_reason_name":"unknown","uptime_ms":16961,"truncated_lines":0,"stage":"loop_running","heartbeat":7}
2026-09-17T17:13:13.890+00:00	{"v":1,"type":"log","session":"s3-af6e27ac-340-e77eef3d","seq":25,"message":"sweep painted px,nx,py,ny,pz,nz","phase":8}
2026-09-17T17:13:13.891+00:00	{"v":1,"type":"heartbeat","session":"s3-af6e27ac-340-e77eef3d","seq":26,"firmware_env":"esp32-s3-zero","firmware_build":"Sep 18 2026 00:11:36","reset_reason":0,"reset_reason_name":"unknown","uptime_ms":18962,"truncated_lines":0,"stage":"loop_running","heartbeat":8}
2026-09-17T17:13:15.892+00:00	{"v":1,"type":"log","session":"s3-af6e27ac-340-e77eef3d","seq":27,"message":"sweep painted px,nx,py,ny,pz,nz","phase":9}
2026-09-17T17:13:15.893+00:00	{"v":1,"type":"heartbeat","session":"s3-af6e27ac-340-e77eef3d","seq":28,"firmware_env":"esp32-s3-zero","firmware_build":"Sep 18 2026 00:11:36","reset_reason":0,"reset_reason_name":"unknown","uptime_ms":20963,"truncated_lines":0,"stage":"loop_running","heartbeat":9}
2026-09-17T17:13:17.892+00:00	{"v":1,"type":"log","session":"s3-af6e27ac-340-e77eef3d","seq":29,"message":"sweep painted px,nx,py,ny,pz,nz","phase":10}
2026-09-17T17:13:17.893+00:00	{"v":1,"type":"heartbeat","session":"s3-af6e27ac-340-e77eef3d","seq":30,"firmware_env":"esp32-s3-zero","firmware_build":"Sep 18 2026 00:11:36","reset_reason":0,"reset_reason_name":"unknown","uptime_ms":22964,"truncated_lines":0,"stage":"loop_running","heartbeat":10}
2026-09-17T17:13:19.893+00:00	{"v":1,"type":"log","session":"s3-af6e27ac-340-e77eef3d","seq":31,"message":"sweep painted px,nx,py,ny,pz,nz","phase":11}
2026-09-17T17:13:19.897+00:00	{"v":1,"type":"heartbeat","session":"s3-af6e27ac-340-e77eef3d","seq":32,"firmware_env":"esp32-s3-zero","firmware_build":"Sep 18 2026 00:11:36","reset_reason":0,"reset_reason_name":"unknown","uptime_ms":24965,"truncated_lines":0,"stage":"loop_running","heartbeat":11}
2026-09-17T17:13:21.893+00:00	{"v":1,"type":"log","session":"s3-af6e27ac-340-e77eef3d","seq":33,"message":"sweep painted px,nx,py,ny,pz,nz","phase":12}
2026-09-17T17:13:21.895+00:00	{"v":1,"type":"heartbeat","session":"s3-af6e27ac-340-e77eef3d","seq":34,"firmware_env":"esp32-s3-zero","firmware_build":"Sep 18 2026 00:11:36","reset_reason":0,"reset_reason_name":"unknown","uptime_ms":26966,"truncated_lines":0,"stage":"loop_running","heartbeat":12}
2026-09-17T17:13:23.895+00:00	{"v":1,"type":"log","session":"s3-af6e27ac-340-e77eef3d","seq":35,"message":"sweep painted px,nx,py,ny,pz,nz","phase":13}
2026-09-17T17:13:23.897+00:00	{"v":1,"type":"heartbeat","session":"s3-af6e27ac-340-e77eef3d","seq":36,"firmware_env":"esp32-s3-zero","firmware_build":"Sep 18 2026 00:11:36","reset_reason":0,"reset_reason_name":"unknown","uptime_ms":28967,"truncated_lines":0,"stage":"loop_running","heartbeat":13}
2026-09-17T17:13:25.897+00:00	{"v":1,"type":"log","session":"s3-af6e27ac-340-e77eef3d","seq":37,"message":"sweep painted px,nx,py,ny,pz,nz","phase":14}
2026-09-17T17:13:25.898+00:00	{"v":1,"type":"heartbeat","session":"s3-af6e27ac-340-e77eef3d","seq":38,"firmware_env":"esp32-s3-zero","firmware_build":"Sep 18 2026 00:11:36","reset_reason":0,"reset_reason_name":"unknown","uptime_ms":30968,"truncated_lines":0,"stage":"loop_running","heartbeat":14}
2026-09-17T17:13:27.898+00:00	{"v":1,"type":"log","session":"s3-af6e27ac-340-e77eef3d","seq":39,"message":"sweep painted px,nx,py,ny,pz,nz","phase":15}
2026-09-17T17:13:27.901+00:00	{"v":1,"type":"heartbeat","session":"s3-af6e27ac-340-e77eef3d","seq":40,"firmware_env":"esp32-s3-zero","firmware_build":"Sep 18 2026 00:11:36","reset_reason":0,"reset_reason_name":"unknown","uptime_ms":32969,"truncated_lines":0,"stage":"loop_running","heartbeat":15}
2026-09-17T17:13:29.898+00:00	{"v":1,"type":"log","session":"s3-af6e27ac-340-e77eef3d","seq":41,"message":"sweep painted px,nx,py,ny,pz,nz","phase":16}
2026-09-17T17:13:29.899+00:00	{"v":1,"type":"heartbeat","session":"s3-af6e27ac-340-e77eef3d","seq":42,"firmware_env":"esp32-s3-zero","firmware_build":"Sep 18 2026 00:11:36","reset_reason":0,"reset_reason_name":"unknown","uptime_ms":34970,"truncated_lines":0,"stage":"loop_running","heartbeat":16}
2026-09-17T17:13:31.898+00:00	{"v":1,"type":"log","session":"s3-af6e27ac-340-e77eef3d","seq":43,"message":"sweep painted px,nx,py,ny,pz,nz","phase":17}
2026-09-17T17:13:31.898+00:00	{"v":1,"type":"heartbeat","session":"s3-af6e27ac-340-e77eef3d","seq":44,"firmware_env":"esp32-s3-zero","firmware_build":"Sep 18 2026 00:11:36","reset_reason":0,"reset_reason_name":"unknown","uptime_ms":36971,"truncated_lines":0,"stage":"loop_running","heartbeat":17}
2026-09-17T17:13:33.901+00:00	{"v":1,"type":"log","session":"s3-af6e27ac-340-e77eef3d","seq":45,"message":"sweep painted px,nx,py,ny,pz,nz","phase":18}
2026-09-17T17:13:33.903+00:00	{"v":1,"type":"heartbeat","session":"s3-af6e27ac-340-e77eef3d","seq":46,"firmware_env":"esp32-s3-zero","firmware_build":"Sep 18 2026 00:11:36","reset_reason":0,"reset_reason_name":"unknown","uptime_ms":38972,"truncated_lines":0,"stage":"loop_running","heartbeat":18}
2026-09-17T17:13:35.900+00:00	{"v":1,"type":"log","session":"s3-af6e27ac-340-e77eef3d","seq":47,"message":"sweep painted px,nx,py,ny,pz,nz","phase":19}
2026-09-17T17:13:35.902+00:00	{"v":1,"type":"heartbeat","session":"s3-af6e27ac-340-e77eef3d","seq":48,"firmware_env":"esp32-s3-zero","firmware_build":"Sep 18 2026 00:11:36","reset_reason":0,"reset_reason_name":"unknown","uptime_ms":40973,"truncated_lines":0,"stage":"loop_running","heartbeat":19}
2026-09-17T17:13:37.902+00:00	{"v":1,"type":"log","session":"s3-af6e27ac-340-e77eef3d","seq":49,"message":"sweep painted px,nx,py,ny,pz,nz","phase":20}
2026-09-17T17:13:37.905+00:00	{"v":1,"type":"heartbeat","session":"s3-af6e27ac-340-e77eef3d","seq":50,"firmware_env":"esp32-s3-zero","firmware_build":"Sep 18 2026 00:11:36","reset_reason":0,"reset_reason_name":"unknown","uptime_ms":42974,"truncated_lines":0,"stage":"loop_running","heartbeat":20}
2026-09-17T17:13:39.902+00:00	{"v":1,"type":"log","session":"s3-af6e27ac-340-e77eef3d","seq":51,"message":"sweep painted px,nx,py,ny,pz,nz","phase":21}
2026-09-17T17:13:39.903+00:00	{"v":1,"type":"heartbeat","session":"s3-af6e27ac-340-e77eef3d","seq":52,"firmware_env":"esp32-s3-zero","firmware_build":"Sep 18 2026 00:11:36","reset_reason":0,"reset_reason_name":"unknown","uptime_ms":44975,"truncated_lines":0,"stage":"loop_running","heartbeat":21}
2026-09-17T17:13:41.905+00:00	{"v":1,"type":"log","session":"s3-af6e27ac-340-e77eef3d","seq":53,"message":"sweep painted px,nx,py,ny,pz,nz","phase":22}
2026-09-17T17:13:41.907+00:00	{"v":1,"type":"heartbeat","session":"s3-af6e27ac-340-e77eef3d","seq":54,"firmware_env":"esp32-s3-zero","firmware_build":"Sep 18 2026 00:11:36","reset_reason":0,"reset_reason_name":"unknown","uptime_ms":46976,"truncated_lines":0,"stage":"loop_running","heartbeat":22}
2026-09-17T17:13:43.904+00:00	{"v":1,"type":"log","session":"s3-af6e27ac-340-e77eef3d","seq":55,"message":"sweep painted px,nx,py,ny,pz,nz","phase":23}
2026-09-17T17:13:43.905+00:00	{"v":1,"type":"heartbeat","session":"s3-af6e27ac-340-e77eef3d","seq":56,"firmware_env":"esp32-s3-zero","firmware_build":"Sep 18 2026 00:11:36","reset_reason":0,"reset_reason_name":"unknown","uptime_ms":48977,"truncated_lines":0,"stage":"loop_running","heartbeat":23}
2026-09-17T17:13:45.907+00:00	{"v":1,"type":"log","session":"s3-af6e27ac-340-e77eef3d","seq":57,"message":"sweep painted px,nx,py,ny,pz,nz","phase":24}
2026-09-17T17:13:45.908+00:00	{"v":1,"type":"heartbeat","session":"s3-af6e27ac-340-e77eef3d","seq":58,"firmware_env":"esp32-s3-zero","firmware_build":"Sep 18 2026 00:11:36","reset_reason":0,"reset_reason_name":"unknown","uptime_ms":50978,"truncated_lines":0,"stage":"loop_running","heartbeat":24}
2026-09-17T17:13:47.908+00:00	{"v":1,"type":"log","session":"s3-af6e27ac-340-e77eef3d","seq":59,"message":"sweep painted px,nx,py,ny,pz,nz","phase":25}
2026-09-17T17:13:47.909+00:00	{"v":1,"type":"heartbeat","session":"s3-af6e27ac-340-e77eef3d","seq":60,"firmware_env":"esp32-s3-zero","firmware_build":"Sep 18 2026 00:11:36","reset_reason":0,"reset_reason_name":"unknown","uptime_ms":52979,"truncated_lines":0,"stage":"loop_running","heartbeat":25}
2026-09-17T17:13:49.907+00:00	{"v":1,"type":"log","session":"s3-af6e27ac-340-e77eef3d","seq":61,"message":"sweep painted px,nx,py,ny,pz,nz","phase":26}
2026-09-17T17:13:49.911+00:00	{"v":1,"type":"heartbeat","session":"s3-af6e27ac-340-e77eef3d","seq":62,"firmware_env":"esp32-s3-zero","firmware_build":"Sep 18 2026 00:11:36","reset_reason":0,"reset_reason_name":"unknown","uptime_ms":54980,"truncated_lines":0,"stage":"loop_running","heartbeat":26}
2026-09-17T17:13:51.908+00:00	{"v":1,"type":"log","session":"s3-af6e27ac-340-e77eef3d","seq":63,"message":"sweep painted px,nx,py,ny,pz,nz","phase":27}
2026-09-17T17:13:51.909+00:00	{"v":1,"type":"heartbeat","session":"s3-af6e27ac-340-e77eef3d","seq":64,"firmware_env":"esp32-s3-zero","firmware_build":"Sep 18 2026 00:11:36","reset_reason":0,"reset_reason_name":"unknown","uptime_ms":56981,"truncated_lines":0,"stage":"loop_running","heartbeat":27}
2026-09-17T17:13:53.908+00:00	{"v":1,"type":"log","session":"s3-af6e27ac-340-e77eef3d","seq":65,"message":"sweep painted px,nx,py,ny,pz,nz","phase":28}
2026-09-17T17:13:53.910+00:00	{"v":1,"type":"heartbeat","session":"s3-af6e27ac-340-e77eef3d","seq":66,"firmware_env":"esp32-s3-zero","firmware_build":"Sep 18 2026 00:11:36","reset_reason":0,"reset_reason_name":"unknown","uptime_ms":58982,"truncated_lines":0,"stage":"loop_running","heartbeat":28}
2026-09-17T17:13:55.910+00:00	{"v":1,"type":"log","session":"s3-af6e27ac-340-e77eef3d","seq":67,"message":"sweep painted px,nx,py,ny,pz,nz","phase":29}
2026-09-17T17:13:55.910+00:00	{"v":1,"type":"heartbeat","session":"s3-af6e27ac-340-e77eef3d","seq":68,"firmware_env":"esp32-s3-zero","firmware_build":"Sep 18 2026 00:11:36","reset_reason":0,"reset_reason_name":"unknown","uptime_ms":60983,"truncated_lines":0,"stage":"loop_running","heartbeat":29}
2026-09-17T17:13:57.910+00:00	{"v":1,"type":"log","session":"s3-af6e27ac-340-e77eef3d","seq":69,"message":"sweep painted px,nx,py,ny,pz,nz","phase":30}
2026-09-17T17:13:57.911+00:00	{"v":1,"type":"heartbeat","session":"s3-af6e27ac-340-e77eef3d","seq":70,"firmware_env":"esp32-s3-zero","firmware_build":"Sep 18 2026 00:11:36","reset_reason":0,"reset_reason_name":"unknown","uptime_ms":62984,"truncated_lines":0,"stage":"loop_running","heartbeat":30}
2026-09-17T17:13:59.911+00:00	{"v":1,"type":"log","session":"s3-af6e27ac-340-e77eef3d","seq":71,"message":"sweep painted px,nx,py,ny,pz,nz","phase":31}
2026-09-17T17:13:59.912+00:00	{"v":1,"type":"heartbeat","session":"s3-af6e27ac-340-e77eef3d","seq":72,"firmware_env":"esp32-s3-zero","firmware_build":"Sep 18 2026 00:11:36","reset_reason":0,"reset_reason_name":"unknown","uptime_ms":64985,"truncated_lines":0,"stage":"loop_running","heartbeat":31}
2026-09-17T17:14:01.914+00:00	{"v":1,"type":"log","session":"s3-af6e27ac-340-e77eef3d","seq":73,"message":"sweep painted px,nx,py,ny,pz,nz","phase":32}
2026-09-17T17:14:01.915+00:00	{"v":1,"type":"heartbeat","session":"s3-af6e27ac-340-e77eef3d","seq":74,"firmware_env":"esp32-s3-zero","firmware_build":"Sep 18 2026 00:11:36","reset_reason":0,"reset_reason_name":"unknown","uptime_ms":66986,"truncated_lines":0,"stage":"loop_running","heartbeat":32}
2026-09-17T17:14:03.914+00:00	{"v":1,"type":"log","session":"s3-af6e27ac-340-e77eef3d","seq":75,"message":"sweep painted px,nx,py,ny,pz,nz","phase":33}
2026-09-17T17:14:03.915+00:00	{"v":1,"type":"heartbeat","session":"s3-af6e27ac-340-e77eef3d","seq":76,"firmware_env":"esp32-s3-zero","firmware_build":"Sep 18 2026 00:11:36","reset_reason":0,"reset_reason_name":"unknown","uptime_ms":68987,"truncated_lines":0,"stage":"loop_running","heartbeat":33}
2026-09-17T17:14:05.914+00:00	{"v":1,"type":"log","session":"s3-af6e27ac-340-e77eef3d","seq":77,"message":"sweep painted px,nx,py,ny,pz,nz","phase":34}
2026-09-17T17:14:05.915+00:00	{"v":1,"type":"heartbeat","session":"s3-af6e27ac-340-e77eef3d","seq":78,"firmware_env":"esp32-s3-zero","firmware_build":"Sep 18 2026 00:11:36","reset_reason":0,"reset_reason_name":"unknown","uptime_ms":70988,"truncated_lines":0,"stage":"loop_running","heartbeat":34}
2026-09-17T17:14:07.916+00:00	{"v":1,"type":"log","session":"s3-af6e27ac-340-e77eef3d","seq":79,"message":"sweep painted px,nx,py,ny,pz,nz","phase":35}
2026-09-17T17:14:07.917+00:00	{"v":1,"type":"heartbeat","session":"s3-af6e27ac-340-e77eef3d","seq":80,"firmware_env":"esp32-s3-zero","firmware_build":"Sep 18 2026 00:11:36","reset_reason":0,"reset_reason_name":"unknown","uptime_ms":72989,"truncated_lines":0,"stage":"loop_running","heartbeat":35}
2026-09-17T17:14:09.917+00:00	{"v":1,"type":"log","session":"s3-af6e27ac-340-e77eef3d","seq":81,"message":"sweep painted px,nx,py,ny,pz,nz","phase":36}
2026-09-17T17:14:09.921+00:00	{"v":1,"type":"heartbeat","session":"s3-af6e27ac-340-e77eef3d","seq":82,"firmware_env":"esp32-s3-zero","firmware_build":"Sep 18 2026 00:11:36","reset_reason":0,"reset_reason_name":"unknown","uptime_ms":74990,"truncated_lines":0,"stage":"loop_running","heartbeat":36}
2026-09-17T17:14:11.918+00:00	{"v":1,"type":"log","session":"s3-af6e27ac-340-e77eef3d","seq":83,"message":"sweep painted px,nx,py,ny,pz,nz","phase":37}
2026-09-17T17:14:11.919+00:00	{"v":1,"type":"heartbeat","session":"s3-af6e27ac-340-e77eef3d","seq":84,"firmware_env":"esp32-s3-zero","firmware_build":"Sep 18 2026 00:11:36","reset_reason":0,"reset_reason_name":"unknown","uptime_ms":76991,"truncated_lines":0,"stage":"loop_running","heartbeat":37}
2026-09-17T17:14:13.918+00:00	{"v":1,"type":"log","session":"s3-af6e27ac-340-e77eef3d","seq":85,"message":"sweep painted px,nx,py,ny,pz,nz","phase":38}
2026-09-17T17:14:13.918+00:00	{"v":1,"type":"heartbeat","session":"s3-af6e27ac-340-e77eef3d","seq":86,"firmware_env":"esp32-s3-zero","firmware_build":"Sep 18 2026 00:11:36","reset_reason":0,"reset_reason_name":"unknown","uptime_ms":78992,"truncated_lines":0,"stage":"loop_running","heartbeat":38}
2026-09-17T17:14:15.920+00:00	{"v":1,"type":"log","session":"s3-af6e27ac-340-e77eef3d","seq":87,"message":"sweep painted px,nx,py,ny,pz,nz","phase":39}
2026-09-17T17:14:15.921+00:00	{"v":1,"type":"heartbeat","session":"s3-af6e27ac-340-e77eef3d","seq":88,"firmware_env":"esp32-s3-zero","firmware_build":"Sep 18 2026 00:11:36","reset_reason":0,"reset_reason_name":"unknown","uptime_ms":80993,"truncated_lines":0,"stage":"loop_running","heartbeat":39}
2026-09-17T17:14:17.921+00:00	{"v":1,"type":"log","session":"s3-af6e27ac-340-e77eef3d","seq":89,"message":"sweep painted px,nx,py,ny,pz,nz","phase":40}
2026-09-17T17:14:17.922+00:00	{"v":1,"type":"heartbeat","session":"s3-af6e27ac-340-e77eef3d","seq":90,"firmware_env":"esp32-s3-zero","firmware_build":"Sep 18 2026 00:11:36","reset_reason":0,"reset_reason_name":"unknown","uptime_ms":82994,"truncated_lines":0,"stage":"loop_running","heartbeat":40}
2026-09-17T17:14:19.921+00:00	{"v":1,"type":"log","session":"s3-af6e27ac-340-e77eef3d","seq":91,"message":"sweep painted px,nx,py,ny,pz,nz","phase":41}
2026-09-17T17:14:19.923+00:00	{"v":1,"type":"heartbeat","session":"s3-af6e27ac-340-e77eef3d","seq":92,"firmware_env":"esp32-s3-zero","firmware_build":"Sep 18 2026 00:11:36","reset_reason":0,"reset_reason_name":"unknown","uptime_ms":84995,"truncated_lines":0,"stage":"loop_running","heartbeat":41}
2026-09-17T17:14:21.921+00:00	{"v":1,"type":"log","session":"s3-af6e27ac-340-e77eef3d","seq":93,"message":"sweep painted px,nx,py,ny,pz,nz","phase":42}
2026-09-17T17:14:21.923+00:00	{"v":1,"type":"heartbeat","session":"s3-af6e27ac-340-e77eef3d","seq":94,"firmware_env":"esp32-s3-zero","firmware_build":"Sep 18 2026 00:11:36","reset_reason":0,"reset_reason_name":"unknown","uptime_ms":86996,"truncated_lines":0,"stage":"loop_running","heartbeat":42}
2026-09-17T17:14:23.923+00:00	{"v":1,"type":"log","session":"s3-af6e27ac-340-e77eef3d","seq":95,"message":"sweep painted px,nx,py,ny,pz,nz","phase":43}
2026-09-17T17:14:23.925+00:00	{"v":1,"type":"heartbeat","session":"s3-af6e27ac-340-e77eef3d","seq":96,"firmware_env":"esp32-s3-zero","firmware_build":"Sep 18 2026 00:11:36","reset_reason":0,"reset_reason_name":"unknown","uptime_ms":88997,"truncated_lines":0,"stage":"loop_running","heartbeat":43}
2026-09-17T17:14:25.923+00:00	{"v":1,"type":"log","session":"s3-af6e27ac-340-e77eef3d","seq":97,"message":"sweep painted px,nx,py,ny,pz,nz","phase":44}
2026-09-17T17:14:25.924+00:00	{"v":1,"type":"heartbeat","session":"s3-af6e27ac-340-e77eef3d","seq":98,"firmware_env":"esp32-s3-zero","firmware_build":"Sep 18 2026 00:11:36","reset_reason":0,"reset_reason_name":"unknown","uptime_ms":90998,"truncated_lines":0,"stage":"loop_running","heartbeat":44}
2026-09-17T17:14:27.925+00:00	{"v":1,"type":"log","session":"s3-af6e27ac-340-e77eef3d","seq":99,"message":"sweep painted px,nx,py,ny,pz,nz","phase":45}
2026-09-17T17:14:27.927+00:00	{"v":1,"type":"heartbeat","session":"s3-af6e27ac-340-e77eef3d","seq":100,"firmware_env":"esp32-s3-zero","firmware_build":"Sep 18 2026 00:11:36","reset_reason":0,"reset_reason_name":"unknown","uptime_ms":92999,"truncated_lines":0,"stage":"loop_running","heartbeat":45}
2026-09-17T17:14:29.927+00:00	{"v":1,"type":"log","session":"s3-af6e27ac-340-e77eef3d","seq":101,"message":"sweep painted px,nx,py,ny,pz,nz","phase":46}
2026-09-17T17:14:29.928+00:00	{"v":1,"type":"heartbeat","session":"s3-af6e27ac-340-e77eef3d","seq":102,"firmware_env":"esp32-s3-zero","firmware_build":"Sep 18 2026 00:11:36","reset_reason":0,"reset_reason_name":"unknown","uptime_ms":95000,"truncated_lines":0,"stage":"loop_running","heartbeat":46}
2026-09-17T17:14:31.927+00:00	{"v":1,"type":"log","session":"s3-af6e27ac-340-e77eef3d","seq":103,"message":"sweep painted px,nx,py,ny,pz,nz","phase":47}
2026-09-17T17:14:31.929+00:00	{"v":1,"type":"heartbeat","session":"s3-af6e27ac-340-e77eef3d","seq":104,"firmware_env":"esp32-s3-zero","firmware_build":"Sep 18 2026 00:11:36","reset_reason":0,"reset_reason_name":"unknown","uptime_ms":97001,"truncated_lines":0,"stage":"loop_running","heartbeat":47}
2026-09-17T17:14:33.928+00:00	{"v":1,"type":"log","session":"s3-af6e27ac-340-e77eef3d","seq":105,"message":"sweep painted px,nx,py,ny,pz,nz","phase":48}
2026-09-17T17:14:33.929+00:00	{"v":1,"type":"heartbeat","session":"s3-af6e27ac-340-e77eef3d","seq":106,"firmware_env":"esp32-s3-zero","firmware_build":"Sep 18 2026 00:11:36","reset_reason":0,"reset_reason_name":"unknown","uptime_ms":99002,"truncated_lines":0,"stage":"loop_running","heartbeat":48}
2026-09-17T17:14:35.928+00:00	{"v":1,"type":"log","session":"s3-af6e27ac-340-e77eef3d","seq":107,"message":"sweep painted px,nx,py,ny,pz,nz","phase":49}
2026-09-17T17:14:35.929+00:00	{"v":1,"type":"heartbeat","session":"s3-af6e27ac-340-e77eef3d","seq":108,"firmware_env":"esp32-s3-zero","firmware_build":"Sep 18 2026 00:11:36","reset_reason":0,"reset_reason_name":"unknown","uptime_ms":101003,"truncated_lines":0,"stage":"loop_running","heartbeat":49}
2026-09-17T17:14:37.930+00:00	{"v":1,"type":"log","session":"s3-af6e27ac-340-e77eef3d","seq":109,"message":"sweep painted px,nx,py,ny,pz,nz","phase":50}
2026-09-17T17:14:37.931+00:00	{"v":1,"type":"heartbeat","session":"s3-af6e27ac-340-e77eef3d","seq":110,"firmware_env":"esp32-s3-zero","firmware_build":"Sep 18 2026 00:11:36","reset_reason":0,"reset_reason_name":"unknown","uptime_ms":103004,"truncated_lines":0,"stage":"loop_running","heartbeat":50}
2026-09-17T17:14:39.930+00:00	{"v":1,"type":"log","session":"s3-af6e27ac-340-e77eef3d","seq":111,"message":"sweep painted px,nx,py,ny,pz,nz","phase":51}
2026-09-17T17:14:39.931+00:00	{"v":1,"type":"heartbeat","session":"s3-af6e27ac-340-e77eef3d","seq":112,"firmware_env":"esp32-s3-zero","firmware_build":"Sep 18 2026 00:11:36","reset_reason":0,"reset_reason_name":"unknown","uptime_ms":105005,"truncated_lines":0,"stage":"loop_running","heartbeat":51}
2026-09-17T17:14:41.932+00:00	{"v":1,"type":"log","session":"s3-af6e27ac-340-e77eef3d","seq":113,"message":"sweep painted px,nx,py,ny,pz,nz","phase":52}
2026-09-17T17:14:41.934+00:00	{"v":1,"type":"heartbeat","session":"s3-af6e27ac-340-e77eef3d","seq":114,"firmware_env":"esp32-s3-zero","firmware_build":"Sep 18 2026 00:11:36","reset_reason":0,"reset_reason_name":"unknown","uptime_ms":107006,"truncated_lines":0,"stage":"loop_running","heartbeat":52}
2026-09-17T17:14:43.932+00:00	{"v":1,"type":"log","session":"s3-af6e27ac-340-e77eef3d","seq":115,"message":"sweep painted px,nx,py,ny,pz,nz","phase":53}
2026-09-17T17:14:43.933+00:00	{"v":1,"type":"heartbeat","session":"s3-af6e27ac-340-e77eef3d","seq":116,"firmware_env":"esp32-s3-zero","firmware_build":"Sep 18 2026 00:11:36","reset_reason":0,"reset_reason_name":"unknown","uptime_ms":109007,"truncated_lines":0,"stage":"loop_running","heartbeat":53}
2026-09-17T17:14:45.934+00:00	{"v":1,"type":"log","session":"s3-af6e27ac-340-e77eef3d","seq":117,"message":"sweep painted px,nx,py,ny,pz,nz","phase":54}
2026-09-17T17:14:45.935+00:00	{"v":1,"type":"heartbeat","session":"s3-af6e27ac-340-e77eef3d","seq":118,"firmware_env":"esp32-s3-zero","firmware_build":"Sep 18 2026 00:11:36","reset_reason":0,"reset_reason_name":"unknown","uptime_ms":111008,"truncated_lines":0,"stage":"loop_running","heartbeat":54}
2026-09-17T17:14:47.936+00:00	{"v":1,"type":"log","session":"s3-af6e27ac-340-e77eef3d","seq":119,"message":"sweep painted px,nx,py,ny,pz,nz","phase":55}
2026-09-17T17:14:47.939+00:00	{"v":1,"type":"heartbeat","session":"s3-af6e27ac-340-e77eef3d","seq":120,"firmware_env":"esp32-s3-zero","firmware_build":"Sep 18 2026 00:11:36","reset_reason":0,"reset_reason_name":"unknown","uptime_ms":113009,"truncated_lines":0,"stage":"loop_running","heartbeat":55}
2026-09-17T17:14:49.937+00:00	{"v":1,"type":"log","session":"s3-af6e27ac-340-e77eef3d","seq":121,"message":"sweep painted px,nx,py,ny,pz,nz","phase":56}
2026-09-17T17:14:49.940+00:00	{"v":1,"type":"heartbeat","session":"s3-af6e27ac-340-e77eef3d","seq":122,"firmware_env":"esp32-s3-zero","firmware_build":"Sep 18 2026 00:11:36","reset_reason":0,"reset_reason_name":"unknown","uptime_ms":115010,"truncated_lines":0,"stage":"loop_running","heartbeat":56}
2026-09-17T17:14:51.937+00:00	{"v":1,"type":"log","session":"s3-af6e27ac-340-e77eef3d","seq":123,"message":"sweep painted px,nx,py,ny,pz,nz","phase":57}
2026-09-17T17:14:51.939+00:00	{"v":1,"type":"heartbeat","session":"s3-af6e27ac-340-e77eef3d","seq":124,"firmware_env":"esp32-s3-zero","firmware_build":"Sep 18 2026 00:11:36","reset_reason":0,"reset_reason_name":"unknown","uptime_ms":117011,"truncated_lines":0,"stage":"loop_running","heartbeat":57}
2026-09-17T17:14:53.937+00:00	{"v":1,"type":"log","session":"s3-af6e27ac-340-e77eef3d","seq":125,"message":"sweep painted px,nx,py,ny,pz,nz","phase":58}
2026-09-17T17:14:53.938+00:00	{"v":1,"type":"heartbeat","session":"s3-af6e27ac-340-e77eef3d","seq":126,"firmware_env":"esp32-s3-zero","firmware_build":"Sep 18 2026 00:11:36","reset_reason":0,"reset_reason_name":"unknown","uptime_ms":119012,"truncated_lines":0,"stage":"loop_running","heartbeat":58}
2026-09-17T17:14:55.938+00:00	{"v":1,"type":"log","session":"s3-af6e27ac-340-e77eef3d","seq":127,"message":"sweep painted px,nx,py,ny,pz,nz","phase":59}
2026-09-17T17:14:55.940+00:00	{"v":1,"type":"heartbeat","session":"s3-af6e27ac-340-e77eef3d","seq":128,"firmware_env":"esp32-s3-zero","firmware_build":"Sep 18 2026 00:11:36","reset_reason":0,"reset_reason_name":"unknown","uptime_ms":121013,"truncated_lines":0,"stage":"loop_running","heartbeat":59}
2026-09-17T17:14:57.940+00:00	{"v":1,"type":"log","session":"s3-af6e27ac-340-e77eef3d","seq":129,"message":"sweep painted px,nx,py,ny,pz,nz","phase":60}
2026-09-17T17:14:57.943+00:00	{"v":1,"type":"heartbeat","session":"s3-af6e27ac-340-e77eef3d","seq":130,"firmware_env":"esp32-s3-zero","firmware_build":"Sep 18 2026 00:11:36","reset_reason":0,"reset_reason_name":"unknown","uptime_ms":123014,"truncated_lines":0,"stage":"loop_running","heartbeat":60}
2026-09-17T17:14:59.940+00:00	{"v":1,"type":"log","session":"s3-af6e27ac-340-e77eef3d","seq":131,"message":"sweep painted px,nx,py,ny,pz,nz","phase":61}
2026-09-17T17:14:59.940+00:00	{"v":1,"type":"heartbeat","session":"s3-af6e27ac-340-e77eef3d","seq":132,"firmware_env":"esp32-s3-zero","firmware_build":"Sep 18 2026 00:11:36","reset_reason":0,"reset_reason_name":"unknown","uptime_ms":125015,"truncated_lines":0,"stage":"loop_running","heartbeat":61}
2026-09-17T17:15:01.941+00:00	{"v":1,"type":"log","session":"s3-af6e27ac-340-e77eef3d","seq":133,"message":"sweep painted px,nx,py,ny,pz,nz","phase":62}
2026-09-17T17:15:01.943+00:00	{"v":1,"type":"heartbeat","session":"s3-af6e27ac-340-e77eef3d","seq":134,"firmware_env":"esp32-s3-zero","firmware_build":"Sep 18 2026 00:11:36","reset_reason":0,"reset_reason_name":"unknown","uptime_ms":127016,"truncated_lines":0,"stage":"loop_running","heartbeat":62}
2026-09-17T17:15:03.942+00:00	{"v":1,"type":"log","session":"s3-af6e27ac-340-e77eef3d","seq":135,"message":"sweep painted px,nx,py,ny,pz,nz","phase":63}
2026-09-17T17:15:03.943+00:00	{"v":1,"type":"heartbeat","session":"s3-af6e27ac-340-e77eef3d","seq":136,"firmware_env":"esp32-s3-zero","firmware_build":"Sep 18 2026 00:11:36","reset_reason":0,"reset_reason_name":"unknown","uptime_ms":129017,"truncated_lines":0,"stage":"loop_running","heartbeat":63}
2026-09-17T17:15:05.943+00:00	{"v":1,"type":"log","session":"s3-af6e27ac-340-e77eef3d","seq":137,"message":"sweep painted px,nx,py,ny,pz,nz","phase":64}
2026-09-17T17:15:05.945+00:00	{"v":1,"type":"heartbeat","session":"s3-af6e27ac-340-e77eef3d","seq":138,"firmware_env":"esp32-s3-zero","firmware_build":"Sep 18 2026 00:11:36","reset_reason":0,"reset_reason_name":"unknown","uptime_ms":131018,"truncated_lines":0,"stage":"loop_running","heartbeat":64}
2026-09-17T17:15:07.945+00:00	{"v":1,"type":"log","session":"s3-af6e27ac-340-e77eef3d","seq":139,"message":"sweep painted px,nx,py,ny,pz,nz","phase":65}
2026-09-17T17:15:07.947+00:00	{"v":1,"type":"heartbeat","session":"s3-af6e27ac-340-e77eef3d","seq":140,"firmware_env":"esp32-s3-zero","firmware_build":"Sep 18 2026 00:11:36","reset_reason":0,"reset_reason_name":"unknown","uptime_ms":133019,"truncated_lines":0,"stage":"loop_running","heartbeat":65}
2026-09-17T17:15:09.945+00:00	{"v":1,"type":"log","session":"s3-af6e27ac-340-e77eef3d","seq":141,"message":"sweep painted px,nx,py,ny,pz,nz","phase":66}
2026-09-17T17:15:09.948+00:00	{"v":1,"type":"heartbeat","session":"s3-af6e27ac-340-e77eef3d","seq":142,"firmware_env":"esp32-s3-zero","firmware_build":"Sep 18 2026 00:11:36","reset_reason":0,"reset_reason_name":"unknown","uptime_ms":135020,"truncated_lines":0,"stage":"loop_running","heartbeat":66}
2026-09-17T17:15:11.946+00:00	{"v":1,"type":"log","session":"s3-af6e27ac-340-e77eef3d","seq":143,"message":"sweep painted px,nx,py,ny,pz,nz","phase":67}
2026-09-17T17:15:11.948+00:00	{"v":1,"type":"heartbeat","session":"s3-af6e27ac-340-e77eef3d","seq":144,"firmware_env":"esp32-s3-zero","firmware_build":"Sep 18 2026 00:11:36","reset_reason":0,"reset_reason_name":"unknown","uptime_ms":137021,"truncated_lines":0,"stage":"loop_running","heartbeat":67}
2026-09-17T17:15:13.948+00:00	{"v":1,"type":"log","session":"s3-af6e27ac-340-e77eef3d","seq":145,"message":"sweep painted px,nx,py,ny,pz,nz","phase":68}
2026-09-17T17:15:13.949+00:00	{"v":1,"type":"heartbeat","session":"s3-af6e27ac-340-e77eef3d","seq":146,"firmware_env":"esp32-s3-zero","firmware_build":"Sep 18 2026 00:11:36","reset_reason":0,"reset_reason_name":"unknown","uptime_ms":139022,"truncated_lines":0,"stage":"loop_running","heartbeat":68}
2026-09-17T17:15:15.949+00:00	{"v":1,"type":"log","session":"s3-af6e27ac-340-e77eef3d","seq":147,"message":"sweep painted px,nx,py,ny,pz,nz","phase":69}
2026-09-17T17:15:15.950+00:00	{"v":1,"type":"heartbeat","session":"s3-af6e27ac-340-e77eef3d","seq":148,"firmware_env":"esp32-s3-zero","firmware_build":"Sep 18 2026 00:11:36","reset_reason":0,"reset_reason_name":"unknown","uptime_ms":141023,"truncated_lines":0,"stage":"loop_running","heartbeat":69}
2026-09-17T17:15:17.950+00:00	{"v":1,"type":"log","session":"s3-af6e27ac-340-e77eef3d","seq":149,"message":"sweep painted px,nx,py,ny,pz,nz","phase":70}
2026-09-17T17:15:17.951+00:00	{"v":1,"type":"heartbeat","session":"s3-af6e27ac-340-e77eef3d","seq":150,"firmware_env":"esp32-s3-zero","firmware_build":"Sep 18 2026 00:11:36","reset_reason":0,"reset_reason_name":"unknown","uptime_ms":143024,"truncated_lines":0,"stage":"loop_running","heartbeat":70}
2026-09-17T17:15:19.952+00:00	{"v":1,"type":"log","session":"s3-af6e27ac-340-e77eef3d","seq":151,"message":"sweep painted px,nx,py,ny,pz,nz","phase":71}
2026-09-17T17:15:19.954+00:00	{"v":1,"type":"heartbeat","session":"s3-af6e27ac-340-e77eef3d","seq":152,"firmware_env":"esp32-s3-zero","firmware_build":"Sep 18 2026 00:11:36","reset_reason":0,"reset_reason_name":"unknown","uptime_ms":145025,"truncated_lines":0,"stage":"loop_running","heartbeat":71}
2026-09-17T17:15:21.952+00:00	{"v":1,"type":"log","session":"s3-af6e27ac-340-e77eef3d","seq":153,"message":"sweep painted px,nx,py,ny,pz,nz","phase":72}
2026-09-17T17:15:21.955+00:00	{"v":1,"type":"heartbeat","session":"s3-af6e27ac-340-e77eef3d","seq":154,"firmware_env":"esp32-s3-zero","firmware_build":"Sep 18 2026 00:11:36","reset_reason":0,"reset_reason_name":"unknown","uptime_ms":147026,"truncated_lines":0,"stage":"loop_running","heartbeat":72}
2026-09-17T17:15:23.951+00:00	{"v":1,"type":"log","session":"s3-af6e27ac-340-e77eef3d","seq":155,"message":"sweep painted px,nx,py,ny,pz,nz","phase":73}
2026-09-17T17:15:23.953+00:00	{"v":1,"type":"heartbeat","session":"s3-af6e27ac-340-e77eef3d","seq":156,"firmware_env":"esp32-s3-zero","firmware_build":"Sep 18 2026 00:11:36","reset_reason":0,"reset_reason_name":"unknown","uptime_ms":149027,"truncated_lines":0,"stage":"loop_running","heartbeat":73}
2026-09-17T17:15:25.953+00:00	{"v":1,"type":"log","session":"s3-af6e27ac-340-e77eef3d","seq":157,"message":"sweep painted px,nx,py,ny,pz,nz","phase":74}
2026-09-17T17:15:27.955+00:00	{"v":1,"type":"heartbeat","session":"s3-af6e27ac-340-e77eef3d","seq":158,"firmware_env":"esp32-s3-zero","firmware_build":"Sep 18 2026 00:11:36","reset_reason":0,"reset_reason_name":"unknown","uptime_ms":151028,"truncated_lines":0,"stage":"loop_running","heartbeat":74}
2026-09-17T17:15:27.959+00:00	{"v":1,"type":"log","session":"s3-af6e27ac-340-e77eef3d","seq":159,"message":"sweep painted px,nx,py,ny,pz,nz","phase":75}
2026-09-17T17:15:27.963+00:00	{"v":1,"type":"heartbeat","session":"s3-af6e27ac-340-e77eef3d","seq":160,"firmware_env":"esp32-s3-zero","firmware_build":"Sep 18 2026 00:11:36","reset_reason":0,"reset_reason_name":"unknown","uptime_ms":153029,"truncated_lines":0,"stage":"loop_running","heartbeat":75}
2026-09-17T17:15:29.954+00:00	{"v":1,"type":"log","session":"s3-af6e27ac-340-e77eef3d","seq":161,"message":"sweep painted px,nx,py,ny,pz,nz","phase":76}
2026-09-17T17:15:29.955+00:00	{"v":1,"type":"heartbeat","session":"s3-af6e27ac-340-e77eef3d","seq":162,"firmware_env":"esp32-s3-zero","firmware_build":"Sep 18 2026 00:11:36","reset_reason":0,"reset_reason_name":"unknown","uptime_ms":155030,"truncated_lines":0,"stage":"loop_running","heartbeat":76}
2026-09-17T17:15:31.955+00:00	{"v":1,"type":"log","session":"s3-af6e27ac-340-e77eef3d","seq":163,"message":"sweep painted px,nx,py,ny,pz,nz","phase":77}
2026-09-17T17:15:31.956+00:00	{"v":1,"type":"heartbeat","session":"s3-af6e27ac-340-e77eef3d","seq":164,"firmware_env":"esp32-s3-zero","firmware_build":"Sep 18 2026 00:11:36","reset_reason":0,"reset_reason_name":"unknown","uptime_ms":157031,"truncated_lines":0,"stage":"loop_running","heartbeat":77}
2026-09-17T17:15:33.956+00:00	{"v":1,"type":"log","session":"s3-af6e27ac-340-e77eef3d","seq":165,"message":"sweep painted px,nx,py,ny,pz,nz","phase":78}
2026-09-17T17:15:33.957+00:00	{"v":1,"type":"heartbeat","session":"s3-af6e27ac-340-e77eef3d","seq":166,"firmware_env":"esp32-s3-zero","firmware_build":"Sep 18 2026 00:11:36","reset_reason":0,"reset_reason_name":"unknown","uptime_ms":159032,"truncated_lines":0,"stage":"loop_running","heartbeat":78}
2026-09-17T17:15:35.957+00:00	{"v":1,"type":"log","session":"s3-af6e27ac-340-e77eef3d","seq":167,"message":"sweep painted px,nx,py,ny,pz,nz","phase":79}
2026-09-17T17:15:35.958+00:00	{"v":1,"type":"heartbeat","session":"s3-af6e27ac-340-e77eef3d","seq":168,"firmware_env":"esp32-s3-zero","firmware_build":"Sep 18 2026 00:11:36","reset_reason":0,"reset_reason_name":"unknown","uptime_ms":161033,"truncated_lines":0,"stage":"loop_running","heartbeat":79}
2026-09-17T17:15:37.958+00:00	{"v":1,"type":"log","session":"s3-af6e27ac-340-e77eef3d","seq":169,"message":"sweep painted px,nx,py,ny,pz,nz","phase":80}
2026-09-17T17:15:37.959+00:00	{"v":1,"type":"heartbeat","session":"s3-af6e27ac-340-e77eef3d","seq":170,"firmware_env":"esp32-s3-zero","firmware_build":"Sep 18 2026 00:11:36","reset_reason":0,"reset_reason_name":"unknown","uptime_ms":163034,"truncated_lines":0,"stage":"loop_running","heartbeat":80}
2026-09-17T17:15:39.960+00:00	{"v":1,"type":"log","session":"s3-af6e27ac-340-e77eef3d","seq":171,"message":"sweep painted px,nx,py,ny,pz,nz","phase":81}
2026-09-17T17:15:39.962+00:00	{"v":1,"type":"heartbeat","session":"s3-af6e27ac-340-e77eef3d","seq":172,"firmware_env":"esp32-s3-zero","firmware_build":"Sep 18 2026 00:11:36","reset_reason":0,"reset_reason_name":"unknown","uptime_ms":165035,"truncated_lines":0,"stage":"loop_running","heartbeat":81}
2026-09-17T17:15:41.960+00:00	{"v":1,"type":"log","session":"s3-af6e27ac-340-e77eef3d","seq":173,"message":"sweep painted px,nx,py,ny,pz,nz","phase":82}
2026-09-17T17:15:41.961+00:00	{"v":1,"type":"heartbeat","session":"s3-af6e27ac-340-e77eef3d","seq":174,"firmware_env":"esp32-s3-zero","firmware_build":"Sep 18 2026 00:11:36","reset_reason":0,"reset_reason_name":"unknown","uptime_ms":167036,"truncated_lines":0,"stage":"loop_running","heartbeat":82}
2026-09-17T17:15:43.961+00:00	{"v":1,"type":"log","session":"s3-af6e27ac-340-e77eef3d","seq":175,"message":"sweep painted px,nx,py,ny,pz,nz","phase":83}
2026-09-17T17:15:43.961+00:00	{"v":1,"type":"heartbeat","session":"s3-af6e27ac-340-e77eef3d","seq":176,"firmware_env":"esp32-s3-zero","firmware_build":"Sep 18 2026 00:11:36","reset_reason":0,"reset_reason_name":"unknown","uptime_ms":169037,"truncated_lines":0,"stage":"loop_running","heartbeat":83}
2026-09-17T17:15:45.963+00:00	{"v":1,"type":"log","session":"s3-af6e27ac-340-e77eef3d","seq":177,"message":"sweep painted px,nx,py,ny,pz,nz","phase":84}
2026-09-17T17:15:45.965+00:00	{"v":1,"type":"heartbeat","session":"s3-af6e27ac-340-e77eef3d","seq":178,"firmware_env":"esp32-s3-zero","firmware_build":"Sep 18 2026 00:11:36","reset_reason":0,"reset_reason_name":"unknown","uptime_ms":171038,"truncated_lines":0,"stage":"loop_running","heartbeat":84}
2026-09-17T17:15:47.965+00:00	{"v":1,"type":"log","session":"s3-af6e27ac-340-e77eef3d","seq":179,"message":"sweep painted px,nx,py,ny,pz,nz","phase":85}
2026-09-17T17:15:47.969+00:00	{"v":1,"type":"heartbeat","session":"s3-af6e27ac-340-e77eef3d","seq":180,"firmware_env":"esp32-s3-zero","firmware_build":"Sep 18 2026 00:11:36","reset_reason":0,"reset_reason_name":"unknown","uptime_ms":173039,"truncated_lines":0,"stage":"loop_running","heartbeat":85}
