2026-09-17T16:53:56.483+00:00	{"v":1,"type":"log","session":"s3-af6e27ac-340-3eb02a06","seq":5,"message":"sweep initialized face nx on CS3"}
2026-09-17T16:53:56.982+00:00	{"v":1,"type":"log","session":"s3-af6e27ac-340-3eb02a06","seq":6,"message":"sweep initialized face py on CS4"}
2026-09-17T16:53:57.482+00:00	{"v":1,"type":"log","session":"s3-af6e27ac-340-3eb02a06","seq":7,"message":"sweep initialized face ny on CS5"}
2026-09-17T16:53:57.982+00:00	{"v":1,"type":"log","session":"s3-af6e27ac-340-3eb02a06","seq":8,"message":"sweep initialized face pz on CS6"}
2026-09-17T16:53:58.482+00:00	{"v":1,"type":"log","session":"s3-af6e27ac-340-3eb02a06","seq":9,"message":"sweep initialized face nz on CS7"}
2026-09-17T16:54:00.217+00:00	{"v":1,"type":"log","session":"s3-af6e27ac-340-3eb02a06","seq":10,"message":"sweep painted px,nx,py,ny,pz,nz","phase":1}
2026-09-17T16:54:00.218+00:00	{"v":1,"type":"hello","session":"s3-af6e27ac-340-3eb02a06","seq":11,"device":"deep-sphere-v1","inputs":"keyboard","yaw_source":"none","asset_pack":"luna-04-ocean-atlas","renderer":"procedural-live-ocean","scene_version":2,"panels":"px,nx,py,ny,pz,nz","firmware_env":"esp32-s3-zero","firmware_build":"Sep 17 2026 23:36:02","reset_reason":0,"reset_reason_name":"unknown","uptime_ms":5220,"truncated_lines":0,"stage":"serial_ready"}
2026-09-17T16:54:00.219+00:00	{"v":1,"type":"heartbeat","session":"s3-af6e27ac-340-3eb02a06","seq":12,"firmware_env":"esp32-s3-zero","firmware_build":"Sep 17 2026 23:36:02","reset_reason":0,"reset_reason_name":"unknown","uptime_ms":5221,"truncated_lines":0,"stage":"loop_running","heartbeat":1}
2026-09-17T16:54:01.952+00:00	{"v":1,"type":"log","session":"s3-af6e27ac-340-3eb02a06","seq":13,"message":"sweep painted px,nx,py,ny,pz,nz","phase":2}
2026-09-17T16:54:01.953+00:00	{"v":1,"type":"heartbeat","session":"s3-af6e27ac-340-3eb02a06","seq":14,"firmware_env":"esp32-s3-zero","firmware_build":"Sep 17 2026 23:36:02","reset_reason":0,"reset_reason_name":"unknown","uptime_ms":6956,"truncated_lines":0,"stage":"loop_running","heartbeat":2}
2026-09-17T16:54:03.954+00:00	{"v":1,"type":"log","session":"s3-af6e27ac-340-3eb02a06","seq":15,"message":"sweep painted px,nx,py,ny,pz,nz","phase":3}
2026-09-17T16:54:03.957+00:00	{"v":1,"type":"heartbeat","session":"s3-af6e27ac-340-3eb02a06","seq":16,"firmware_env":"esp32-s3-zero","firmware_build":"Sep 17 2026 23:36:02","reset_reason":0,"reset_reason_name":"unknown","uptime_ms":8957,"truncated_lines":0,"stage":"loop_running","heartbeat":3}
2026-09-17T16:54:05.956+00:00	{"v":1,"type":"log","session":"s3-af6e27ac-340-3eb02a06","seq":17,"message":"sweep painted px,nx,py,ny,pz,nz","phase":4}
2026-09-17T16:54:05.958+00:00	{"v":1,"type":"heartbeat","session":"s3-af6e27ac-340-3eb02a06","seq":18,"firmware_env":"esp32-s3-zero","firmware_build":"Sep 17 2026 23:36:02","reset_reason":0,"reset_reason_name":"unknown","uptime_ms":10958,"truncated_lines":0,"stage":"loop_running","heartbeat":4}
2026-09-17T16:54:07.955+00:00	{"v":1,"type":"log","session":"s3-af6e27ac-340-3eb02a06","seq":19,"message":"sweep painted px,nx,py,ny,pz,nz","phase":5}
2026-09-17T16:54:07.956+00:00	{"v":1,"type":"heartbeat","session":"s3-af6e27ac-340-3eb02a06","seq":20,"firmware_env":"esp32-s3-zero","firmware_build":"Sep 17 2026 23:36:02","reset_reason":0,"reset_reason_name":"unknown","uptime_ms":12959,"truncated_lines":0,"stage":"loop_running","heartbeat":5}
2026-09-17T16:54:09.956+00:00	{"v":1,"type":"log","session":"s3-af6e27ac-340-3eb02a06","seq":21,"message":"sweep painted px,nx,py,ny,pz,nz","phase":6}
2026-09-17T16:54:09.957+00:00	{"v":1,"type":"heartbeat","session":"s3-af6e27ac-340-3eb02a06","seq":22,"firmware_env":"esp32-s3-zero","firmware_build":"Sep 17 2026 23:36:02","reset_reason":0,"reset_reason_name":"unknown","uptime_ms":14960,"truncated_lines":0,"stage":"loop_running","heartbeat":6}
2026-09-17T16:54:11.959+00:00	{"v":1,"type":"log","session":"s3-af6e27ac-340-3eb02a06","seq":23,"message":"sweep painted px,nx,py,ny,pz,nz","phase":7}
2026-09-17T16:54:11.962+00:00	{"v":1,"type":"heartbeat","session":"s3-af6e27ac-340-3eb02a06","seq":24,"firmware_env":"esp32-s3-zero","firmware_build":"Sep 17 2026 23:36:02","reset_reason":0,"reset_reason_name":"unknown","uptime_ms":16961,"truncated_lines":0,"stage":"loop_running","heartbeat":7}
2026-09-17T16:54:13.960+00:00	{"v":1,"type":"log","session":"s3-af6e27ac-340-3eb02a06","seq":25,"message":"sweep painted px,nx,py,ny,pz,nz","phase":8}
2026-09-17T16:54:13.962+00:00	{"v":1,"type":"heartbeat","session":"s3-af6e27ac-340-3eb02a06","seq":26,"firmware_env":"esp32-s3-zero","firmware_build":"Sep 17 2026 23:36:02","reset_reason":0,"reset_reason_name":"unknown","uptime_ms":18962,"truncated_lines":0,"stage":"loop_running","heartbeat":8}
2026-09-17T16:54:15.959+00:00	{"v":1,"type":"log","session":"s3-af6e27ac-340-3eb02a06","seq":27,"message":"sweep painted px,nx,py,ny,pz,nz","phase":9}
2026-09-17T16:54:15.960+00:00	{"v":1,"type":"heartbeat","session":"s3-af6e27ac-340-3eb02a06","seq":28,"firmware_env":"esp32-s3-zero","firmware_build":"Sep 17 2026 23:36:02","reset_reason":0,"reset_reason_name":"unknown","uptime_ms":20963,"truncated_lines":0,"stage":"loop_running","heartbeat":9}
2026-09-17T16:54:17.961+00:00	{"v":1,"type":"log","session":"s3-af6e27ac-340-3eb02a06","seq":29,"message":"sweep painted px,nx,py,ny,pz,nz","phase":10}
2026-09-17T16:54:17.964+00:00	{"v":1,"type":"heartbeat","session":"s3-af6e27ac-340-3eb02a06","seq":30,"firmware_env":"esp32-s3-zero","firmware_build":"Sep 17 2026 23:36:02","reset_reason":0,"reset_reason_name":"unknown","uptime_ms":22964,"truncated_lines":0,"stage":"loop_running","heartbeat":10}
2026-09-17T16:54:19.961+00:00	{"v":1,"type":"log","session":"s3-af6e27ac-340-3eb02a06","seq":31,"message":"sweep painted px,nx,py,ny,pz,nz","phase":11}
2026-09-17T16:54:19.963+00:00	{"v":1,"type":"heartbeat","session":"s3-af6e27ac-340-3eb02a06","seq":32,"firmware_env":"esp32-s3-zero","firmware_build":"Sep 17 2026 23:36:02","reset_reason":0,"reset_reason_name":"unknown","uptime_ms":24965,"truncated_lines":0,"stage":"loop_running","heartbeat":11}
2026-09-17T16:54:21.963+00:00	{"v":1,"type":"log","session":"s3-af6e27ac-340-3eb02a06","seq":33,"message":"sweep painted px,nx,py,ny,pz,nz","phase":12}
2026-09-17T16:54:21.968+00:00	{"v":1,"type":"heartbeat","session":"s3-af6e27ac-340-3eb02a06","seq":34,"firmware_env":"esp32-s3-zero","firmware_build":"Sep 17 2026 23:36:02","reset_reason":0,"reset_reason_name":"unknown","uptime_ms":26966,"truncated_lines":0,"stage":"loop_running","heartbeat":12}
2026-09-17T16:54:23.963+00:00	{"v":1,"type":"log","session":"s3-af6e27ac-340-3eb02a06","seq":35,"message":"sweep painted px,nx,py,ny,pz,nz","phase":13}
2026-09-17T16:54:23.964+00:00	{"v":1,"type":"heartbeat","session":"s3-af6e27ac-340-3eb02a06","seq":36,"firmware_env":"esp32-s3-zero","firmware_build":"Sep 17 2026 23:36:02","reset_reason":0,"reset_reason_name":"unknown","uptime_ms":28967,"truncated_lines":0,"stage":"loop_running","heartbeat":13}
2026-09-17T16:54:25.965+00:00	{"v":1,"type":"log","session":"s3-af6e27ac-340-3eb02a06","seq":37,"message":"sweep painted px,nx,py,ny,pz,nz","phase":14}
2026-09-17T16:54:25.967+00:00	{"v":1,"type":"heartbeat","session":"s3-af6e27ac-340-3eb02a06","seq":38,"firmware_env":"esp32-s3-zero","firmware_build":"Sep 17 2026 23:36:02","reset_reason":0,"reset_reason_name":"unknown","uptime_ms":30968,"truncated_lines":0,"stage":"loop_running","heartbeat":14}
2026-09-17T16:54:27.966+00:00	{"v":1,"type":"log","session":"s3-af6e27ac-340-3eb02a06","seq":39,"message":"sweep painted px,nx,py,ny,pz,nz","phase":15}
2026-09-17T16:54:27.968+00:00	{"v":1,"type":"heartbeat","session":"s3-af6e27ac-340-3eb02a06","seq":40,"firmware_env":"esp32-s3-zero","firmware_build":"Sep 17 2026 23:36:02","reset_reason":0,"reset_reason_name":"unknown","uptime_ms":32969,"truncated_lines":0,"stage":"loop_running","heartbeat":15}
2026-09-17T16:54:29.967+00:00	{"v":1,"type":"log","session":"s3-af6e27ac-340-3eb02a06","seq":41,"message":"sweep painted px,nx,py,ny,pz,nz","phase":16}
2026-09-17T16:54:29.972+00:00	{"v":1,"type":"heartbeat","session":"s3-af6e27ac-340-3eb02a06","seq":42,"firmware_env":"esp32-s3-zero","firmware_build":"Sep 17 2026 23:36:02","reset_reason":0,"reset_reason_name":"unknown","uptime_ms":34970,"truncated_lines":0,"stage":"loop_running","heartbeat":16}
2026-09-17T16:54:31.967+00:00	{"v":1,"type":"log","session":"s3-af6e27ac-340-3eb02a06","seq":43,"message":"sweep painted px,nx,py,ny,pz,nz","phase":17}
2026-09-17T16:54:31.970+00:00	{"v":1,"type":"heartbeat","session":"s3-af6e27ac-340-3eb02a06","seq":44,"firmware_env":"esp32-s3-zero","firmware_build":"Sep 17 2026 23:36:02","reset_reason":0,"reset_reason_name":"unknown","uptime_ms":36971,"truncated_lines":0,"stage":"loop_running","heartbeat":17}
2026-09-17T16:54:33.968+00:00	{"v":1,"type":"log","session":"s3-af6e27ac-340-3eb02a06","seq":45,"message":"sweep painted px,nx,py,ny,pz,nz","phase":18}
2026-09-17T16:54:33.971+00:00	{"v":1,"type":"heartbeat","session":"s3-af6e27ac-340-3eb02a06","seq":46,"firmware_env":"esp32-s3-zero","firmware_build":"Sep 17 2026 23:36:02","reset_reason":0,"reset_reason_name":"unknown","uptime_ms":38972,"truncated_lines":0,"stage":"loop_running","heartbeat":18}
2026-09-17T16:54:35.968+00:00	{"v":1,"type":"log","session":"s3-af6e27ac-340-3eb02a06","seq":47,"message":"sweep painted px,nx,py,ny,pz,nz","phase":19}
2026-09-17T16:54:35.969+00:00	{"v":1,"type":"heartbeat","session":"s3-af6e27ac-340-3eb02a06","seq":48,"firmware_env":"esp32-s3-zero","firmware_build":"Sep 17 2026 23:36:02","reset_reason":0,"reset_reason_name":"unknown","uptime_ms":40973,"truncated_lines":0,"stage":"loop_running","heartbeat":19}
2026-09-17T16:54:37.969+00:00	{"v":1,"type":"log","session":"s3-af6e27ac-340-3eb02a06","seq":49,"message":"sweep painted px,nx,py,ny,pz,nz","phase":20}
2026-09-17T16:54:37.970+00:00	{"v":1,"type":"heartbeat","session":"s3-af6e27ac-340-3eb02a06","seq":50,"firmware_env":"esp32-s3-zero","firmware_build":"Sep 17 2026 23:36:02","reset_reason":0,"reset_reason_name":"unknown","uptime_ms":42974,"truncated_lines":0,"stage":"loop_running","heartbeat":20}
2026-09-17T16:54:39.972+00:00	{"v":1,"type":"log","session":"s3-af6e27ac-340-3eb02a06","seq":51,"message":"sweep painted px,nx,py,ny,pz,nz","phase":21}
2026-09-17T16:54:39.973+00:00	{"v":1,"type":"heartbeat","session":"s3-af6e27ac-340-3eb02a06","seq":52,"firmware_env":"esp32-s3-zero","firmware_build":"Sep 17 2026 23:36:02","reset_reason":0,"reset_reason_name":"unknown","uptime_ms":44975,"truncated_lines":0,"stage":"loop_running","heartbeat":21}
2026-09-17T16:54:41.973+00:00	{"v":1,"type":"log","session":"s3-af6e27ac-340-3eb02a06","seq":53,"message":"sweep painted px,nx,py,ny,pz,nz","phase":22}
2026-09-17T16:54:41.974+00:00	{"v":1,"type":"heartbeat","session":"s3-af6e27ac-340-3eb02a06","seq":54,"firmware_env":"esp32-s3-zero","firmware_build":"Sep 17 2026 23:36:02","reset_reason":0,"reset_reason_name":"unknown","uptime_ms":46976,"truncated_lines":0,"stage":"loop_running","heartbeat":22}
2026-09-17T16:54:43.972+00:00	{"v":1,"type":"log","session":"s3-af6e27ac-340-3eb02a06","seq":55,"message":"sweep painted px,nx,py,ny,pz,nz","phase":23}
2026-09-17T16:54:43.974+00:00	{"v":1,"type":"heartbeat","session":"s3-af6e27ac-340-3eb02a06","seq":56,"firmware_env":"esp32-s3-zero","firmware_build":"Sep 17 2026 23:36:02","reset_reason":0,"reset_reason_name":"unknown","uptime_ms":48977,"truncated_lines":0,"stage":"loop_running","heartbeat":23}
