2026-09-17T14:44:02.945+00:00	{"v":1,"type":"log","session":"s3-af6e27ac-340-4661c91a","seq":5,"message":"sweep initialized face nx on CS13"}
2026-09-17T14:44:03.444+00:00	{"v":1,"type":"log","session":"s3-af6e27ac-340-4661c91a","seq":6,"message":"sweep initialized face py on CS4"}
2026-09-17T14:44:03.945+00:00	{"v":1,"type":"log","session":"s3-af6e27ac-340-4661c91a","seq":7,"message":"sweep initialized face ny on CS5"}
2026-09-17T14:44:04.444+00:00	{"v":1,"type":"log","session":"s3-af6e27ac-340-4661c91a","seq":8,"message":"sweep initialized face pz on CS6"}
2026-09-17T14:44:04.944+00:00	{"v":1,"type":"log","session":"s3-af6e27ac-340-4661c91a","seq":9,"message":"sweep initialized face nz on CS7"}
2026-09-17T14:44:06.678+00:00	{"v":1,"type":"log","session":"s3-af6e27ac-340-4661c91a","seq":10,"message":"sweep painted px,nx,py,ny,pz,nz","phase":1}
2026-09-17T14:44:06.679+00:00	{"v":1,"type":"hello","session":"s3-af6e27ac-340-4661c91a","seq":11,"device":"deep-sphere-v1","inputs":"keyboard","yaw_source":"none","asset_pack":"luna-04-ocean-atlas","renderer":"procedural-live-ocean","scene_version":2,"panels":"px,nx,py,ny,pz,nz","firmware_env":"esp32-s3-zero","firmware_build":"Sep 17 2026 21:19:11","reset_reason":0,"reset_reason_name":"unknown","uptime_ms":5220,"truncated_lines":0,"stage":"serial_ready"}
2026-09-17T14:44:06.681+00:00	{"v":1,"type":"heartbeat","session":"s3-af6e27ac-340-4661c91a","seq":12,"firmware_env":"esp32-s3-zero","firmware_build":"Sep 17 2026 21:19:11","reset_reason":0,"reset_reason_name":"unknown","uptime_ms":5221,"truncated_lines":0,"stage":"loop_running","heartbeat":1}
2026-09-17T14:44:08.413+00:00	{"v":1,"type":"log","session":"s3-af6e27ac-340-4661c91a","seq":13,"message":"sweep painted px,nx,py,ny,pz,nz","phase":2}
2026-09-17T14:44:08.414+00:00	{"v":1,"type":"heartbeat","session":"s3-af6e27ac-340-4661c91a","seq":14,"firmware_env":"esp32-s3-zero","firmware_build":"Sep 17 2026 21:19:11","reset_reason":0,"reset_reason_name":"unknown","uptime_ms":6956,"truncated_lines":0,"stage":"loop_running","heartbeat":2}
2026-09-17T14:44:10.415+00:00	{"v":1,"type":"log","session":"s3-af6e27ac-340-4661c91a","seq":15,"message":"sweep painted px,nx,py,ny,pz,nz","phase":3}
2026-09-17T14:44:10.416+00:00	{"v":1,"type":"heartbeat","session":"s3-af6e27ac-340-4661c91a","seq":16,"firmware_env":"esp32-s3-zero","firmware_build":"Sep 17 2026 21:19:11","reset_reason":0,"reset_reason_name":"unknown","uptime_ms":8957,"truncated_lines":0,"stage":"loop_running","heartbeat":3}
2026-09-17T14:44:12.416+00:00	{"v":1,"type":"log","session":"s3-af6e27ac-340-4661c91a","seq":17,"message":"sweep painted px,nx,py,ny,pz,nz","phase":4}
2026-09-17T14:44:12.417+00:00	{"v":1,"type":"heartbeat","session":"s3-af6e27ac-340-4661c91a","seq":18,"firmware_env":"esp32-s3-zero","firmware_build":"Sep 17 2026 21:19:11","reset_reason":0,"reset_reason_name":"unknown","uptime_ms":10958,"truncated_lines":0,"stage":"loop_running","heartbeat":4}
2026-09-17T14:44:14.418+00:00	{"v":1,"type":"log","session":"s3-af6e27ac-340-4661c91a","seq":19,"message":"sweep painted px,nx,py,ny,pz,nz","phase":5}
2026-09-17T14:44:14.419+00:00	{"v":1,"type":"heartbeat","session":"s3-af6e27ac-340-4661c91a","seq":20,"firmware_env":"esp32-s3-zero","firmware_build":"Sep 17 2026 21:19:11","reset_reason":0,"reset_reason_name":"unknown","uptime_ms":12959,"truncated_lines":0,"stage":"loop_running","heartbeat":5}
2026-09-17T14:44:16.418+00:00	{"v":1,"type":"log","session":"s3-af6e27ac-340-4661c91a","seq":21,"message":"sweep painted px,nx,py,ny,pz,nz","phase":6}
2026-09-17T14:44:16.420+00:00	{"v":1,"type":"heartbeat","session":"s3-af6e27ac-340-4661c91a","seq":22,"firmware_env":"esp32-s3-zero","firmware_build":"Sep 17 2026 21:19:11","reset_reason":0,"reset_reason_name":"unknown","uptime_ms":14960,"truncated_lines":0,"stage":"loop_running","heartbeat":6}
2026-09-17T14:44:18.419+00:00	{"v":1,"type":"log","session":"s3-af6e27ac-340-4661c91a","seq":23,"message":"sweep painted px,nx,py,ny,pz,nz","phase":7}
2026-09-17T14:44:18.420+00:00	{"v":1,"type":"heartbeat","session":"s3-af6e27ac-340-4661c91a","seq":24,"firmware_env":"esp32-s3-zero","firmware_build":"Sep 17 2026 21:19:11","reset_reason":0,"reset_reason_name":"unknown","uptime_ms":16961,"truncated_lines":0,"stage":"loop_running","heartbeat":7}
2026-09-17T14:44:20.420+00:00	{"v":1,"type":"log","session":"s3-af6e27ac-340-4661c91a","seq":25,"message":"sweep painted px,nx,py,ny,pz,nz","phase":8}
2026-09-17T14:44:20.422+00:00	{"v":1,"type":"heartbeat","session":"s3-af6e27ac-340-4661c91a","seq":26,"firmware_env":"esp32-s3-zero","firmware_build":"Sep 17 2026 21:19:11","reset_reason":0,"reset_reason_name":"unknown","uptime_ms":18962,"truncated_lines":0,"stage":"loop_running","heartbeat":8}
2026-09-17T14:44:22.422+00:00	{"v":1,"type":"log","session":"s3-af6e27ac-340-4661c91a","seq":27,"message":"sweep painted px,nx,py,ny,pz,nz","phase":9}
2026-09-17T14:44:22.423+00:00	{"v":1,"type":"heartbeat","session":"s3-af6e27ac-340-4661c91a","seq":28,"firmware_env":"esp32-s3-zero","firmware_build":"Sep 17 2026 21:19:11","reset_reason":0,"reset_reason_name":"unknown","uptime_ms":20963,"truncated_lines":0,"stage":"loop_running","heartbeat":9}
2026-09-17T14:44:24.424+00:00	{"v":1,"type":"log","session":"s3-af6e27ac-340-4661c91a","seq":29,"message":"sweep painted px,nx,py,ny,pz,nz","phase":10}
2026-09-17T14:44:24.427+00:00	{"v":1,"type":"heartbeat","session":"s3-af6e27ac-340-4661c91a","seq":30,"firmware_env":"esp32-s3-zero","firmware_build":"Sep 17 2026 21:19:11","reset_reason":0,"reset_reason_name":"unknown","uptime_ms":22964,"truncated_lines":0,"stage":"loop_running","heartbeat":10}
2026-09-17T14:44:26.424+00:00	{"v":1,"type":"log","session":"s3-af6e27ac-340-4661c91a","seq":31,"message":"sweep painted px,nx,py,ny,pz,nz","phase":11}
2026-09-17T14:44:26.426+00:00	{"v":1,"type":"heartbeat","session":"s3-af6e27ac-340-4661c91a","seq":32,"firmware_env":"esp32-s3-zero","firmware_build":"Sep 17 2026 21:19:11","reset_reason":0,"reset_reason_name":"unknown","uptime_ms":24965,"truncated_lines":0,"stage":"loop_running","heartbeat":11}
2026-09-17T14:44:28.425+00:00	{"v":1,"type":"log","session":"s3-af6e27ac-340-4661c91a","seq":33,"message":"sweep painted px,nx,py,ny,pz,nz","phase":12}
2026-09-17T14:44:28.428+00:00	{"v":1,"type":"heartbeat","session":"s3-af6e27ac-340-4661c91a","seq":34,"firmware_env":"esp32-s3-zero","firmware_build":"Sep 17 2026 21:19:11","reset_reason":0,"reset_reason_name":"unknown","uptime_ms":26966,"truncated_lines":0,"stage":"loop_running","heartbeat":12}
2026-09-17T14:44:30.425+00:00	{"v":1,"type":"log","session":"s3-af6e27ac-340-4661c91a","seq":35,"message":"sweep painted px,nx,py,ny,pz,nz","phase":13}
2026-09-17T14:44:30.427+00:00	{"v":1,"type":"heartbeat","session":"s3-af6e27ac-340-4661c91a","seq":36,"firmware_env":"esp32-s3-zero","firmware_build":"Sep 17 2026 21:19:11","reset_reason":0,"reset_reason_name":"unknown","uptime_ms":28967,"truncated_lines":0,"stage":"loop_running","heartbeat":13}
2026-09-17T14:44:32.425+00:00	{"v":1,"type":"log","session":"s3-af6e27ac-340-4661c91a","seq":37,"message":"sweep painted px,nx,py,ny,pz,nz","phase":14}
2026-09-17T14:44:32.427+00:00	{"v":1,"type":"heartbeat","session":"s3-af6e27ac-340-4661c91a","seq":38,"firmware_env":"esp32-s3-zero","firmware_build":"Sep 17 2026 21:19:11","reset_reason":0,"reset_reason_name":"unknown","uptime_ms":30968,"truncated_lines":0,"stage":"loop_running","heartbeat":14}
2026-09-17T14:44:34.426+00:00	{"v":1,"type":"log","session":"s3-af6e27ac-340-4661c91a","seq":39,"message":"sweep painted px,nx,py,ny,pz,nz","phase":15}
2026-09-17T14:44:34.429+00:00	{"v":1,"type":"heartbeat","session":"s3-af6e27ac-340-4661c91a","seq":40,"firmware_env":"esp32-s3-zero","firmware_build":"Sep 17 2026 21:19:11","reset_reason":0,"reset_reason_name":"unknown","uptime_ms":32969,"truncated_lines":0,"stage":"loop_running","heartbeat":15}
2026-09-17T14:44:36.428+00:00	{"v":1,"type":"log","session":"s3-af6e27ac-340-4661c91a","seq":41,"message":"sweep painted px,nx,py,ny,pz,nz","phase":16}
2026-09-17T14:44:36.430+00:00	{"v":1,"type":"heartbeat","session":"s3-af6e27ac-340-4661c91a","seq":42,"firmware_env":"esp32-s3-zero","firmware_build":"Sep 17 2026 21:19:11","reset_reason":0,"reset_reason_name":"unknown","uptime_ms":34970,"truncated_lines":0,"stage":"loop_running","heartbeat":16}
2026-09-17T14:44:38.428+00:00	{"v":1,"type":"log","session":"s3-af6e27ac-340-4661c91a","seq":43,"message":"sweep painted px,nx,py,ny,pz,nz","phase":17}
2026-09-17T14:44:38.429+00:00	{"v":1,"type":"heartbeat","session":"s3-af6e27ac-340-4661c91a","seq":44,"firmware_env":"esp32-s3-zero","firmware_build":"Sep 17 2026 21:19:11","reset_reason":0,"reset_reason_name":"unknown","uptime_ms":36971,"truncated_lines":0,"stage":"loop_running","heartbeat":17}
2026-09-17T14:44:40.429+00:00	{"v":1,"type":"log","session":"s3-af6e27ac-340-4661c91a","seq":45,"message":"sweep painted px,nx,py,ny,pz,nz","phase":18}
2026-09-17T14:44:40.431+00:00	{"v":1,"type":"heartbeat","session":"s3-af6e27ac-340-4661c91a","seq":46,"firmware_env":"esp32-s3-zero","firmware_build":"Sep 17 2026 21:19:11","reset_reason":0,"reset_reason_name":"unknown","uptime_ms":38972,"truncated_lines":0,"stage":"loop_running","heartbeat":18}
2026-09-17T14:44:42.431+00:00	{"v":1,"type":"log","session":"s3-af6e27ac-340-4661c91a","seq":47,"message":"sweep painted px,nx,py,ny,pz,nz","phase":19}
2026-09-17T14:44:42.434+00:00	{"v":1,"type":"heartbeat","session":"s3-af6e27ac-340-4661c91a","seq":48,"firmware_env":"esp32-s3-zero","firmware_build":"Sep 17 2026 21:19:11","reset_reason":0,"reset_reason_name":"unknown","uptime_ms":40973,"truncated_lines":0,"stage":"loop_running","heartbeat":19}
2026-09-17T14:44:44.431+00:00	{"v":1,"type":"log","session":"s3-af6e27ac-340-4661c91a","seq":49,"message":"sweep painted px,nx,py,ny,pz,nz","phase":20}
2026-09-17T14:44:44.433+00:00	{"v":1,"type":"heartbeat","session":"s3-af6e27ac-340-4661c91a","seq":50,"firmware_env":"esp32-s3-zero","firmware_build":"Sep 17 2026 21:19:11","reset_reason":0,"reset_reason_name":"unknown","uptime_ms":42974,"truncated_lines":0,"stage":"loop_running","heartbeat":20}
2026-09-17T14:44:46.432+00:00	{"v":1,"type":"log","session":"s3-af6e27ac-340-4661c91a","seq":51,"message":"sweep painted px,nx,py,ny,pz,nz","phase":21}
2026-09-17T14:44:46.434+00:00	{"v":1,"type":"heartbeat","session":"s3-af6e27ac-340-4661c91a","seq":52,"firmware_env":"esp32-s3-zero","firmware_build":"Sep 17 2026 21:19:11","reset_reason":0,"reset_reason_name":"unknown","uptime_ms":44975,"truncated_lines":0,"stage":"loop_running","heartbeat":21}
2026-09-17T14:44:48.434+00:00	{"v":1,"type":"log","session":"s3-af6e27ac-340-4661c91a","seq":53,"message":"sweep painted px,nx,py,ny,pz,nz","phase":22}
2026-09-17T14:44:48.435+00:00	{"v":1,"type":"heartbeat","session":"s3-af6e27ac-340-4661c91a","seq":54,"firmware_env":"esp32-s3-zero","firmware_build":"Sep 17 2026 21:19:11","reset_reason":0,"reset_reason_name":"unknown","uptime_ms":46976,"truncated_lines":0,"stage":"loop_running","heartbeat":22}
2026-09-17T14:44:50.434+00:00	{"v":1,"type":"log","session":"s3-af6e27ac-340-4661c91a","seq":55,"message":"sweep painted px,nx,py,ny,pz,nz","phase":23}
2026-09-17T14:44:50.436+00:00	{"v":1,"type":"heartbeat","session":"s3-af6e27ac-340-4661c91a","seq":56,"firmware_env":"esp32-s3-zero","firmware_build":"Sep 17 2026 21:19:11","reset_reason":0,"reset_reason_name":"unknown","uptime_ms":48977,"truncated_lines":0,"stage":"loop_running","heartbeat":23}
2026-09-17T14:44:52.435+00:00	{"v":1,"type":"log","session":"s3-af6e27ac-340-4661c91a","seq":57,"message":"sweep painted px,nx,py,ny,pz,nz","phase":24}
2026-09-17T14:44:52.436+00:00	{"v":1,"type":"heartbeat","session":"s3-af6e27ac-340-4661c91a","seq":58,"firmware_env":"esp32-s3-zero","firmware_build":"Sep 17 2026 21:19:11","reset_reason":0,"reset_reason_name":"unknown","uptime_ms":50978,"truncated_lines":0,"stage":"loop_running","heartbeat":24}
2026-09-17T14:44:54.438+00:00	{"v":1,"type":"log","session":"s3-af6e27ac-340-4661c91a","seq":59,"message":"sweep painted px,nx,py,ny,pz,nz","phase":25}
2026-09-17T14:44:54.440+00:00	{"v":1,"type":"heartbeat","session":"s3-af6e27ac-340-4661c91a","seq":60,"firmware_env":"esp32-s3-zero","firmware_build":"Sep 17 2026 21:19:11","reset_reason":0,"reset_reason_name":"unknown","uptime_ms":52979,"truncated_lines":0,"stage":"loop_running","heartbeat":25}
2026-09-17T14:44:56.437+00:00	{"v":1,"type":"log","session":"s3-af6e27ac-340-4661c91a","seq":61,"message":"sweep painted px,nx,py,ny,pz,nz","phase":26}
2026-09-17T14:44:56.439+00:00	{"v":1,"type":"heartbeat","session":"s3-af6e27ac-340-4661c91a","seq":62,"firmware_env":"esp32-s3-zero","firmware_build":"Sep 17 2026 21:19:11","reset_reason":0,"reset_reason_name":"unknown","uptime_ms":54980,"truncated_lines":0,"stage":"loop_running","heartbeat":26}
2026-09-17T14:44:58.438+00:00	{"v":1,"type":"log","session":"s3-af6e27ac-340-4661c91a","seq":63,"message":"sweep painted px,nx,py,ny,pz,nz","phase":27}
2026-09-17T14:44:58.439+00:00	{"v":1,"type":"heartbeat","session":"s3-af6e27ac-340-4661c91a","seq":64,"firmware_env":"esp32-s3-zero","firmware_build":"Sep 17 2026 21:19:11","reset_reason":0,"reset_reason_name":"unknown","uptime_ms":56981,"truncated_lines":0,"stage":"loop_running","heartbeat":27}
2026-09-17T14:45:00.438+00:00	{"v":1,"type":"log","session":"s3-af6e27ac-340-4661c91a","seq":65,"message":"sweep painted px,nx,py,ny,pz,nz","phase":28}
2026-09-17T14:45:00.439+00:00	{"v":1,"type":"heartbeat","session":"s3-af6e27ac-340-4661c91a","seq":66,"firmware_env":"esp32-s3-zero","firmware_build":"Sep 17 2026 21:19:11","reset_reason":0,"reset_reason_name":"unknown","uptime_ms":58982,"truncated_lines":0,"stage":"loop_running","heartbeat":28}
2026-09-17T14:45:02.441+00:00	{"v":1,"type":"log","session":"s3-af6e27ac-340-4661c91a","seq":67,"message":"sweep painted px,nx,py,ny,pz,nz","phase":29}
2026-09-17T14:45:02.444+00:00	{"v":1,"type":"heartbeat","session":"s3-af6e27ac-340-4661c91a","seq":68,"firmware_env":"esp32-s3-zero","firmware_build":"Sep 17 2026 21:19:11","reset_reason":0,"reset_reason_name":"unknown","uptime_ms":60983,"truncated_lines":0,"stage":"loop_running","heartbeat":29}
2026-09-17T14:45:04.440+00:00	{"v":1,"type":"log","session":"s3-af6e27ac-340-4661c91a","seq":69,"message":"sweep painted px,nx,py,ny,pz,nz","phase":30}
2026-09-17T14:45:04.442+00:00	{"v":1,"type":"heartbeat","session":"s3-af6e27ac-340-4661c91a","seq":70,"firmware_env":"esp32-s3-zero","firmware_build":"Sep 17 2026 21:19:11","reset_reason":0,"reset_reason_name":"unknown","uptime_ms":62984,"truncated_lines":0,"stage":"loop_running","heartbeat":30}
2026-09-17T14:45:06.442+00:00	{"v":1,"type":"log","session":"s3-af6e27ac-340-4661c91a","seq":71,"message":"sweep painted px,nx,py,ny,pz,nz","phase":31}
2026-09-17T14:45:06.445+00:00	{"v":1,"type":"heartbeat","session":"s3-af6e27ac-340-4661c91a","seq":72,"firmware_env":"esp32-s3-zero","firmware_build":"Sep 17 2026 21:19:11","reset_reason":0,"reset_reason_name":"unknown","uptime_ms":64985,"truncated_lines":0,"stage":"loop_running","heartbeat":31}
2026-09-17T14:45:08.444+00:00	{"v":1,"type":"log","session":"s3-af6e27ac-340-4661c91a","seq":73,"message":"sweep painted px,nx,py,ny,pz,nz","phase":32}
2026-09-17T14:45:08.446+00:00	{"v":1,"type":"heartbeat","session":"s3-af6e27ac-340-4661c91a","seq":74,"firmware_env":"esp32-s3-zero","firmware_build":"Sep 17 2026 21:19:11","reset_reason":0,"reset_reason_name":"unknown","uptime_ms":66986,"truncated_lines":0,"stage":"loop_running","heartbeat":32}
2026-09-17T14:45:10.443+00:00	{"v":1,"type":"log","session":"s3-af6e27ac-340-4661c91a","seq":75,"message":"sweep painted px,nx,py,ny,pz,nz","phase":33}
2026-09-17T14:45:10.444+00:00	{"v":1,"type":"heartbeat","session":"s3-af6e27ac-340-4661c91a","seq":76,"firmware_env":"esp32-s3-zero","firmware_build":"Sep 17 2026 21:19:11","reset_reason":0,"reset_reason_name":"unknown","uptime_ms":68987,"truncated_lines":0,"stage":"loop_running","heartbeat":33}
